Archive member included to satisfy reference by file (symbol)

..\Middlewares\Third_Party\libscpi\dist\libscpi.a(error.o)
                              CMakeFiles/code.elf.dir/Applications/SCPI_Server/Src/scpi_server.c.obj (SCPI_ErrorPush)
..\Middlewares\Third_Party\libscpi\dist\libscpi.a(fifo.o)
                              ..\Middlewares\Third_Party\libscpi\dist\libscpi.a(error.o) (fifo_init)
..\Middlewares\Third_Party\libscpi\dist\libscpi.a(ieee488.o)
                              ..\Middlewares\Third_Party\libscpi\dist\libscpi.a(error.o) (SCPI_RegGet)
..\Middlewares\Third_Party\libscpi\dist\libscpi.a(minimal.o)
                              CMakeFiles/code.elf.dir/Applications/SCPI_Server/Src/scpi-def.c.obj (SCPI_StubQ)
..\Middlewares\Third_Party\libscpi\dist\libscpi.a(parser.o)
                              CMakeFiles/code.elf.dir/Applications/SCPI_Server/Src/scpi_server.c.obj (SCPI_Init)
..\Middlewares\Third_Party\libscpi\dist\libscpi.a(units.o)
                              CMakeFiles/code.elf.dir/Applications/SCPI_Server/Src/scpi_server.c.obj (scpi_units_def)
..\Middlewares\Third_Party\libscpi\dist\libscpi.a(utils.o)
                              ..\Middlewares\Third_Party\libscpi\dist\libscpi.a(parser.o) (strnpbrk)
..\Middlewares\Third_Party\libscpi\dist\libscpi.a(lexer.o)
                              ..\Middlewares\Third_Party\libscpi\dist\libscpi.a(parser.o) (scpiLex_IsEos)
..\Middlewares\Third_Party\libscpi\dist\libscpi.a(expression.o)
                              CMakeFiles/code.elf.dir/Applications/SCPI_Server/Src/scpi-def.c.obj (SCPI_ExprChannelListEntry)
s:/gnutoo~1/72018-~1/bin/../lib/gcc/arm-none-eabi/7.3.1/thumb/v7e-m/fpv4-sp/hard\libgcc.a(_arm_addsubdf3.o)
                              ..\Middlewares\Third_Party\libscpi\dist\libscpi.a(utils.o) (__aeabi_dadd)
s:/gnutoo~1/72018-~1/bin/../lib/gcc/arm-none-eabi/7.3.1/thumb/v7e-m/fpv4-sp/hard\libgcc.a(_arm_muldivdf3.o)
                              ..\Middlewares\Third_Party\libscpi\dist\libscpi.a(units.o) (__aeabi_dmul)
s:/gnutoo~1/72018-~1/bin/../lib/gcc/arm-none-eabi/7.3.1/thumb/v7e-m/fpv4-sp/hard\libgcc.a(_arm_cmpdf2.o)
                              ..\Middlewares\Third_Party\libscpi\dist\libscpi.a(units.o) (__aeabi_dcmpeq)
s:/gnutoo~1/72018-~1/bin/../lib/gcc/arm-none-eabi/7.3.1/thumb/v7e-m/fpv4-sp/hard\libgcc.a(_arm_unorddf2.o)
                              ..\Middlewares\Third_Party\libscpi\dist\libscpi.a(utils.o) (__aeabi_dcmpun)
s:/gnutoo~1/72018-~1/bin/../lib/gcc/arm-none-eabi/7.3.1/thumb/v7e-m/fpv4-sp/hard\libgcc.a(_arm_fixdfsi.o)
                              ..\Middlewares\Third_Party\libscpi\dist\libscpi.a(utils.o) (__aeabi_d2iz)
s:/gnutoo~1/72018-~1/bin/../lib/gcc/arm-none-eabi/7.3.1/thumb/v7e-m/fpv4-sp/hard\libgcc.a(_aeabi_uldivmod.o)
                              CMakeFiles/code.elf.dir/Drivers/STM32F7xx_HAL_Driver/Src/stm32f7xx_hal_rcc.c.obj (__aeabi_uldivmod)
s:/gnutoo~1/72018-~1/bin/../lib/gcc/arm-none-eabi/7.3.1/thumb/v7e-m/fpv4-sp/hard\libgcc.a(_udivmoddi4.o)
                              s:/gnutoo~1/72018-~1/bin/../lib/gcc/arm-none-eabi/7.3.1/thumb/v7e-m/fpv4-sp/hard\libgcc.a(_aeabi_uldivmod.o) (__udivmoddi4)
s:/gnutoo~1/72018-~1/bin/../lib/gcc/arm-none-eabi/7.3.1/thumb/v7e-m/fpv4-sp/hard\libgcc.a(_dvmd_tls.o)
                              s:/gnutoo~1/72018-~1/bin/../lib/gcc/arm-none-eabi/7.3.1/thumb/v7e-m/fpv4-sp/hard\libgcc.a(_aeabi_uldivmod.o) (__aeabi_ldiv0)
s:/gnutoo~1/72018-~1/bin/../lib/gcc/arm-none-eabi/7.3.1/../../../../arm-none-eabi/lib/thumb/v7e-m/fpv4-sp/hard\libg.a(lib_a-ctype_.o)
                              ..\Middlewares\Third_Party\libscpi\dist\libscpi.a(utils.o) (_ctype_)
s:/gnutoo~1/72018-~1/bin/../lib/gcc/arm-none-eabi/7.3.1/../../../../arm-none-eabi/lib/thumb/v7e-m/fpv4-sp/hard\libg.a(lib_a-exit.o)
                              s:/gnutoo~1/72018-~1/bin/../lib/gcc/arm-none-eabi/7.3.1/../../../../arm-none-eabi/lib/thumb/v7e-m/fpv4-sp/hard/crt0.o (exit)
s:/gnutoo~1/72018-~1/bin/../lib/gcc/arm-none-eabi/7.3.1/../../../../arm-none-eabi/lib/thumb/v7e-m/fpv4-sp/hard\libg.a(lib_a-fprintf.o)
                              CMakeFiles/code.elf.dir/Applications/SCPI_Server/Src/scpi-def.c.obj (fprintf)
s:/gnutoo~1/72018-~1/bin/../lib/gcc/arm-none-eabi/7.3.1/../../../../arm-none-eabi/lib/thumb/v7e-m/fpv4-sp/hard\libg.a(lib_a-fwrite.o)
                              CMakeFiles/code.elf.dir/Applications/SCPI_Server/Src/scpi-def.c.obj (fwrite)
s:/gnutoo~1/72018-~1/bin/../lib/gcc/arm-none-eabi/7.3.1/../../../../arm-none-eabi/lib/thumb/v7e-m/fpv4-sp/hard\libg.a(lib_a-impure.o)
                              s:/gnutoo~1/72018-~1/bin/../lib/gcc/arm-none-eabi/7.3.1/../../../../arm-none-eabi/lib/thumb/v7e-m/fpv4-sp/hard\libg.a(lib_a-exit.o) (_global_impure_ptr)
s:/gnutoo~1/72018-~1/bin/../lib/gcc/arm-none-eabi/7.3.1/../../../../arm-none-eabi/lib/thumb/v7e-m/fpv4-sp/hard\libg.a(lib_a-init.o)
[...]
Memory Configuration

Name             Origin             Length             Attributes
RAM              0x20000000         0x00080000         xrw
FLASH            0x00200000         0x00200000         xr
*default*        0x00000000         0xffffffff

Linker script and memory map

LOAD s:/gnutoo~1/72018-~1/bin/../lib/gcc/arm-none-eabi/7.3.1/thumb/v7e-m/fpv4-sp/hard/crti.o
LOAD s:/gnutoo~1/72018-~1/bin/../lib/gcc/arm-none-eabi/7.3.1/thumb/v7e-m/fpv4-sp/hard/crtbegin.o
LOAD s:/gnutoo~1/72018-~1/bin/../lib/gcc/arm-none-eabi/7.3.1/../../../../arm-none-eabi/lib/thumb/v7e-m/fpv4-sp/hard/crt0.o
LOAD CMakeFiles/code.elf.dir/Applications/SCPI_Server/Src/scpi-def.c.obj
LOAD CMakeFiles/code.elf.dir/Applications/SCPI_Server/Src/scpi_server.c.obj
LOAD CMakeFiles/code.elf.dir/Drivers/BSP/STM32F7xx_Nucleo_144/stm32f7xx_nucleo_144.c.obj
LOAD CMakeFiles/code.elf.dir/Drivers/STM32F7xx_HAL_Driver/Src/stm32f7xx_hal.c.obj
LOAD CMakeFiles/code.elf.dir/Drivers/STM32F7xx_HAL_Driver/Src/stm32f7xx_hal_cortex.c.obj
LOAD CMakeFiles/code.elf.dir/Drivers/STM32F7xx_HAL_Driver/Src/stm32f7xx_hal_dma.c.obj
LOAD CMakeFiles/code.elf.dir/Drivers/STM32F7xx_HAL_Driver/Src/stm32f7xx_hal_dma_ex.c.obj
LOAD CMakeFiles/code.elf.dir/Drivers/STM32F7xx_HAL_Driver/Src/stm32f7xx_hal_eth.c.obj
LOAD CMakeFiles/code.elf.dir/Drivers/STM32F7xx_HAL_Driver/Src/stm32f7xx_hal_flash.c.obj
LOAD CMakeFiles/code.elf.dir/Drivers/STM32F7xx_HAL_Driver/Src/stm32f7xx_hal_flash_ex.c.obj
LOAD CMakeFiles/code.elf.dir/Drivers/STM32F7xx_HAL_Driver/Src/stm32f7xx_hal_gpio.c.obj
LOAD CMakeFiles/code.elf.dir/Drivers/STM32F7xx_HAL_Driver/Src/stm32f7xx_hal_i2c.c.obj
LOAD CMakeFiles/code.elf.dir/Drivers/STM32F7xx_HAL_Driver/Src/stm32f7xx_hal_i2c_ex.c.obj
LOAD CMakeFiles/code.elf.dir/Drivers/STM32F7xx_HAL_Driver/Src/stm32f7xx_hal_pwr.c.obj
LOAD CMakeFiles/code.elf.dir/Drivers/STM32F7xx_HAL_Driver/Src/stm32f7xx_hal_pwr_ex.c.obj
LOAD CMakeFiles/code.elf.dir/Drivers/STM32F7xx_HAL_Driver/Src/stm32f7xx_hal_rcc.c.obj
LOAD CMakeFiles/code.elf.dir/Drivers/STM32F7xx_HAL_Driver/Src/stm32f7xx_hal_rcc_ex.c.obj
LOAD CMakeFiles/code.elf.dir/Drivers/STM32F7xx_HAL_Driver/Src/stm32f7xx_hal_tim.c.obj
LOAD CMakeFiles/code.elf.dir/Drivers/STM32F7xx_HAL_Driver/Src/stm32f7xx_hal_tim_ex.c.obj
LOAD CMakeFiles/code.elf.dir/Middlewares/Third_Party/FreeRTOS/Source/CMSIS_RTOS/cmsis_os.c.obj
LOAD CMakeFiles/code.elf.dir/Middlewares/Third_Party/FreeRTOS/Source/croutine.c.obj
LOAD CMakeFiles/code.elf.dir/Middlewares/Third_Party/FreeRTOS/Source/event_groups.c.obj
LOAD CMakeFiles/code.elf.dir/Middlewares/Third_Party/FreeRTOS/Source/list.c.obj
LOAD CMakeFiles/code.elf.dir/Middlewares/Third_Party/FreeRTOS/Source/portable/GCC/ARM_CM7/r0p1/port.c.obj
LOAD CMakeFiles/code.elf.dir/Middlewares/Third_Party/FreeRTOS/Source/portable/MemMang/heap_4.c.obj
LOAD CMakeFiles/code.elf.dir/Middlewares/Third_Party/FreeRTOS/Source/queue.c.obj
LOAD CMakeFiles/code.elf.dir/Middlewares/Third_Party/FreeRTOS/Source/tasks.c.obj
LOAD CMakeFiles/code.elf.dir/Middlewares/Third_Party/FreeRTOS/Source/timers.c.obj
LOAD CMakeFiles/code.elf.dir/Middlewares/Third_Party/LwIP/src/api/api_lib.c.obj
LOAD CMakeFiles/code.elf.dir/Middlewares/Third_Party/LwIP/src/api/api_msg.c.obj
LOAD CMakeFiles/code.elf.dir/Middlewares/Third_Party/LwIP/src/api/err.c.obj
LOAD CMakeFiles/code.elf.dir/Middlewares/Third_Party/LwIP/src/api/netbuf.c.obj
LOAD CMakeFiles/code.elf.dir/Middlewares/Third_Party/LwIP/src/api/netdb.c.obj
LOAD CMakeFiles/code.elf.dir/Middlewares/Third_Party/LwIP/src/api/netifapi.c.obj
LOAD CMakeFiles/code.elf.dir/Middlewares/Third_Party/LwIP/src/api/sockets.c.obj
LOAD CMakeFiles/code.elf.dir/Middlewares/Third_Party/LwIP/src/api/tcpip.c.obj
LOAD CMakeFiles/code.elf.dir/Middlewares/Third_Party/LwIP/src/apps/mqtt/mqtt.c.obj
LOAD CMakeFiles/code.elf.dir/Middlewares/Third_Party/LwIP/src/core/def.c.obj
LOAD CMakeFiles/code.elf.dir/Middlewares/Third_Party/LwIP/src/core/dns.c.obj
LOAD CMakeFiles/code.elf.dir/Middlewares/Third_Party/LwIP/src/core/inet_chksum.c.obj
LOAD CMakeFiles/code.elf.dir/Middlewares/Third_Party/LwIP/src/core/init.c.obj
LOAD CMakeFiles/code.elf.dir/Middlewares/Third_Party/LwIP/src/core/ip.c.obj
LOAD CMakeFiles/code.elf.dir/Middlewares/Third_Party/LwIP/src/core/ipv4/autoip.c.obj
LOAD CMakeFiles/code.elf.dir/Middlewares/Third_Party/LwIP/src/core/ipv4/dhcp.c.obj
LOAD CMakeFiles/code.elf.dir/Middlewares/Third_Party/LwIP/src/core/ipv4/etharp.c.obj
LOAD CMakeFiles/code.elf.dir/Middlewares/Third_Party/LwIP/src/core/ipv4/icmp.c.obj
LOAD CMakeFiles/code.elf.dir/Middlewares/Third_Party/LwIP/src/core/ipv4/igmp.c.obj
LOAD CMakeFiles/code.elf.dir/Middlewares/Third_Party/LwIP/src/core/ipv4/ip4.c.obj
LOAD CMakeFiles/code.elf.dir/Middlewares/Third_Party/LwIP/src/core/ipv4/ip4_addr.c.obj
LOAD CMakeFiles/code.elf.dir/Middlewares/Third_Party/LwIP/src/core/ipv4/ip4_frag.c.obj
LOAD CMakeFiles/code.elf.dir/Middlewares/Third_Party/LwIP/src/core/ipv6/dhcp6.c.obj
LOAD CMakeFiles/code.elf.dir/Middlewares/Third_Party/LwIP/src/core/ipv6/ethip6.c.obj
LOAD CMakeFiles/code.elf.dir/Middlewares/Third_Party/LwIP/src/core/ipv6/icmp6.c.obj
LOAD CMakeFiles/code.elf.dir/Middlewares/Third_Party/LwIP/src/core/ipv6/inet6.c.obj
LOAD CMakeFiles/code.elf.dir/Middlewares/Third_Party/LwIP/src/core/ipv6/ip6.c.obj
LOAD CMakeFiles/code.elf.dir/Middlewares/Third_Party/LwIP/src/core/ipv6/ip6_addr.c.obj
LOAD CMakeFiles/code.elf.dir/Middlewares/Third_Party/LwIP/src/core/ipv6/ip6_frag.c.obj
LOAD CMakeFiles/code.elf.dir/Middlewares/Third_Party/LwIP/src/core/ipv6/mld6.c.obj
LOAD CMakeFiles/code.elf.dir/Middlewares/Third_Party/LwIP/src/core/ipv6/nd6.c.obj
LOAD CMakeFiles/code.elf.dir/Middlewares/Third_Party/LwIP/src/core/mem.c.obj
LOAD CMakeFiles/code.elf.dir/Middlewares/Third_Party/LwIP/src/core/memp.c.obj
LOAD CMakeFiles/code.elf.dir/Middlewares/Third_Party/LwIP/src/core/netif.c.obj
LOAD CMakeFiles/code.elf.dir/Middlewares/Third_Party/LwIP/src/core/pbuf.c.obj
LOAD CMakeFiles/code.elf.dir/Middlewares/Third_Party/LwIP/src/core/raw.c.obj
LOAD CMakeFiles/code.elf.dir/Middlewares/Third_Party/LwIP/src/core/stats.c.obj
LOAD CMakeFiles/code.elf.dir/Middlewares/Third_Party/LwIP/src/core/sys.c.obj
LOAD CMakeFiles/code.elf.dir/Middlewares/Third_Party/LwIP/src/core/tcp.c.obj
LOAD CMakeFiles/code.elf.dir/Middlewares/Third_Party/LwIP/src/core/tcp_in.c.obj
LOAD CMakeFiles/code.elf.dir/Middlewares/Third_Party/LwIP/src/core/tcp_out.c.obj
LOAD CMakeFiles/code.elf.dir/Middlewares/Third_Party/LwIP/src/core/timeouts.c.obj
LOAD CMakeFiles/code.elf.dir/Middlewares/Third_Party/LwIP/src/core/udp.c.obj
LOAD CMakeFiles/code.elf.dir/Middlewares/Third_Party/LwIP/src/netif/ethernet.c.obj
LOAD CMakeFiles/code.elf.dir/Middlewares/Third_Party/LwIP/src/netif/lowpan6.c.obj
LOAD CMakeFiles/code.elf.dir/Middlewares/Third_Party/LwIP/src/netif/ppp/auth.c.obj
LOAD CMakeFiles/code.elf.dir/Middlewares/Third_Party/LwIP/src/netif/ppp/ccp.c.obj
LOAD CMakeFiles/code.elf.dir/Middlewares/Third_Party/LwIP/src/netif/ppp/chap-md5.c.obj
LOAD CMakeFiles/code.elf.dir/Middlewares/Third_Party/LwIP/src/netif/ppp/chap-new.c.obj
LOAD CMakeFiles/code.elf.dir/Middlewares/Third_Party/LwIP/src/netif/ppp/chap_ms.c.obj
LOAD CMakeFiles/code.elf.dir/Middlewares/Third_Party/LwIP/src/netif/ppp/demand.c.obj
LOAD CMakeFiles/code.elf.dir/Middlewares/Third_Party/LwIP/src/netif/ppp/eap.c.obj
LOAD CMakeFiles/code.elf.dir/Middlewares/Third_Party/LwIP/src/netif/ppp/ecp.c.obj
LOAD CMakeFiles/code.elf.dir/Middlewares/Third_Party/LwIP/src/netif/ppp/eui64.c.obj
LOAD CMakeFiles/code.elf.dir/Middlewares/Third_Party/LwIP/src/netif/ppp/fsm.c.obj
LOAD CMakeFiles/code.elf.dir/Middlewares/Third_Party/LwIP/src/netif/ppp/ipcp.c.obj
LOAD CMakeFiles/code.elf.dir/Middlewares/Third_Party/LwIP/src/netif/ppp/ipv6cp.c.obj
LOAD CMakeFiles/code.elf.dir/Middlewares/Third_Party/LwIP/src/netif/ppp/lcp.c.obj
LOAD CMakeFiles/code.elf.dir/Middlewares/Third_Party/LwIP/src/netif/ppp/magic.c.obj
LOAD CMakeFiles/code.elf.dir/Middlewares/Third_Party/LwIP/src/netif/ppp/mppe.c.obj
LOAD CMakeFiles/code.elf.dir/Middlewares/Third_Party/LwIP/src/netif/ppp/multilink.c.obj
LOAD CMakeFiles/code.elf.dir/Middlewares/Third_Party/LwIP/src/netif/ppp/ppp.c.obj
LOAD CMakeFiles/code.elf.dir/Middlewares/Third_Party/LwIP/src/netif/ppp/pppapi.c.obj
LOAD CMakeFiles/code.elf.dir/Middlewares/Third_Party/LwIP/src/netif/ppp/pppcrypt.c.obj
LOAD CMakeFiles/code.elf.dir/Middlewares/Third_Party/LwIP/src/netif/ppp/pppoe.c.obj
LOAD CMakeFiles/code.elf.dir/Middlewares/Third_Party/LwIP/src/netif/ppp/pppol2tp.c.obj
LOAD CMakeFiles/code.elf.dir/Middlewares/Third_Party/LwIP/src/netif/ppp/pppos.c.obj
LOAD CMakeFiles/code.elf.dir/Middlewares/Third_Party/LwIP/src/netif/ppp/upap.c.obj
LOAD CMakeFiles/code.elf.dir/Middlewares/Third_Party/LwIP/src/netif/ppp/utils.c.obj
LOAD CMakeFiles/code.elf.dir/Middlewares/Third_Party/LwIP/src/netif/ppp/vj.c.obj
LOAD CMakeFiles/code.elf.dir/Middlewares/Third_Party/LwIP/src/netif/slipif.c.obj
LOAD CMakeFiles/code.elf.dir/Middlewares/Third_Party/LwIP/system/OS/sys_arch.c.obj
LOAD CMakeFiles/code.elf.dir/Src/ethernetif.c.obj
LOAD CMakeFiles/code.elf.dir/Src/freertos.c.obj
LOAD CMakeFiles/code.elf.dir/Src/lwip.c.obj
LOAD CMakeFiles/code.elf.dir/Src/main.c.obj
LOAD CMakeFiles/code.elf.dir/Src/stm32f7xx_hal_msp.c.obj
LOAD CMakeFiles/code.elf.dir/Src/stm32f7xx_hal_timebase_TIM.c.obj
LOAD CMakeFiles/code.elf.dir/Src/stm32f7xx_it.c.obj
LOAD CMakeFiles/code.elf.dir/Src/syscalls.c.obj
LOAD CMakeFiles/code.elf.dir/Src/system_stm32f7xx.c.obj
LOAD CMakeFiles/code.elf.dir/startup/startup_stm32f767xx.s.obj
LOAD ..\Middlewares\Third_Party\libscpi\dist\libscpi.a
START GROUP
LOAD s:/gnutoo~1/72018-~1/bin/../lib/gcc/arm-none-eabi/7.3.1/thumb/v7e-m/fpv4-sp/hard\libgcc.a
LOAD s:/gnutoo~1/72018-~1/bin/../lib/gcc/arm-none-eabi/7.3.1/../../../../arm-none-eabi/lib/thumb/v7e-m/fpv4-sp/hard\libg.a
LOAD s:/gnutoo~1/72018-~1/bin/../lib/gcc/arm-none-eabi/7.3.1/../../../../arm-none-eabi/lib/thumb/v7e-m/fpv4-sp/hard\libc.a
END GROUP
LOAD s:/gnutoo~1/72018-~1/bin/../lib/gcc/arm-none-eabi/7.3.1/thumb/v7e-m/fpv4-sp/hard/crtend.o
LOAD s:/gnutoo~1/72018-~1/bin/../lib/gcc/arm-none-eabi/7.3.1/thumb/v7e-m/fpv4-sp/hard/crtn.o
                0x20080000                _estack = 0x20080000
                0x00000200                _Min_Heap_Size = 0x200
                0x00000400                _Min_Stack_Size = 0x400

.isr_vector     0x00200000      0x1f8
                0x00200000                . = ALIGN (0x4)
 *(.isr_vector)
 .isr_vector    0x00200000      0x1f8 CMakeFiles/code.elf.dir/startup/startup_stm32f767xx.s.obj
                0x00200000                g_pfnVectors
                0x002001f8                . = ALIGN (0x4)

.text           0x00200200    0x1d3dc
                0x00200200                . = ALIGN (0x4)
 *(.text)
 .text          0x00200200       0x40 s:/gnutoo~1/72018-~1/bin/../lib/gcc/arm-none-eabi/7.3.1/thumb/v7e-m/fpv4-sp/hard/crtbegin.o
 .text          0x00200240      0x4dc ..\Middlewares\Third_Party\libscpi\dist\libscpi.a(error.o)
                0x00200240                SCPI_ErrorInit
                0x002002fc                SCPI_ErrorClear
                0x0020031c                SCPI_ErrorPop
                0x00200358                SCPI_ErrorCount
                0x002003e8                SCPI_ErrorPushEx
                0x002004d4                SCPI_ErrorPush
                0x002004f6                SCPI_ErrorTranslate
 .text          0x0020071c      0x226 ..\Middlewares\Third_Party\libscpi\dist\libscpi.a(fifo.o)
                0x0020071c                fifo_init
                0x00200754                fifo_clear
                0x0020077a                fifo_is_empty
                0x0020079e                fifo_is_full
                0x002007c8                fifo_add
                0x0020083a                fifo_remove
                0x002008a8                fifo_remove_last
                0x00200920                fifo_count
 *fill*         0x00200942        0x2 
 .text          0x00200944      0x570 ..\Middlewares\Third_Party\libscpi\dist\libscpi.a(ieee488.o)
                0x00200a0c                SCPI_RegGet
                0x00200a82                SCPI_RegSet
                0x00200bd8                SCPI_RegSetBits
                0x00200c0e                SCPI_RegClearBits
                0x00200c4c                SCPI_EventClear
                0x00200c66                SCPI_CoreCls
                0x00200c98                SCPI_CoreEse
                0x00200cd2                SCPI_CoreEseQ
                0x00200cf6                SCPI_CoreEsrQ
                0x00200d24                SCPI_CoreIdnQ
                0x00200d94                SCPI_CoreOpc
                0x00200db0                SCPI_CoreOpcQ
                0x00200dca                SCPI_CoreRst
                0x00200e02                SCPI_CoreSre
                0x00200e3c                SCPI_CoreSreQ
                0x00200e60                SCPI_CoreStbQ
                0x00200e84                SCPI_CoreTstQ
                0x00200e9e                SCPI_CoreWai
 .text          0x00200eb4      0x20c ..\Middlewares\Third_Party\libscpi\dist\libscpi.a(minimal.o)
                0x00200eb4                SCPI_Stub
                0x00200eca                SCPI_StubQ
                0x00200ee4                SCPI_SystemVersionQ
                0x00200f04                SCPI_SystemErrorNextQ
                0x00200f2e                SCPI_SystemErrorCountQ
                0x00200f50                SCPI_StatusQuestionableConditionQ
                0x00200f74                SCPI_StatusQuestionableEventQ
                0x00200fa2                SCPI_StatusQuestionableEnableQ
                0x00200fc6                SCPI_StatusQuestionableEnable
                0x00200ffa                SCPI_StatusOperationConditionQ
                0x0020101e                SCPI_StatusOperationEventQ
                0x0020104c                SCPI_StatusOperationEnableQ
                0x00201070                SCPI_StatusOperationEnable
                0x002010a4                SCPI_StatusPreset
 .text          0x002010c0     0x2404 ..\Middlewares\Third_Party\libscpi\dist\libscpi.a(parser.o)
                0x002012dc                SCPI_Parse
                0x0020142c                SCPI_Init
                0x0020149e                SCPI_Input
                0x002015e8                SCPI_ResultCharacters
                0x0020178a                SCPI_ResultInt32
                0x002017aa                SCPI_ResultUInt32Base
                0x002017d0                SCPI_ResultInt64
                0x002017f8                SCPI_ResultUInt64Base
                0x00201822                SCPI_ResultFloat
                0x0020187c                SCPI_ResultDouble
                0x002018d6                SCPI_ResultText
                0x002019a0                SCPI_ResultError
                0x00201bd8                SCPI_ResultArbitraryBlockHeader
                0x00201c30                SCPI_ResultArbitraryBlockData
                0x00201c90                SCPI_ResultArbitraryBlock
                0x00201ccc                SCPI_ResultBool
                0x00201d18                SCPI_Parameter
                0x00201df0                SCPI_ParamIsNumber
                0x00201ffc                SCPI_ParamToInt32
                0x0020201e                SCPI_ParamToUInt32
                0x00202040                SCPI_ParamToInt64
                0x00202062                SCPI_ParamToUInt64
                0x00202084                SCPI_ParamToFloat
                0x00202108                SCPI_ParamToDouble
                0x00202194                SCPI_ParamFloat
                0x0020222c                SCPI_ParamDouble
                0x0020240c                SCPI_ParamInt32
                0x00202430                SCPI_ParamUInt32
                0x00202454                SCPI_ParamInt64
                0x00202478                SCPI_ParamUInt64
                0x0020249c                SCPI_ParamCharacters
                0x00202518                SCPI_ParamArbitraryBlock
                0x00202588                SCPI_ParamCopyText
                0x0020267c                SCPI_ParamToChoice
                0x00202744                SCPI_ChoiceToName
                0x0020279a                SCPI_ParamBool
                0x00202840                SCPI_ParamChoice
                0x002028a0                scpiParser_parseProgramData
                0x0020298c                scpiParser_parseAllProgramData
                0x00202a2c                scpiParser_detectProgramMessageUnit
                0x00202b60                SCPI_IsCmd
                0x00202ba2                SCPI_CmdTag
                0x00202bc8                SCPI_Match
                0x00202bf2                SCPI_CommandNumbers
                0x00202c26                SCPI_ParamIsValid
                0x00202c48                SCPI_ParamErrorOccurred
                0x00202e3c                SCPI_ResultArrayInt8
                0x00202ea0                SCPI_ResultArrayUInt8
                0x00202f04                SCPI_ResultArrayInt16
                0x00202f6a                SCPI_ResultArrayUInt16
                0x00202fd0                SCPI_ResultArrayInt32
                0x00203034                SCPI_ResultArrayUInt32
                0x0020309a                SCPI_ResultArrayInt64
                0x002030fe                SCPI_ResultArrayUInt64
                0x00203166                SCPI_ResultArrayFloat
                0x002031ce                SCPI_ResultArrayDouble
                0x0020323a                SCPI_ParamArrayInt32
                0x002032a6                SCPI_ParamArrayUInt32
                0x00203312                SCPI_ParamArrayInt64
                0x0020337e                SCPI_ParamArrayUInt64
                0x002033ea                SCPI_ParamArrayFloat
                0x00203456                SCPI_ParamArrayDouble
 .text          0x002034c4      0x444 ..\Middlewares\Third_Party\libscpi\dist\libscpi.a(units.o)
                0x0020362e                SCPI_ParamNumber
                0x00203818                SCPI_NumberToStr
 .text          0x00203908     0x14c4 ..\Middlewares\Third_Party\libscpi\dist\libscpi.a(utils.o)
                0x00203908                strnpbrk
                0x00203968                UInt32ToStrBaseSign
                0x00203aa8                SCPI_Int32ToStr
                0x00203ace                SCPI_UInt32ToStrBase
                0x00203af8                UInt64ToStrBaseSign
                0x00203cc4                SCPI_Int64ToStr
                0x00203cf0                SCPI_UInt64ToStrBase
                0x00203d1e                SCPI_FloatToStr
                0x00203d58                SCPI_DoubleToStr
                0x00203d8c                strBaseToInt32
                0x00203dbe                strBaseToUInt32
                0x00203df0                strBaseToInt64
                0x00203e26                strBaseToUInt64
                0x00203e5c                strToFloat
                0x00203e8a                strToDouble
                0x00203ebc                compareStr
                0x00203ef4                compareStrAndNum
                0x00203fa4                skipWhitespace
                0x002040b4                matchPattern
                0x00204166                matchCommand
                0x002044f8                composeCompoundCommand
                0x002048e0                SCPI_dtostre
                0x00204b9c                SCPI_GetNativeFormat
                0x00204bc4                SCPI_Swap16
                0x00204bee                SCPI_Swap32
                0x00204c20                SCPI_Swap64
 .text          0x00204dcc     0x1134 ..\Middlewares\Third_Party\libscpi\dist\libscpi.a(lexer.o)
                0x00204e8e                scpiLex_IsEos
                0x00205294                scpiLex_WhiteSpace
                0x002053a2                scpiLex_ProgramHeader
                0x00205464                scpiLex_CharacterProgramData
                0x002055ac                scpiLex_DecimalNumericProgramData
                0x00205622                scpiLex_SuffixProgramData
                0x00205790                scpiLex_NondecimalNumericData
                0x00205988                scpiLex_StringProgramData
                0x00205ad8                scpiLex_ArbitraryBlockProgramData
                0x00205cdc                scpiLex_ProgramExpression
                0x00205d82                scpiLex_Comma
                0x00205dc8                scpiLex_Semicolon
                0x00205e0e                scpiLex_Colon
                0x00205e54                scpiLex_SpecificCharacter
                0x00205ea0                scpiLex_NewLine
 .text          0x00205f00      0x4bc ..\Middlewares\Third_Party\libscpi\dist\libscpi.a(expression.o)
                0x00205f5a                SCPI_ExprNumericListEntry
                0x00206048                SCPI_ExprNumericListEntryInt
                0x002060be                SCPI_ExprNumericListEntryDouble
                0x0020625a                SCPI_ExprChannelListEntry
 .text          0x002063bc      0x378 s:/gnutoo~1/72018-~1/bin/../lib/gcc/arm-none-eabi/7.3.1/thumb/v7e-m/fpv4-sp/hard\libgcc.a(_arm_addsubdf3.o)
                0x002063bc                __aeabi_drsub
                0x002063c4                __aeabi_dsub
                0x002063c4                __subdf3
                0x002063c8                __aeabi_dadd
                0x002063c8                __adddf3
                0x00206640                __floatunsidf
                0x00206640                __aeabi_ui2d
                0x00206660                __floatsidf
                0x00206660                __aeabi_i2d
                0x00206684                __aeabi_f2d
                0x00206684                __extendsfdf2
                0x002066c8                __floatundidf
                0x002066c8                __aeabi_ul2d
                0x002066d8                __floatdidf
                0x002066d8                __aeabi_l2d
 .text          0x00206734      0x424 s:/gnutoo~1/72018-~1/bin/../lib/gcc/arm-none-eabi/7.3.1/thumb/v7e-m/fpv4-sp/hard\libgcc.a(_arm_muldivdf3.o)
                0x00206734                __aeabi_dmul
                0x00206734                __muldf3
                0x00206988                __divdf3
                0x00206988                __aeabi_ddiv
 .text          0x00206b58      0x110 s:/gnutoo~1/72018-~1/bin/../lib/gcc/arm-none-eabi/7.3.1/thumb/v7e-m/fpv4-sp/hard\libgcc.a(_arm_cmpdf2.o)
                0x00206b58                __gtdf2
                0x00206b58                __gedf2
                0x00206b60                __ltdf2
                0x00206b60                __ledf2
                0x00206b68                __nedf2
                0x00206b68                __eqdf2
                0x00206b68                __cmpdf2
                0x00206be4                __aeabi_cdrcmple
                0x00206bf4                __aeabi_cdcmpeq
                0x00206bf4                __aeabi_cdcmple
                0x00206c04                __aeabi_dcmpeq
                0x00206c18                __aeabi_dcmplt
                0x00206c2c                __aeabi_dcmple
                0x00206c40                __aeabi_dcmpge
                0x00206c54                __aeabi_dcmpgt
 .text          0x00206c68       0x2c s:/gnutoo~1/72018-~1/bin/../lib/gcc/arm-none-eabi/7.3.1/thumb/v7e-m/fpv4-sp/hard\libgcc.a(_arm_unorddf2.o)
                0x00206c68                __unorddf2
                0x00206c68                __aeabi_dcmpun
 .text          0x00206c94       0x50 s:/gnutoo~1/72018-~1/bin/../lib/gcc/arm-none-eabi/7.3.1/thumb/v7e-m/fpv4-sp/hard\libgcc.a(_arm_fixdfsi.o)
                0x00206c94                __aeabi_d2iz
                0x00206c94                __fixdfsi
 .text          0x00206ce4       0x30 s:/gnutoo~1/72018-~1/bin/../lib/gcc/arm-none-eabi/7.3.1/thumb/v7e-m/fpv4-sp/hard\libgcc.a(_aeabi_uldivmod.o)
                0x00206ce4                __aeabi_uldivmod
 .text          0x00206d14      0x2cc s:/gnutoo~1/72018-~1/bin/../lib/gcc/arm-none-eabi/7.3.1/thumb/v7e-m/fpv4-sp/hard\libgcc.a(_udivmoddi4.o)
                0x00206d14                __udivmoddi4
 .text          0x00206fe0        0x4 s:/gnutoo~1/72018-~1/bin/../lib/gcc/arm-none-eabi/7.3.1/thumb/v7e-m/fpv4-sp/hard\libgcc.a(_dvmd_tls.o)
                0x00206fe0                __aeabi_idiv0
                0x00206fe0                __aeabi_ldiv0
 .text          0x00206fe4      0x134 s:/gnutoo~1/72018-~1/bin/../lib/gcc/arm-none-eabi/7.3.1/../../../../arm-none-eabi/lib/thumb/v7e-m/fpv4-sp/hard\libg.a(lib_a-memcpy.o)
                0x00206fe4                memcpy
 *fill*         0x00207118       0x28 
 .text          0x00207140       0xdc s:/gnutoo~1/72018-~1/bin/../lib/gcc/arm-none-eabi/7.3.1/../../../../arm-none-eabi/lib/thumb/v7e-m/fpv4-sp/hard\libg.a(lib_a-strlen.o)
                0x00207140                strlen
 *fill*         0x0020721c        0x4 
 .text          0x00207220       0xa0 s:/gnutoo~1/72018-~1/bin/../lib/gcc/arm-none-eabi/7.3.1/../../../../arm-none-eabi/lib/thumb/v7e-m/fpv4-sp/hard\libg.a(lib_a-memchr.o)
                0x00207220                memchr
 .text          0x002072c0       0x40 s:/gnutoo~1/72018-~1/bin/../lib/gcc/arm-none-eabi/7.3.1/thumb/v7e-m/fpv4-sp/hard\libgcc.a(_arm_fixunsdfsi.o)
                0x002072c0                __aeabi_d2uiz
                0x002072c0                __fixunsdfsi
 .text          0x00207300       0xa0 s:/gnutoo~1/72018-~1/bin/../lib/gcc/arm-none-eabi/7.3.1/thumb/v7e-m/fpv4-sp/hard\libgcc.a(_arm_truncdfsf2.o)
                0x00207300                __truncdfsf2
                0x00207300                __aeabi_d2f
 *(.text*)
 .text.TEST_Chanlst
                0x002073a0      0x1a4 CMakeFiles/code.elf.dir/Applications/SCPI_Server/Src/scpi-def.c.obj
 .text.TEST_ArbQ
                0x00207544       0x24 CMakeFiles/code.elf.dir/Applications/SCPI_Server/Src/scpi-def.c.obj
 .text.TEST_Text
                0x00207568       0x38 CMakeFiles/code.elf.dir/Applications/SCPI_Server/Src/scpi-def.c.obj
 .text.TEST_Numbers
                0x002075a0       0x30 CMakeFiles/code.elf.dir/Applications/SCPI_Server/Src/scpi-def.c.obj
 .text.TEST_ChoiceQ
                0x002075d0       0x4c CMakeFiles/code.elf.dir/Applications/SCPI_Server/Src/scpi-def.c.obj
 .text.My_CoreTstQ
                0x0020761c        0xc CMakeFiles/code.elf.dir/Applications/SCPI_Server/Src/scpi-def.c.obj
 .text.TEST_Bool
                0x00207628       0x4c CMakeFiles/code.elf.dir/Applications/SCPI_Server/Src/scpi-def.c.obj
 *fill*         0x00207674        0x4 
 .text.DMM_MeasureVoltageAcQ
                0x00207678       0x94 CMakeFiles/code.elf.dir/Applications/SCPI_Server/Src/scpi-def.c.obj
 *fill*         0x0020770c        0x4 
 .text.DMM_MeasureVoltageDcQ
                0x00207710       0x94 CMakeFiles/code.elf.dir/Applications/SCPI_Server/Src/scpi-def.c.obj
 .text.DMM_ConfigureVoltageDc
                0x002077a4       0x68 CMakeFiles/code.elf.dir/Applications/SCPI_Server/Src/scpi-def.c.obj
 .text.scpi_netconn_callback
                0x0020780c       0x68 CMakeFiles/code.elf.dir/Applications/SCPI_Server/Src/scpi_server.c.obj
                0x0020780c                scpi_netconn_callback
 .text.createServer
                0x00207874       0x38 CMakeFiles/code.elf.dir/Applications/SCPI_Server/Src/scpi_server.c.obj
 .text.waitServer
                0x002078ac       0x1a CMakeFiles/code.elf.dir/Applications/SCPI_Server/Src/scpi_server.c.obj
 *fill*         0x002078c6        0x2 
 .text.closeIo  0x002078c8       0x20 CMakeFiles/code.elf.dir/Applications/SCPI_Server/Src/scpi_server.c.obj
 .text.closeSrqIo
                0x002078e8       0x20 CMakeFiles/code.elf.dir/Applications/SCPI_Server/Src/scpi_server.c.obj
 .text.processIoListen
                0x00207908       0x44 CMakeFiles/code.elf.dir/Applications/SCPI_Server/Src/scpi_server.c.obj
 .text.processSrqIoListen
                0x0020794c       0x44 CMakeFiles/code.elf.dir/Applications/SCPI_Server/Src/scpi_server.c.obj
 .text.processIo
                0x00207990       0x54 CMakeFiles/code.elf.dir/Applications/SCPI_Server/Src/scpi_server.c.obj
 .text.processSrqIo
                0x002079e4       0x3e CMakeFiles/code.elf.dir/Applications/SCPI_Server/Src/scpi_server.c.obj
 *fill*         0x00207a22        0x2 
 .text.setEseReq
                0x00207a24       0x14 CMakeFiles/code.elf.dir/Applications/SCPI_Server/Src/scpi_server.c.obj
 .text.setError
                0x00207a38       0x10 CMakeFiles/code.elf.dir/Applications/SCPI_Server/Src/scpi_server.c.obj
 .text.scpi_server_thread
                0x00207a48      0x118 CMakeFiles/code.elf.dir/Applications/SCPI_Server/Src/scpi_server.c.obj
 .text.SCPI_Write
                0x00207b60       0x2a CMakeFiles/code.elf.dir/Applications/SCPI_Server/Src/scpi_server.c.obj
                0x00207b60                SCPI_Write
 .text.SCPI_Flush
                0x00207b8a        0x4 CMakeFiles/code.elf.dir/Applications/SCPI_Server/Src/scpi_server.c.obj
                0x00207b8a                SCPI_Flush
 *fill*         0x00207b8e        0x2 
 .text.SCPI_Error
                0x00207b90       0x1c CMakeFiles/code.elf.dir/Applications/SCPI_Server/Src/scpi_server.c.obj
                0x00207b90                SCPI_Error
 .text.SCPI_Control
                0x00207bac       0x6c CMakeFiles/code.elf.dir/Applications/SCPI_Server/Src/scpi_server.c.obj
                0x00207bac                SCPI_Control
 .text.SCPI_Reset
                0x00207c18       0x10 CMakeFiles/code.elf.dir/Applications/SCPI_Server/Src/scpi_server.c.obj
                0x00207c18                SCPI_Reset
 .text.SCPI_SystemCommTcpipControlQ
                0x00207c28        0xe CMakeFiles/code.elf.dir/Applications/SCPI_Server/Src/scpi_server.c.obj
                0x00207c28                SCPI_SystemCommTcpipControlQ
 *fill*         0x00207c36        0x2 
 .text.scpi_server_init
                0x00207c38       0x24 CMakeFiles/code.elf.dir/Applications/SCPI_Server/Src/scpi_server.c.obj
                0x00207c38                scpi_server_init
 .text.HAL_Init
                0x00207c5c       0x2c CMakeFiles/code.elf.dir/Drivers/STM32F7xx_HAL_Driver/Src/stm32f7xx_hal.c.obj
                0x00207c5c                HAL_Init
 .text.HAL_IncTick
                0x00207c88       0x18 CMakeFiles/code.elf.dir/Drivers/STM32F7xx_HAL_Driver/Src/stm32f7xx_hal.c.obj
                0x00207c88                HAL_IncTick
 .text.HAL_GetTick
                0x00207ca0        0xc CMakeFiles/code.elf.dir/Drivers/STM32F7xx_HAL_Driver/Src/stm32f7xx_hal.c.obj
                0x00207ca0                HAL_GetTick
 .text.HAL_Delay
                0x00207cac       0x28 CMakeFiles/code.elf.dir/Drivers/STM32F7xx_HAL_Driver/Src/stm32f7xx_hal.c.obj
                0x00207cac                HAL_Delay
 .text.HAL_NVIC_SetPriorityGrouping
                0x00207cd4       0x24 CMakeFiles/code.elf.dir/Drivers/STM32F7xx_HAL_Driver/Src/stm32f7xx_hal_cortex.c.obj
                0x00207cd4                HAL_NVIC_SetPriorityGrouping
 .text.HAL_NVIC_SetPriority
                0x00207cf8       0x64 CMakeFiles/code.elf.dir/Drivers/STM32F7xx_HAL_Driver/Src/stm32f7xx_hal_cortex.c.obj
                0x00207cf8                HAL_NVIC_SetPriority
 .text.HAL_NVIC_EnableIRQ
                0x00207d5c       0x18 CMakeFiles/code.elf.dir/Drivers/STM32F7xx_HAL_Driver/Src/stm32f7xx_hal_cortex.c.obj
                0x00207d5c                HAL_NVIC_EnableIRQ
 .text.HAL_SYSTICK_Config
                0x00207d74       0x2c CMakeFiles/code.elf.dir/Drivers/STM32F7xx_HAL_Driver/Src/stm32f7xx_hal_cortex.c.obj
                0x00207d74                HAL_SYSTICK_Config
 .text.HAL_MPU_Disable
                0x00207da0       0x20 CMakeFiles/code.elf.dir/Drivers/STM32F7xx_HAL_Driver/Src/stm32f7xx_hal_cortex.c.obj
                0x00207da0                HAL_MPU_Disable
 .text.HAL_MPU_Enable
                0x00207dc0       0x24 CMakeFiles/code.elf.dir/Drivers/STM32F7xx_HAL_Driver/Src/stm32f7xx_hal_cortex.c.obj
                0x00207dc0                HAL_MPU_Enable
 .text.HAL_MPU_ConfigRegion
                0x00207de4       0x54 CMakeFiles/code.elf.dir/Drivers/STM32F7xx_HAL_Driver/Src/stm32f7xx_hal_cortex.c.obj
                0x00207de4                HAL_MPU_ConfigRegion
 .text.HAL_SYSTICK_CLKSourceConfig
                0x00207e38       0x20 CMakeFiles/code.elf.dir/Drivers/STM32F7xx_HAL_Driver/Src/stm32f7xx_hal_cortex.c.obj
                0x00207e38                HAL_SYSTICK_CLKSourceConfig
 .text.ETH_MACAddressConfig
                0x00207e58       0x30 CMakeFiles/code.elf.dir/Drivers/STM32F7xx_HAL_Driver/Src/stm32f7xx_hal_eth.c.obj
 .text.ETH_DMATransmissionEnable
                0x00207e88       0x10 CMakeFiles/code.elf.dir/Drivers/STM32F7xx_HAL_Driver/Src/stm32f7xx_hal_eth.c.obj
 .text.ETH_DMAReceptionEnable
                0x00207e98       0x10 CMakeFiles/code.elf.dir/Drivers/STM32F7xx_HAL_Driver/Src/stm32f7xx_hal_eth.c.obj
 .text.ETH_MACDMAConfig
                0x00207ea8      0x118 CMakeFiles/code.elf.dir/Drivers/STM32F7xx_HAL_Driver/Src/stm32f7xx_hal_eth.c.obj
 .text.ETH_MACTransmissionEnable
                0x00207fc0       0x2a CMakeFiles/code.elf.dir/Drivers/STM32F7xx_HAL_Driver/Src/stm32f7xx_hal_eth.c.obj
 .text.ETH_MACReceptionEnable
                0x00207fea       0x2a CMakeFiles/code.elf.dir/Drivers/STM32F7xx_HAL_Driver/Src/stm32f7xx_hal_eth.c.obj
 .text.ETH_FlushTransmitFIFO
                0x00208014       0x2e CMakeFiles/code.elf.dir/Drivers/STM32F7xx_HAL_Driver/Src/stm32f7xx_hal_eth.c.obj
 .text.HAL_ETH_DMATxDescListInit
                0x00208042       0x72 CMakeFiles/code.elf.dir/Drivers/STM32F7xx_HAL_Driver/Src/stm32f7xx_hal_eth.c.obj
                0x00208042                HAL_ETH_DMATxDescListInit
 .text.HAL_ETH_DMARxDescListInit
                0x002080b4       0x6c CMakeFiles/code.elf.dir/Drivers/STM32F7xx_HAL_Driver/Src/stm32f7xx_hal_eth.c.obj
                0x002080b4                HAL_ETH_DMARxDescListInit
 .text.HAL_ETH_TransmitFrame
                0x00208120      0x120 CMakeFiles/code.elf.dir/Drivers/STM32F7xx_HAL_Driver/Src/stm32f7xx_hal_eth.c.obj
                0x00208120                HAL_ETH_TransmitFrame
 .text.HAL_ETH_GetReceivedFrame_IT
                0x00208240       0x98 CMakeFiles/code.elf.dir/Drivers/STM32F7xx_HAL_Driver/Src/stm32f7xx_hal_eth.c.obj
                0x00208240                HAL_ETH_GetReceivedFrame_IT
 .text.HAL_ETH_TxCpltCallback
                0x002082d8        0x2 CMakeFiles/code.elf.dir/Drivers/STM32F7xx_HAL_Driver/Src/stm32f7xx_hal_eth.c.obj
                0x002082d8                HAL_ETH_TxCpltCallback
 .text.HAL_ETH_ErrorCallback
                0x002082da        0x2 CMakeFiles/code.elf.dir/Drivers/STM32F7xx_HAL_Driver/Src/stm32f7xx_hal_eth.c.obj
                0x002082da                HAL_ETH_ErrorCallback
 .text.HAL_ETH_IRQHandler
                0x002082dc       0x8c CMakeFiles/code.elf.dir/Drivers/STM32F7xx_HAL_Driver/Src/stm32f7xx_hal_eth.c.obj
                0x002082dc                HAL_ETH_IRQHandler
 .text.HAL_ETH_ReadPHYRegister
                0x00208368       0x78 CMakeFiles/code.elf.dir/Drivers/STM32F7xx_HAL_Driver/Src/stm32f7xx_hal_eth.c.obj
                0x00208368                HAL_ETH_ReadPHYRegister
 .text.HAL_ETH_WritePHYRegister
                0x002083e0       0x74 CMakeFiles/code.elf.dir/Drivers/STM32F7xx_HAL_Driver/Src/stm32f7xx_hal_eth.c.obj
                0x002083e0                HAL_ETH_WritePHYRegister
 .text.HAL_ETH_Init
                0x00208454      0x254 CMakeFiles/code.elf.dir/Drivers/STM32F7xx_HAL_Driver/Src/stm32f7xx_hal_eth.c.obj
                0x00208454                HAL_ETH_Init
 .text.HAL_ETH_Start
                0x002086a8       0x44 CMakeFiles/code.elf.dir/Drivers/STM32F7xx_HAL_Driver/Src/stm32f7xx_hal_eth.c.obj
                0x002086a8                HAL_ETH_Start
 .text.HAL_GPIO_Init
                0x002086ec      0x1e0 CMakeFiles/code.elf.dir/Drivers/STM32F7xx_HAL_Driver/Src/stm32f7xx_hal_gpio.c.obj
                0x002086ec                HAL_GPIO_Init
 .text.HAL_GPIO_WritePin
                0x002088cc        0xc CMakeFiles/code.elf.dir/Drivers/STM32F7xx_HAL_Driver/Src/stm32f7xx_hal_gpio.c.obj
                0x002088cc                HAL_GPIO_WritePin
 .text.HAL_PWREx_EnableOverDrive
                0x002088d8       0x7c CMakeFiles/code.elf.dir/Drivers/STM32F7xx_HAL_Driver/Src/stm32f7xx_hal_pwr_ex.c.obj
                0x002088d8                HAL_PWREx_EnableOverDrive
 .text.HAL_RCC_OscConfig
                0x00208954      0x3d4 CMakeFiles/code.elf.dir/Drivers/STM32F7xx_HAL_Driver/Src/stm32f7xx_hal_rcc.c.obj
                0x00208954                HAL_RCC_OscConfig
 .text.HAL_RCC_GetSysClockFreq
                0x00208d28       0xd8 CMakeFiles/code.elf.dir/Drivers/STM32F7xx_HAL_Driver/Src/stm32f7xx_hal_rcc.c.obj
                0x00208d28                HAL_RCC_GetSysClockFreq
 .text.HAL_RCC_ClockConfig
                0x00208e00      0x164 CMakeFiles/code.elf.dir/Drivers/STM32F7xx_HAL_Driver/Src/stm32f7xx_hal_rcc.c.obj
                0x00208e00                HAL_RCC_ClockConfig
 .text.HAL_RCC_GetHCLKFreq
                0x00208f64        0xc CMakeFiles/code.elf.dir/Drivers/STM32F7xx_HAL_Driver/Src/stm32f7xx_hal_rcc.c.obj
                0x00208f64                HAL_RCC_GetHCLKFreq
 .text.HAL_RCC_GetPCLK2Freq
                0x00208f70       0x20 CMakeFiles/code.elf.dir/Drivers/STM32F7xx_HAL_Driver/Src/stm32f7xx_hal_rcc.c.obj
                0x00208f70                HAL_RCC_GetPCLK2Freq
 .text.HAL_RCC_GetClockConfig
                0x00208f90       0x3c CMakeFiles/code.elf.dir/Drivers/STM32F7xx_HAL_Driver/Src/stm32f7xx_hal_rcc.c.obj
                0x00208f90                HAL_RCC_GetClockConfig
 .text.HAL_TIM_Base_MspInit
                0x00208fcc        0x2 CMakeFiles/code.elf.dir/Drivers/STM32F7xx_HAL_Driver/Src/stm32f7xx_hal_tim.c.obj
                0x00208fcc                HAL_TIM_Base_MspInit
 .text.HAL_TIM_Base_Start_IT
                0x00208fce       0x18 CMakeFiles/code.elf.dir/Drivers/STM32F7xx_HAL_Driver/Src/stm32f7xx_hal_tim.c.obj
                0x00208fce                HAL_TIM_Base_Start_IT
 .text.HAL_TIM_OC_DelayElapsedCallback
                0x00208fe6        0x2 CMakeFiles/code.elf.dir/Drivers/STM32F7xx_HAL_Driver/Src/stm32f7xx_hal_tim.c.obj
                0x00208fe6                HAL_TIM_OC_DelayElapsedCallback
 .text.HAL_TIM_IC_CaptureCallback
                0x00208fe8        0x2 CMakeFiles/code.elf.dir/Drivers/STM32F7xx_HAL_Driver/Src/stm32f7xx_hal_tim.c.obj
                0x00208fe8                HAL_TIM_IC_CaptureCallback
 .text.HAL_TIM_PWM_PulseFinishedCallback
                0x00208fea        0x2 CMakeFiles/code.elf.dir/Drivers/STM32F7xx_HAL_Driver/Src/stm32f7xx_hal_tim.c.obj
                0x00208fea                HAL_TIM_PWM_PulseFinishedCallback
 .text.HAL_TIM_TriggerCallback
                0x00208fec        0x2 CMakeFiles/code.elf.dir/Drivers/STM32F7xx_HAL_Driver/Src/stm32f7xx_hal_tim.c.obj
                0x00208fec                HAL_TIM_TriggerCallback
 .text.HAL_TIM_IRQHandler
                0x00208fee      0x19a CMakeFiles/code.elf.dir/Drivers/STM32F7xx_HAL_Driver/Src/stm32f7xx_hal_tim.c.obj
                0x00208fee                HAL_TIM_IRQHandler
 .text.TIM_Base_SetConfig
                0x00209188      0x10c CMakeFiles/code.elf.dir/Drivers/STM32F7xx_HAL_Driver/Src/stm32f7xx_hal_tim.c.obj
                0x00209188                TIM_Base_SetConfig
 .text.HAL_TIM_Base_Init
                0x00209294       0x32 CMakeFiles/code.elf.dir/Drivers/STM32F7xx_HAL_Driver/Src/stm32f7xx_hal_tim.c.obj
                0x00209294                HAL_TIM_Base_Init
 .text.HAL_TIMEx_CommutationCallback
                0x002092c6        0x2 CMakeFiles/code.elf.dir/Drivers/STM32F7xx_HAL_Driver/Src/stm32f7xx_hal_tim_ex.c.obj
                0x002092c6                HAL_TIMEx_CommutationCallback
 .text.HAL_TIMEx_BreakCallback
                0x002092c8        0x2 CMakeFiles/code.elf.dir/Drivers/STM32F7xx_HAL_Driver/Src/stm32f7xx_hal_tim_ex.c.obj
                0x002092c8                HAL_TIMEx_BreakCallback
 .text.makeFreeRtosPriority
                0x002092ca        0xc CMakeFiles/code.elf.dir/Middlewares/Third_Party/FreeRTOS/Source/CMSIS_RTOS/cmsis_os.c.obj
 .text.inHandlerMode
                0x002092d6        0xc CMakeFiles/code.elf.dir/Middlewares/Third_Party/FreeRTOS/Source/CMSIS_RTOS/cmsis_os.c.obj
 .text.osKernelStart
                0x002092e2        0xa CMakeFiles/code.elf.dir/Middlewares/Third_Party/FreeRTOS/Source/CMSIS_RTOS/cmsis_os.c.obj
                0x002092e2                osKernelStart
 .text.osKernelSysTick
                0x002092ec       0x14 CMakeFiles/code.elf.dir/Middlewares/Third_Party/FreeRTOS/Source/CMSIS_RTOS/cmsis_os.c.obj
                0x002092ec                osKernelSysTick
 .text.osThreadCreate
                0x00209300       0x34 CMakeFiles/code.elf.dir/Middlewares/Third_Party/FreeRTOS/Source/CMSIS_RTOS/cmsis_os.c.obj
                0x00209300                osThreadCreate
 .text.osDelay  0x00209334       0x12 CMakeFiles/code.elf.dir/Middlewares/Third_Party/FreeRTOS/Source/CMSIS_RTOS/cmsis_os.c.obj
                0x00209334                osDelay
 .text.osMutexCreate
                0x00209346        0xa CMakeFiles/code.elf.dir/Middlewares/Third_Party/FreeRTOS/Source/CMSIS_RTOS/cmsis_os.c.obj
                0x00209346                osMutexCreate
 .text.osMutexWait
                0x00209350       0x74 CMakeFiles/code.elf.dir/Middlewares/Third_Party/FreeRTOS/Source/CMSIS_RTOS/cmsis_os.c.obj
                0x00209350                osMutexWait
 .text.osMutexRelease
                0x002093c4       0x5c CMakeFiles/code.elf.dir/Middlewares/Third_Party/FreeRTOS/Source/CMSIS_RTOS/cmsis_os.c.obj
                0x002093c4                osMutexRelease
 .text.osSemaphoreCreate
                0x00209420       0x26 CMakeFiles/code.elf.dir/Middlewares/Third_Party/FreeRTOS/Source/CMSIS_RTOS/cmsis_os.c.obj
                0x00209420                osSemaphoreCreate
 *fill*         0x00209446        0x2 
 .text.osSemaphoreWait
                0x00209448       0x74 CMakeFiles/code.elf.dir/Middlewares/Third_Party/FreeRTOS/Source/CMSIS_RTOS/cmsis_os.c.obj
                0x00209448                osSemaphoreWait
 .text.osSemaphoreRelease
                0x002094bc       0x5c CMakeFiles/code.elf.dir/Middlewares/Third_Party/FreeRTOS/Source/CMSIS_RTOS/cmsis_os.c.obj
                0x002094bc                osSemaphoreRelease
 .text.osSemaphoreDelete
                0x00209518       0x18 CMakeFiles/code.elf.dir/Middlewares/Third_Party/FreeRTOS/Source/CMSIS_RTOS/cmsis_os.c.obj
                0x00209518                osSemaphoreDelete
 .text.osMessageCreate
                0x00209530        0xe CMakeFiles/code.elf.dir/Middlewares/Third_Party/FreeRTOS/Source/CMSIS_RTOS/cmsis_os.c.obj
                0x00209530                osMessageCreate
 *fill*         0x0020953e        0x2 
 .text.osMessagePut
                0x00209540       0x68 CMakeFiles/code.elf.dir/Middlewares/Third_Party/FreeRTOS/Source/CMSIS_RTOS/cmsis_os.c.obj
                0x00209540                osMessagePut
 .text.osMessageGet
                0x002095a8       0xa0 CMakeFiles/code.elf.dir/Middlewares/Third_Party/FreeRTOS/Source/CMSIS_RTOS/cmsis_os.c.obj
                0x002095a8                osMessageGet
 .text.osSystickHandler
                0x00209648       0x10 CMakeFiles/code.elf.dir/Middlewares/Third_Party/FreeRTOS/Source/CMSIS_RTOS/cmsis_os.c.obj
                0x00209648                osSystickHandler
 .text.osMessageWaiting
                0x00209658       0x1a CMakeFiles/code.elf.dir/Middlewares/Third_Party/FreeRTOS/Source/CMSIS_RTOS/cmsis_os.c.obj
                0x00209658                osMessageWaiting
 .text.osMessageDelete
                0x00209672       0x18 CMakeFiles/code.elf.dir/Middlewares/Third_Party/FreeRTOS/Source/CMSIS_RTOS/cmsis_os.c.obj
                0x00209672                osMessageDelete
 .text.vListInitialise
                0x0020968a       0x16 CMakeFiles/code.elf.dir/Middlewares/Third_Party/FreeRTOS/Source/list.c.obj
                0x0020968a                vListInitialise
 .text.vListInitialiseItem
                0x002096a0        0x6 CMakeFiles/code.elf.dir/Middlewares/Third_Party/FreeRTOS/Source/list.c.obj
                0x002096a0                vListInitialiseItem
 .text.vListInsertEnd
                0x002096a6       0x18 CMakeFiles/code.elf.dir/Middlewares/Third_Party/FreeRTOS/Source/list.c.obj
                0x002096a6                vListInsertEnd
 .text.vListInsert
                0x002096be       0x34 CMakeFiles/code.elf.dir/Middlewares/Third_Party/FreeRTOS/Source/list.c.obj
                0x002096be                vListInsert
 .text.uxListRemove
                0x002096f2       0x26 CMakeFiles/code.elf.dir/Middlewares/Third_Party/FreeRTOS/Source/list.c.obj
                0x002096f2                uxListRemove
 .text.prvTaskExitError
                0x00209718       0x3c CMakeFiles/code.elf.dir/Middlewares/Third_Party/FreeRTOS/Source/portable/GCC/ARM_CM7/r0p1/port.c.obj
 .text.prvPortStartFirstTask
                0x00209754       0x20 CMakeFiles/code.elf.dir/Middlewares/Third_Party/FreeRTOS/Source/portable/GCC/ARM_CM7/r0p1/port.c.obj
 .text.vPortEnableVFP
                0x00209774       0x14 CMakeFiles/code.elf.dir/Middlewares/Third_Party/FreeRTOS/Source/portable/GCC/ARM_CM7/r0p1/port.c.obj
 .text.pxPortInitialiseStack
                0x00209788       0x2c CMakeFiles/code.elf.dir/Middlewares/Third_Party/FreeRTOS/Source/portable/GCC/ARM_CM7/r0p1/port.c.obj
                0x00209788                pxPortInitialiseStack
 *fill*         0x002097b4        0xc 
 .text.SVC_Handler
                0x002097c0       0x24 CMakeFiles/code.elf.dir/Middlewares/Third_Party/FreeRTOS/Source/portable/GCC/ARM_CM7/r0p1/port.c.obj
                0x002097c0                SVC_Handler
 .text.vPortEnterCritical
                0x002097e4       0x4c CMakeFiles/code.elf.dir/Middlewares/Third_Party/FreeRTOS/Source/portable/GCC/ARM_CM7/r0p1/port.c.obj
                0x002097e4                vPortEnterCritical
 .text.vPortExitCritical
                0x00209830       0x30 CMakeFiles/code.elf.dir/Middlewares/Third_Party/FreeRTOS/Source/portable/GCC/ARM_CM7/r0p1/port.c.obj
                0x00209830                vPortExitCritical
 .text.PendSV_Handler
                0x00209860       0x64 CMakeFiles/code.elf.dir/Middlewares/Third_Party/FreeRTOS/Source/portable/GCC/ARM_CM7/r0p1/port.c.obj
                0x00209860                PendSV_Handler
 .text.xPortSysTickHandler
                0x002098c4       0x30 CMakeFiles/code.elf.dir/Middlewares/Third_Party/FreeRTOS/Source/portable/GCC/ARM_CM7/r0p1/port.c.obj
                0x002098c4                xPortSysTickHandler
 .text.vPortSetupTimerInterrupt
                0x002098f4       0x2c CMakeFiles/code.elf.dir/Middlewares/Third_Party/FreeRTOS/Source/portable/GCC/ARM_CM7/r0p1/port.c.obj
                0x002098f4                vPortSetupTimerInterrupt
 .text.xPortStartScheduler
                0x00209920       0xa8 CMakeFiles/code.elf.dir/Middlewares/Third_Party/FreeRTOS/Source/portable/GCC/ARM_CM7/r0p1/port.c.obj
                0x00209920                xPortStartScheduler
 .text.vPortValidateInterruptPriority
                0x002099c8       0x64 CMakeFiles/code.elf.dir/Middlewares/Third_Party/FreeRTOS/Source/portable/GCC/ARM_CM7/r0p1/port.c.obj
                0x002099c8                vPortValidateInterruptPriority
 .text.prvHeapInit
                0x00209a2c       0x64 CMakeFiles/code.elf.dir/Middlewares/Third_Party/FreeRTOS/Source/portable/MemMang/heap_4.c.obj
 .text.prvInsertBlockIntoFreeList
                0x00209a90       0x58 CMakeFiles/code.elf.dir/Middlewares/Third_Party/FreeRTOS/Source/portable/MemMang/heap_4.c.obj
 .text.pvPortMalloc
                0x00209ae8      0x114 CMakeFiles/code.elf.dir/Middlewares/Third_Party/FreeRTOS/Source/portable/MemMang/heap_4.c.obj
                0x00209ae8                pvPortMalloc
 .text.vPortFree
                0x00209bfc       0x78 CMakeFiles/code.elf.dir/Middlewares/Third_Party/FreeRTOS/Source/portable/MemMang/heap_4.c.obj
                0x00209bfc                vPortFree
 .text.prvIsQueueFull
                0x00209c74       0x1e CMakeFiles/code.elf.dir/Middlewares/Third_Party/FreeRTOS/Source/queue.c.obj
 .text.prvIsQueueEmpty
                0x00209c92       0x1a CMakeFiles/code.elf.dir/Middlewares/Third_Party/FreeRTOS/Source/queue.c.obj
 .text.prvCopyDataToQueue
                0x00209cac       0x76 CMakeFiles/code.elf.dir/Middlewares/Third_Party/FreeRTOS/Source/queue.c.obj
 .text.prvCopyDataFromQueue
                0x00209d22       0x24 CMakeFiles/code.elf.dir/Middlewares/Third_Party/FreeRTOS/Source/queue.c.obj
 .text.prvUnlockQueue
                0x00209d46       0x6e CMakeFiles/code.elf.dir/Middlewares/Third_Party/FreeRTOS/Source/queue.c.obj
 .text.xQueueGenericReset
                0x00209db4       0x88 CMakeFiles/code.elf.dir/Middlewares/Third_Party/FreeRTOS/Source/queue.c.obj
                0x00209db4                xQueueGenericReset
 .text.prvInitialiseNewQueue
                0x00209e3c       0x1c CMakeFiles/code.elf.dir/Middlewares/Third_Party/FreeRTOS/Source/queue.c.obj
 .text.xQueueGenericCreate
                0x00209e58       0x4c CMakeFiles/code.elf.dir/Middlewares/Third_Party/FreeRTOS/Source/queue.c.obj
                0x00209e58                xQueueGenericCreate
 .text.xQueueGenericSend
                0x00209ea4      0x18c CMakeFiles/code.elf.dir/Middlewares/Third_Party/FreeRTOS/Source/queue.c.obj
                0x00209ea4                xQueueGenericSend
 .text.prvInitialiseMutex
                0x0020a030       0x18 CMakeFiles/code.elf.dir/Middlewares/Third_Party/FreeRTOS/Source/queue.c.obj
 .text.xQueueCreateMutex
                0x0020a048       0x16 CMakeFiles/code.elf.dir/Middlewares/Third_Party/FreeRTOS/Source/queue.c.obj
                0x0020a048                xQueueCreateMutex
 .text.xQueueGenericSendFromISR
                0x0020a05e       0xdc CMakeFiles/code.elf.dir/Middlewares/Third_Party/FreeRTOS/Source/queue.c.obj
                0x0020a05e                xQueueGenericSendFromISR
 .text.xQueueGiveFromISR
                0x0020a13a       0xc2 CMakeFiles/code.elf.dir/Middlewares/Third_Party/FreeRTOS/Source/queue.c.obj
                0x0020a13a                xQueueGiveFromISR
 .text.xQueueGenericReceive
                0x0020a1fc      0x1b0 CMakeFiles/code.elf.dir/Middlewares/Third_Party/FreeRTOS/Source/queue.c.obj
                0x0020a1fc                xQueueGenericReceive
 .text.xQueueReceiveFromISR
                0x0020a3ac       0xb6 CMakeFiles/code.elf.dir/Middlewares/Third_Party/FreeRTOS/Source/queue.c.obj
                0x0020a3ac                xQueueReceiveFromISR
 .text.uxQueueMessagesWaiting
                0x0020a462       0x2a CMakeFiles/code.elf.dir/Middlewares/Third_Party/FreeRTOS/Source/queue.c.obj
                0x0020a462                uxQueueMessagesWaiting
 .text.uxQueueMessagesWaitingFromISR
                0x0020a48c       0x1c CMakeFiles/code.elf.dir/Middlewares/Third_Party/FreeRTOS/Source/queue.c.obj
                0x0020a48c                uxQueueMessagesWaitingFromISR
 .text.vQueueUnregisterQueue
                0x0020a4a8       0x2c CMakeFiles/code.elf.dir/Middlewares/Third_Party/FreeRTOS/Source/queue.c.obj
                0x0020a4a8                vQueueUnregisterQueue
 .text.vQueueDelete
                0x0020a4d4       0x28 CMakeFiles/code.elf.dir/Middlewares/Third_Party/FreeRTOS/Source/queue.c.obj
                0x0020a4d4                vQueueDelete
 .text.prvResetNextTaskUnblockTime
                0x0020a4fc       0x2c CMakeFiles/code.elf.dir/Middlewares/Third_Party/FreeRTOS/Source/tasks.c.obj
 .text.prvDeleteTCB
                0x0020a528       0x12 CMakeFiles/code.elf.dir/Middlewares/Third_Party/FreeRTOS/Source/tasks.c.obj
 .text.prvInitialiseNewTask
                0x0020a53a       0x80 CMakeFiles/code.elf.dir/Middlewares/Third_Party/FreeRTOS/Source/tasks.c.obj
 *fill*         0x0020a5ba        0x2 
 .text.prvInitialiseTaskLists
                0x0020a5bc       0x68 CMakeFiles/code.elf.dir/Middlewares/Third_Party/FreeRTOS/Source/tasks.c.obj
 .text.prvAddNewTaskToReadyList
                0x0020a624       0xa8 CMakeFiles/code.elf.dir/Middlewares/Third_Party/FreeRTOS/Source/tasks.c.obj
 .text.prvAddCurrentTaskToDelayedList
                0x0020a6cc       0xa0 CMakeFiles/code.elf.dir/Middlewares/Third_Party/FreeRTOS/Source/tasks.c.obj
 .text.xTaskCreate
                0x0020a76c       0x62 CMakeFiles/code.elf.dir/Middlewares/Third_Party/FreeRTOS/Source/tasks.c.obj
                0x0020a76c                xTaskCreate
 *fill*         0x0020a7ce        0x2 
 .text.vTaskStartScheduler
                0x0020a7d0       0x84 CMakeFiles/code.elf.dir/Middlewares/Third_Party/FreeRTOS/Source/tasks.c.obj
                0x0020a7d0                vTaskStartScheduler
 .text.vTaskSuspendAll
                0x0020a854       0x10 CMakeFiles/code.elf.dir/Middlewares/Third_Party/FreeRTOS/Source/tasks.c.obj
                0x0020a854                vTaskSuspendAll
 .text.xTaskGetTickCount
                0x0020a864        0xc CMakeFiles/code.elf.dir/Middlewares/Third_Party/FreeRTOS/Source/tasks.c.obj
                0x0020a864                xTaskGetTickCount
 .text.xTaskGetTickCountFromISR
                0x0020a870       0x10 CMakeFiles/code.elf.dir/Middlewares/Third_Party/FreeRTOS/Source/tasks.c.obj
                0x0020a870                xTaskGetTickCountFromISR
 .text.xTaskIncrementTick
                0x0020a880      0x11c CMakeFiles/code.elf.dir/Middlewares/Third_Party/FreeRTOS/Source/tasks.c.obj
                0x0020a880                xTaskIncrementTick
 .text.xTaskResumeAll
                0x0020a99c       0xf8 CMakeFiles/code.elf.dir/Middlewares/Third_Party/FreeRTOS/Source/tasks.c.obj
                0x0020a99c                xTaskResumeAll
 .text.vTaskDelay
                0x0020aa94       0x50 CMakeFiles/code.elf.dir/Middlewares/Third_Party/FreeRTOS/Source/tasks.c.obj
                0x0020aa94                vTaskDelay
 .text.prvCheckTasksWaitingTermination
                0x0020aae4       0x5c CMakeFiles/code.elf.dir/Middlewares/Third_Party/FreeRTOS/Source/tasks.c.obj
 .text.prvIdleTask
                0x0020ab40       0x28 CMakeFiles/code.elf.dir/Middlewares/Third_Party/FreeRTOS/Source/tasks.c.obj
 .text.vTaskSwitchContext
                0x0020ab68       0x9c CMakeFiles/code.elf.dir/Middlewares/Third_Party/FreeRTOS/Source/tasks.c.obj
                0x0020ab68                vTaskSwitchContext
 .text.vTaskPlaceOnEventList
                0x0020ac04       0x34 CMakeFiles/code.elf.dir/Middlewares/Third_Party/FreeRTOS/Source/tasks.c.obj
                0x0020ac04                vTaskPlaceOnEventList
 .text.xTaskRemoveFromEventList
                0x0020ac38       0x90 CMakeFiles/code.elf.dir/Middlewares/Third_Party/FreeRTOS/Source/tasks.c.obj
                0x0020ac38                xTaskRemoveFromEventList
 .text.vTaskSetTimeOutState
                0x0020acc8       0x30 CMakeFiles/code.elf.dir/Middlewares/Third_Party/FreeRTOS/Source/tasks.c.obj
                0x0020acc8                vTaskSetTimeOutState
 .text.xTaskCheckForTimeOut
                0x0020acf8       0x88 CMakeFiles/code.elf.dir/Middlewares/Third_Party/FreeRTOS/Source/tasks.c.obj
                0x0020acf8                xTaskCheckForTimeOut
 .text.vTaskMissedYield
                0x0020ad80        0xc CMakeFiles/code.elf.dir/Middlewares/Third_Party/FreeRTOS/Source/tasks.c.obj
                0x0020ad80                vTaskMissedYield
 .text.xTaskGetSchedulerState
                0x0020ad8c       0x20 CMakeFiles/code.elf.dir/Middlewares/Third_Party/FreeRTOS/Source/tasks.c.obj
                0x0020ad8c                xTaskGetSchedulerState
 .text.vTaskPriorityInherit
                0x0020adac       0xa0 CMakeFiles/code.elf.dir/Middlewares/Third_Party/FreeRTOS/Source/tasks.c.obj
                0x0020adac                vTaskPriorityInherit
 .text.xTaskPriorityDisinherit
                0x0020ae4c       0xb8 CMakeFiles/code.elf.dir/Middlewares/Third_Party/FreeRTOS/Source/tasks.c.obj
                0x0020ae4c                xTaskPriorityDisinherit
 .text.pvTaskIncrementMutexHeldCount
                0x0020af04       0x1c CMakeFiles/code.elf.dir/Middlewares/Third_Party/FreeRTOS/Source/tasks.c.obj
                0x0020af04                pvTaskIncrementMutexHeldCount
 .text.netconn_apimsg
                0x0020af20       0x18 CMakeFiles/code.elf.dir/Middlewares/Third_Party/LwIP/src/api/api_lib.c.obj
 .text.netconn_close_shutdown
                0x0020af38       0x44 CMakeFiles/code.elf.dir/Middlewares/Third_Party/LwIP/src/api/api_lib.c.obj
 .text.netconn_recv_data
                0x0020af7c      0x140 CMakeFiles/code.elf.dir/Middlewares/Third_Party/LwIP/src/api/api_lib.c.obj
 .text.netconn_new_with_proto_and_callback
                0x0020b0bc       0xb8 CMakeFiles/code.elf.dir/Middlewares/Third_Party/LwIP/src/api/api_lib.c.obj
                0x0020b0bc                netconn_new_with_proto_and_callback
 .text.netconn_delete
                0x0020b174       0x30 CMakeFiles/code.elf.dir/Middlewares/Third_Party/LwIP/src/api/api_lib.c.obj
                0x0020b174                netconn_delete
 .text.netconn_bind
                0x0020b1a4       0x4c CMakeFiles/code.elf.dir/Middlewares/Third_Party/LwIP/src/api/api_lib.c.obj
                0x0020b1a4                netconn_bind
 .text.netconn_listen_with_backlog
                0x0020b1f0       0x3c CMakeFiles/code.elf.dir/Middlewares/Third_Party/LwIP/src/api/api_lib.c.obj
                0x0020b1f0                netconn_listen_with_backlog
 .text.netconn_accept
                0x0020b22c       0xb8 CMakeFiles/code.elf.dir/Middlewares/Third_Party/LwIP/src/api/api_lib.c.obj
                0x0020b22c                netconn_accept
 .text.netconn_recv
                0x0020b2e4       0xb4 CMakeFiles/code.elf.dir/Middlewares/Third_Party/LwIP/src/api/api_lib.c.obj
                0x0020b2e4                netconn_recv
 .text.netconn_write_partly
                0x0020b398       0xb8 CMakeFiles/code.elf.dir/Middlewares/Third_Party/LwIP/src/api/api_lib.c.obj
                0x0020b398                netconn_write_partly
 .text.netconn_close
                0x0020b450        0xa CMakeFiles/code.elf.dir/Middlewares/Third_Party/LwIP/src/api/api_lib.c.obj
                0x0020b450                netconn_close
 *fill*         0x0020b45a        0x2 
 .text.recv_udp
                0x0020b45c       0xc4 CMakeFiles/code.elf.dir/Middlewares/Third_Party/LwIP/src/api/api_msg.c.obj
 .text.setup_tcp
                0x0020b520       0x40 CMakeFiles/code.elf.dir/Middlewares/Third_Party/LwIP/src/api/api_msg.c.obj
 .text.pcb_new  0x0020b560       0x88 CMakeFiles/code.elf.dir/Middlewares/Third_Party/LwIP/src/api/api_msg.c.obj
 .text.err_tcp  0x0020b5e8      0x140 CMakeFiles/code.elf.dir/Middlewares/Third_Party/LwIP/src/api/api_msg.c.obj
 .text.lwip_netconn_do_writemore
                0x0020b728      0x22c CMakeFiles/code.elf.dir/Middlewares/Third_Party/LwIP/src/api/api_msg.c.obj
 .text.lwip_netconn_do_close_internal
                0x0020b954      0x234 CMakeFiles/code.elf.dir/Middlewares/Third_Party/LwIP/src/api/api_msg.c.obj
 .text.poll_tcp
                0x0020bb88       0x80 CMakeFiles/code.elf.dir/Middlewares/Third_Party/LwIP/src/api/api_msg.c.obj
 .text.sent_tcp
                0x0020bc08       0x74 CMakeFiles/code.elf.dir/Middlewares/Third_Party/LwIP/src/api/api_msg.c.obj
 .text.recv_tcp
                0x0020bc7c       0xd0 CMakeFiles/code.elf.dir/Middlewares/Third_Party/LwIP/src/api/api_msg.c.obj
 .text.lwip_netconn_do_newconn
                0x0020bd4c       0x34 CMakeFiles/code.elf.dir/Middlewares/Third_Party/LwIP/src/api/api_msg.c.obj
                0x0020bd4c                lwip_netconn_do_newconn
 .text.netconn_alloc
                0x0020bd80       0x8c CMakeFiles/code.elf.dir/Middlewares/Third_Party/LwIP/src/api/api_msg.c.obj
                0x0020bd80                netconn_alloc
 .text.netconn_free
                0x0020be0c       0x78 CMakeFiles/code.elf.dir/Middlewares/Third_Party/LwIP/src/api/api_msg.c.obj
                0x0020be0c                netconn_free
 .text.netconn_drain
                0x0020be84       0xa8 CMakeFiles/code.elf.dir/Middlewares/Third_Party/LwIP/src/api/api_msg.c.obj
 .text.accept_function
                0x0020bf2c      0x108 CMakeFiles/code.elf.dir/Middlewares/Third_Party/LwIP/src/api/api_msg.c.obj
 .text.lwip_netconn_do_delconn
                0x0020c034      0x178 CMakeFiles/code.elf.dir/Middlewares/Third_Party/LwIP/src/api/api_msg.c.obj
                0x0020c034                lwip_netconn_do_delconn
 .text.lwip_netconn_do_bind
                0x0020c1ac       0x62 CMakeFiles/code.elf.dir/Middlewares/Third_Party/LwIP/src/api/api_msg.c.obj
                0x0020c1ac                lwip_netconn_do_bind
 *fill*         0x0020c20e        0x2 
 .text.lwip_netconn_do_listen
                0x0020c210       0xf0 CMakeFiles/code.elf.dir/Middlewares/Third_Party/LwIP/src/api/api_msg.c.obj
                0x0020c210                lwip_netconn_do_listen
 .text.lwip_netconn_do_recv
                0x0020c300       0x58 CMakeFiles/code.elf.dir/Middlewares/Third_Party/LwIP/src/api/api_msg.c.obj
                0x0020c300                lwip_netconn_do_recv
 .text.lwip_netconn_do_write
                0x0020c358      0x100 CMakeFiles/code.elf.dir/Middlewares/Third_Party/LwIP/src/api/api_msg.c.obj
                0x0020c358                lwip_netconn_do_write
 .text.lwip_netconn_do_close
                0x0020c458       0xf4 CMakeFiles/code.elf.dir/Middlewares/Third_Party/LwIP/src/api/api_msg.c.obj
                0x0020c458                lwip_netconn_do_close
 .text.netbuf_delete
                0x0020c54c       0x20 CMakeFiles/code.elf.dir/Middlewares/Third_Party/LwIP/src/api/netbuf.c.obj
                0x0020c54c                netbuf_delete
 .text.netbuf_data
                0x0020c56c       0x6c CMakeFiles/code.elf.dir/Middlewares/Third_Party/LwIP/src/api/netbuf.c.obj
                0x0020c56c                netbuf_data
 .text.tcpip_thread
                0x0020c5d8       0xa4 CMakeFiles/code.elf.dir/Middlewares/Third_Party/LwIP/src/api/tcpip.c.obj
 .text.tcpip_inpkt
                0x0020c67c       0x68 CMakeFiles/code.elf.dir/Middlewares/Third_Party/LwIP/src/api/tcpip.c.obj
                0x0020c67c                tcpip_inpkt
 .text.tcpip_input
                0x0020c6e4       0x24 CMakeFiles/code.elf.dir/Middlewares/Third_Party/LwIP/src/api/tcpip.c.obj
                0x0020c6e4                tcpip_input
 .text.tcpip_callback_with_block
                0x0020c708       0x74 CMakeFiles/code.elf.dir/Middlewares/Third_Party/LwIP/src/api/tcpip.c.obj
                0x0020c708                tcpip_callback_with_block
 .text.tcpip_send_msg_wait_sem
                0x0020c77c       0x20 CMakeFiles/code.elf.dir/Middlewares/Third_Party/LwIP/src/api/tcpip.c.obj
                0x0020c77c                tcpip_send_msg_wait_sem
 .text.tcpip_init
                0x0020c79c       0x84 CMakeFiles/code.elf.dir/Middlewares/Third_Party/LwIP/src/api/tcpip.c.obj
                0x0020c79c                tcpip_init
 .text.lwip_htons
                0x0020c820        0x6 CMakeFiles/code.elf.dir/Middlewares/Third_Party/LwIP/src/core/def.c.obj
                0x0020c820                lwip_htons
 .text.lwip_htonl
                0x0020c826       0x18 CMakeFiles/code.elf.dir/Middlewares/Third_Party/LwIP/src/core/def.c.obj
                0x0020c826                lwip_htonl
 .text.lwip_init
                0x0020c83e       0x20 CMakeFiles/code.elf.dir/Middlewares/Third_Party/LwIP/src/core/init.c.obj
                0x0020c83e                lwip_init
 *fill*         0x0020c85e        0x2 
 .text.etharp_free_entry
                0x0020c860       0x34 CMakeFiles/code.elf.dir/Middlewares/Third_Party/LwIP/src/core/ipv4/etharp.c.obj
 .text.etharp_find_entry
                0x0020c894      0x1a4 CMakeFiles/code.elf.dir/Middlewares/Third_Party/LwIP/src/core/ipv4/etharp.c.obj
 .text.etharp_update_arp_entry
                0x0020ca38       0xc8 CMakeFiles/code.elf.dir/Middlewares/Third_Party/LwIP/src/core/ipv4/etharp.c.obj
 .text.etharp_raw
                0x0020cb00       0xe4 CMakeFiles/code.elf.dir/Middlewares/Third_Party/LwIP/src/core/ipv4/etharp.c.obj
 .text.etharp_request_dst
                0x0020cbe4       0x28 CMakeFiles/code.elf.dir/Middlewares/Third_Party/LwIP/src/core/ipv4/etharp.c.obj
 .text.etharp_cleanup_netif
                0x0020cc0c       0x38 CMakeFiles/code.elf.dir/Middlewares/Third_Party/LwIP/src/core/ipv4/etharp.c.obj
                0x0020cc0c                etharp_cleanup_netif
 .text.etharp_input
                0x0020cc44       0xb8 CMakeFiles/code.elf.dir/Middlewares/Third_Party/LwIP/src/core/ipv4/etharp.c.obj
                0x0020cc44                etharp_input
 .text.etharp_request
                0x0020ccfc       0x10 CMakeFiles/code.elf.dir/Middlewares/Third_Party/LwIP/src/core/ipv4/etharp.c.obj
                0x0020ccfc                etharp_request
 .text.etharp_tmr
                0x0020cd0c       0x90 CMakeFiles/code.elf.dir/Middlewares/Third_Party/LwIP/src/core/ipv4/etharp.c.obj
                0x0020cd0c                etharp_tmr
 .text.etharp_output_to_arp_index
                0x0020cd9c       0xd4 CMakeFiles/code.elf.dir/Middlewares/Third_Party/LwIP/src/core/ipv4/etharp.c.obj
 .text.etharp_query
                0x0020ce70      0x1c0 CMakeFiles/code.elf.dir/Middlewares/Third_Party/LwIP/src/core/ipv4/etharp.c.obj
                0x0020ce70                etharp_query
 .text.etharp_output
                0x0020d030      0x158 CMakeFiles/code.elf.dir/Middlewares/Third_Party/LwIP/src/core/ipv4/etharp.c.obj
                0x0020d030                etharp_output
 .text.icmp_send_response
                0x0020d188       0xac CMakeFiles/code.elf.dir/Middlewares/Third_Party/LwIP/src/core/ipv4/icmp.c.obj
 .text.icmp_input
                0x0020d234      0x13c CMakeFiles/code.elf.dir/Middlewares/Third_Party/LwIP/src/core/ipv4/icmp.c.obj
                0x0020d234                icmp_input
 .text.icmp_dest_unreach
                0x0020d370        0xc CMakeFiles/code.elf.dir/Middlewares/Third_Party/LwIP/src/core/ipv4/icmp.c.obj
                0x0020d370                icmp_dest_unreach
 .text.icmp_time_exceeded
                0x0020d37c        0xc CMakeFiles/code.elf.dir/Middlewares/Third_Party/LwIP/src/core/ipv4/icmp.c.obj
                0x0020d37c                icmp_time_exceeded
 .text.ip4_route
                0x0020d388       0xa8 CMakeFiles/code.elf.dir/Middlewares/Third_Party/LwIP/src/core/ipv4/ip4.c.obj
                0x0020d388                ip4_route
 .text.ip4_input
                0x0020d430      0x1a8 CMakeFiles/code.elf.dir/Middlewares/Third_Party/LwIP/src/core/ipv4/ip4.c.obj
                0x0020d430                ip4_input
 .text.ip4_output_if_src
                0x0020d5d8       0xf8 CMakeFiles/code.elf.dir/Middlewares/Third_Party/LwIP/src/core/ipv4/ip4.c.obj
                0x0020d5d8                ip4_output_if_src
 .text.ip4_output_if
                0x0020d6d0       0x2a CMakeFiles/code.elf.dir/Middlewares/Third_Party/LwIP/src/core/ipv4/ip4.c.obj
                0x0020d6d0                ip4_output_if
 .text.ip4_addr_isbroadcast_u32
                0x0020d6fa       0x40 CMakeFiles/code.elf.dir/Middlewares/Third_Party/LwIP/src/core/ipv4/ip4_addr.c.obj
                0x0020d6fa                ip4_addr_isbroadcast_u32
 *fill*         0x0020d73a        0x2 
 .text.ip4addr_ntoa_r
                0x0020d73c       0xa8 CMakeFiles/code.elf.dir/Middlewares/Third_Party/LwIP/src/core/ipv4/ip4_addr.c.obj
                0x0020d73c                ip4addr_ntoa_r
 .text.ip4addr_ntoa
                0x0020d7e4       0x10 CMakeFiles/code.elf.dir/Middlewares/Third_Party/LwIP/src/core/ipv4/ip4_addr.c.obj
                0x0020d7e4                ip4addr_ntoa
 .text.ip_reass_dequeue_datagram
                0x0020d7f4       0x48 CMakeFiles/code.elf.dir/Middlewares/Third_Party/LwIP/src/core/ipv4/ip4_frag.c.obj
 .text.ip_reass_free_complete_datagram
                0x0020d83c       0xf8 CMakeFiles/code.elf.dir/Middlewares/Third_Party/LwIP/src/core/ipv4/ip4_frag.c.obj
 .text.ip_reass_remove_oldest_datagram
                0x0020d934       0x84 CMakeFiles/code.elf.dir/Middlewares/Third_Party/LwIP/src/core/ipv4/ip4_frag.c.obj
 .text.ip_frag_free_pbuf_custom_ref
                0x0020d9b8       0x2c CMakeFiles/code.elf.dir/Middlewares/Third_Party/LwIP/src/core/ipv4/ip4_frag.c.obj
 .text.ipfrag_free_pbuf_custom
                0x0020d9e4       0x34 CMakeFiles/code.elf.dir/Middlewares/Third_Party/LwIP/src/core/ipv4/ip4_frag.c.obj
 .text.ip_reass_chain_frag_into_datagram_and_validate
                0x0020da18      0x190 CMakeFiles/code.elf.dir/Middlewares/Third_Party/LwIP/src/core/ipv4/ip4_frag.c.obj
 .text.ip_frag_alloc_pbuf_custom_ref
                0x0020dba8        0xa CMakeFiles/code.elf.dir/Middlewares/Third_Party/LwIP/src/core/ipv4/ip4_frag.c.obj
 *fill*         0x0020dbb2        0x2 
 .text.ip_reass_enqueue_new_datagram
                0x0020dbb4       0x64 CMakeFiles/code.elf.dir/Middlewares/Third_Party/LwIP/src/core/ipv4/ip4_frag.c.obj
 .text.ip_reass_tmr
                0x0020dc18       0x2c CMakeFiles/code.elf.dir/Middlewares/Third_Party/LwIP/src/core/ipv4/ip4_frag.c.obj
                0x0020dc18                ip_reass_tmr
 .text.ip4_reass
                0x0020dc44      0x1a8 CMakeFiles/code.elf.dir/Middlewares/Third_Party/LwIP/src/core/ipv4/ip4_frag.c.obj
                0x0020dc44                ip4_reass
 .text.ip4_frag
                0x0020ddec      0x1ec CMakeFiles/code.elf.dir/Middlewares/Third_Party/LwIP/src/core/ipv4/ip4_frag.c.obj
                0x0020ddec                ip4_frag
 .text.plug_holes
                0x0020dfd8       0xe0 CMakeFiles/code.elf.dir/Middlewares/Third_Party/LwIP/src/core/mem.c.obj
 .text.mem_init
                0x0020e0b8       0x68 CMakeFiles/code.elf.dir/Middlewares/Third_Party/LwIP/src/core/mem.c.obj
                0x0020e0b8                mem_init
 .text.mem_free
                0x0020e120       0xbc CMakeFiles/code.elf.dir/Middlewares/Third_Party/LwIP/src/core/mem.c.obj
                0x0020e120                mem_free
 .text.mem_trim
                0x0020e1dc      0x138 CMakeFiles/code.elf.dir/Middlewares/Third_Party/LwIP/src/core/mem.c.obj
                0x0020e1dc                mem_trim
 .text.mem_malloc
                0x0020e314      0x154 CMakeFiles/code.elf.dir/Middlewares/Third_Party/LwIP/src/core/mem.c.obj
                0x0020e314                mem_malloc
 .text.do_memp_malloc_pool
                0x0020e468       0x48 CMakeFiles/code.elf.dir/Middlewares/Third_Party/LwIP/src/core/memp.c.obj
 .text.do_memp_free_pool
                0x0020e4b0       0x3c CMakeFiles/code.elf.dir/Middlewares/Third_Party/LwIP/src/core/memp.c.obj
 .text.memp_init_pool
                0x0020e4ec       0x28 CMakeFiles/code.elf.dir/Middlewares/Third_Party/LwIP/src/core/memp.c.obj
                0x0020e4ec                memp_init_pool
 .text.memp_init
                0x0020e514       0x20 CMakeFiles/code.elf.dir/Middlewares/Third_Party/LwIP/src/core/memp.c.obj
                0x0020e514                memp_init
 .text.memp_malloc
                0x0020e534       0x34 CMakeFiles/code.elf.dir/Middlewares/Third_Party/LwIP/src/core/memp.c.obj
                0x0020e534                memp_malloc
 .text.memp_free
                0x0020e568       0x34 CMakeFiles/code.elf.dir/Middlewares/Third_Party/LwIP/src/core/memp.c.obj
                0x0020e568                memp_free
 .text.netif_issue_reports
                0x0020e59c       0x22 CMakeFiles/code.elf.dir/Middlewares/Third_Party/LwIP/src/core/netif.c.obj
 .text.netif_init
                0x0020e5be        0x2 CMakeFiles/code.elf.dir/Middlewares/Third_Party/LwIP/src/core/netif.c.obj
                0x0020e5be                netif_init
 .text.netif_set_ipaddr
                0x0020e5c0       0x4c CMakeFiles/code.elf.dir/Middlewares/Third_Party/LwIP/src/core/netif.c.obj
                0x0020e5c0                netif_set_ipaddr
 .text.netif_set_gw
                0x0020e60c        0xc CMakeFiles/code.elf.dir/Middlewares/Third_Party/LwIP/src/core/netif.c.obj
                0x0020e60c                netif_set_gw
 .text.netif_set_netmask
                0x0020e618        0xc CMakeFiles/code.elf.dir/Middlewares/Third_Party/LwIP/src/core/netif.c.obj
                0x0020e618                netif_set_netmask
 .text.netif_set_addr
                0x0020e624       0x42 CMakeFiles/code.elf.dir/Middlewares/Third_Party/LwIP/src/core/netif.c.obj
                0x0020e624                netif_set_addr
 *fill*         0x0020e666        0x2 
 .text.netif_add
                0x0020e668       0x7c CMakeFiles/code.elf.dir/Middlewares/Third_Party/LwIP/src/core/netif.c.obj
                0x0020e668                netif_add
 .text.netif_set_default
                0x0020e6e4        0xc CMakeFiles/code.elf.dir/Middlewares/Third_Party/LwIP/src/core/netif.c.obj
                0x0020e6e4                netif_set_default
 .text.netif_set_up
                0x0020e6f0       0x24 CMakeFiles/code.elf.dir/Middlewares/Third_Party/LwIP/src/core/netif.c.obj
                0x0020e6f0                netif_set_up
 .text.netif_set_down
                0x0020e714       0x22 CMakeFiles/code.elf.dir/Middlewares/Third_Party/LwIP/src/core/netif.c.obj
                0x0020e714                netif_set_down
 *fill*         0x0020e736        0x2 
 .text.pbuf_header_impl
                0x0020e738       0xdc CMakeFiles/code.elf.dir/Middlewares/Third_Party/LwIP/src/core/pbuf.c.obj
 .text.pbuf_pool_is_empty
                0x0020e814       0x40 CMakeFiles/code.elf.dir/Middlewares/Third_Party/LwIP/src/core/pbuf.c.obj
 .text.pbuf_free_ooseq
                0x0020e854       0x30 CMakeFiles/code.elf.dir/Middlewares/Third_Party/LwIP/src/core/pbuf.c.obj
 .text.pbuf_free_ooseq_callback
                0x0020e884        0x8 CMakeFiles/code.elf.dir/Middlewares/Third_Party/LwIP/src/core/pbuf.c.obj
 .text.pbuf_alloced_custom
                0x0020e88c       0x78 CMakeFiles/code.elf.dir/Middlewares/Third_Party/LwIP/src/core/pbuf.c.obj
                0x0020e88c                pbuf_alloced_custom
 .text.pbuf_header
                0x0020e904        0xa CMakeFiles/code.elf.dir/Middlewares/Third_Party/LwIP/src/core/pbuf.c.obj
                0x0020e904                pbuf_header
 .text.pbuf_header_force
                0x0020e90e        0xa CMakeFiles/code.elf.dir/Middlewares/Third_Party/LwIP/src/core/pbuf.c.obj
                0x0020e90e                pbuf_header_force
 .text.pbuf_free
                0x0020e918       0xd4 CMakeFiles/code.elf.dir/Middlewares/Third_Party/LwIP/src/core/pbuf.c.obj
                0x0020e918                pbuf_free
 .text.pbuf_alloc
                0x0020e9ec      0x1d0 CMakeFiles/code.elf.dir/Middlewares/Third_Party/LwIP/src/core/pbuf.c.obj
                0x0020e9ec                pbuf_alloc
 .text.pbuf_realloc
                0x0020ebbc       0xf0 CMakeFiles/code.elf.dir/Middlewares/Third_Party/LwIP/src/core/pbuf.c.obj
                0x0020ebbc                pbuf_realloc
 .text.pbuf_clen
                0x0020ecac       0x12 CMakeFiles/code.elf.dir/Middlewares/Third_Party/LwIP/src/core/pbuf.c.obj
                0x0020ecac                pbuf_clen
 *fill*         0x0020ecbe        0x2 
 .text.pbuf_ref
                0x0020ecc0       0x38 CMakeFiles/code.elf.dir/Middlewares/Third_Party/LwIP/src/core/pbuf.c.obj
                0x0020ecc0                pbuf_ref
 .text.pbuf_cat
                0x0020ecf8       0x80 CMakeFiles/code.elf.dir/Middlewares/Third_Party/LwIP/src/core/pbuf.c.obj
                0x0020ecf8                pbuf_cat
 .text.pbuf_copy
                0x0020ed78      0x140 CMakeFiles/code.elf.dir/Middlewares/Third_Party/LwIP/src/core/pbuf.c.obj
                0x0020ed78                pbuf_copy
 .text.pbuf_copy_partial
                0x0020eeb8       0x94 CMakeFiles/code.elf.dir/Middlewares/Third_Party/LwIP/src/core/pbuf.c.obj
                0x0020eeb8                pbuf_copy_partial
 .text.tcp_remove_listener
                0x0020ef4c       0x14 CMakeFiles/code.elf.dir/Middlewares/Third_Party/LwIP/src/core/tcp.c.obj
 .text.tcp_new_port
                0x0020ef60       0x64 CMakeFiles/code.elf.dir/Middlewares/Third_Party/LwIP/src/core/tcp.c.obj
 .text.tcp_listen_closed
                0x0020efc4       0x58 CMakeFiles/code.elf.dir/Middlewares/Third_Party/LwIP/src/core/tcp.c.obj
 .text.tcp_close_shutdown_fin
                0x0020f01c       0x88 CMakeFiles/code.elf.dir/Middlewares/Third_Party/LwIP/src/core/tcp.c.obj
 .text.tcp_init
                0x0020f0a4        0x2 CMakeFiles/code.elf.dir/Middlewares/Third_Party/LwIP/src/core/tcp.c.obj
                0x0020f0a4                tcp_init
 *fill*         0x0020f0a6        0x2 
 .text.tcp_bind
                0x0020f0a8       0xc8 CMakeFiles/code.elf.dir/Middlewares/Third_Party/LwIP/src/core/tcp.c.obj
                0x0020f0a8                tcp_bind
 .text.tcp_listen_with_backlog_and_err
                0x0020f170       0xc0 CMakeFiles/code.elf.dir/Middlewares/Third_Party/LwIP/src/core/tcp.c.obj
                0x0020f170                tcp_listen_with_backlog_and_err
 .text.tcp_update_rcv_ann_wnd
                0x0020f230       0x60 CMakeFiles/code.elf.dir/Middlewares/Third_Party/LwIP/src/core/tcp.c.obj
                0x0020f230                tcp_update_rcv_ann_wnd
 .text.tcp_recved
                0x0020f290       0x84 CMakeFiles/code.elf.dir/Middlewares/Third_Party/LwIP/src/core/tcp.c.obj
                0x0020f290                tcp_recved
 .text.tcp_seg_free
                0x0020f314       0x1a CMakeFiles/code.elf.dir/Middlewares/Third_Party/LwIP/src/core/tcp.c.obj
                0x0020f314                tcp_seg_free
 .text.tcp_segs_free
                0x0020f32e       0x14 CMakeFiles/code.elf.dir/Middlewares/Third_Party/LwIP/src/core/tcp.c.obj
                0x0020f32e                tcp_segs_free
 .text.tcp_seg_copy
                0x0020f342       0x28 CMakeFiles/code.elf.dir/Middlewares/Third_Party/LwIP/src/core/tcp.c.obj
                0x0020f342                tcp_seg_copy
 .text.tcp_arg  0x0020f36a        0x6 CMakeFiles/code.elf.dir/Middlewares/Third_Party/LwIP/src/core/tcp.c.obj
                0x0020f36a                tcp_arg
 .text.tcp_recv
                0x0020f370       0x34 CMakeFiles/code.elf.dir/Middlewares/Third_Party/LwIP/src/core/tcp.c.obj
                0x0020f370                tcp_recv
 .text.tcp_sent
                0x0020f3a4       0x30 CMakeFiles/code.elf.dir/Middlewares/Third_Party/LwIP/src/core/tcp.c.obj
                0x0020f3a4                tcp_sent
 .text.tcp_err  0x0020f3d4       0x34 CMakeFiles/code.elf.dir/Middlewares/Third_Party/LwIP/src/core/tcp.c.obj
                0x0020f3d4                tcp_err
 .text.tcp_accept
                0x0020f408        0xe CMakeFiles/code.elf.dir/Middlewares/Third_Party/LwIP/src/core/tcp.c.obj
                0x0020f408                tcp_accept
 *fill*         0x0020f416        0x2 
 .text.tcp_poll
                0x0020f418       0x34 CMakeFiles/code.elf.dir/Middlewares/Third_Party/LwIP/src/core/tcp.c.obj
                0x0020f418                tcp_poll
 .text.tcp_pcb_purge
                0x0020f44c       0x4c CMakeFiles/code.elf.dir/Middlewares/Third_Party/LwIP/src/core/tcp.c.obj
                0x0020f44c                tcp_pcb_purge
 .text.tcp_slowtmr
                0x0020f498      0x408 CMakeFiles/code.elf.dir/Middlewares/Third_Party/LwIP/src/core/tcp.c.obj
                0x0020f498                tcp_slowtmr
 .text.tcp_pcb_remove
                0x0020f8a0       0xa4 CMakeFiles/code.elf.dir/Middlewares/Third_Party/LwIP/src/core/tcp.c.obj
                0x0020f8a0                tcp_pcb_remove
 .text.tcp_close_shutdown
                0x0020f944      0x154 CMakeFiles/code.elf.dir/Middlewares/Third_Party/LwIP/src/core/tcp.c.obj
 .text.tcp_close
                0x0020fa98       0x18 CMakeFiles/code.elf.dir/Middlewares/Third_Party/LwIP/src/core/tcp.c.obj
                0x0020fa98                tcp_close
 .text.tcp_recv_null
                0x0020fab0       0x24 CMakeFiles/code.elf.dir/Middlewares/Third_Party/LwIP/src/core/tcp.c.obj
                0x0020fab0                tcp_recv_null
 .text.tcp_process_refused_data
                0x0020fad4       0x6a CMakeFiles/code.elf.dir/Middlewares/Third_Party/LwIP/src/core/tcp.c.obj
                0x0020fad4                tcp_process_refused_data
 *fill*         0x0020fb3e        0x2 
 .text.tcp_fasttmr
                0x0020fb40       0x80 CMakeFiles/code.elf.dir/Middlewares/Third_Party/LwIP/src/core/tcp.c.obj
                0x0020fb40                tcp_fasttmr
 .text.tcp_tmr  0x0020fbc0       0x24 CMakeFiles/code.elf.dir/Middlewares/Third_Party/LwIP/src/core/tcp.c.obj
                0x0020fbc0                tcp_tmr
 .text.tcp_shutdown
                0x0020fbe4       0x58 CMakeFiles/code.elf.dir/Middlewares/Third_Party/LwIP/src/core/tcp.c.obj
                0x0020fbe4                tcp_shutdown
 .text.tcp_abandon
                0x0020fc3c       0xf8 CMakeFiles/code.elf.dir/Middlewares/Third_Party/LwIP/src/core/tcp.c.obj
                0x0020fc3c                tcp_abandon
 .text.tcp_abort
                0x0020fd34        0xa CMakeFiles/code.elf.dir/Middlewares/Third_Party/LwIP/src/core/tcp.c.obj
                0x0020fd34                tcp_abort
 .text.tcp_accept_null
                0x0020fd3e        0xe CMakeFiles/code.elf.dir/Middlewares/Third_Party/LwIP/src/core/tcp.c.obj
 .text.tcp_kill_timewait
                0x0020fd4c       0x34 CMakeFiles/code.elf.dir/Middlewares/Third_Party/LwIP/src/core/tcp.c.obj
 .text.tcp_kill_prio
                0x0020fd80       0x44 CMakeFiles/code.elf.dir/Middlewares/Third_Party/LwIP/src/core/tcp.c.obj
 .text.tcp_netif_ip_addr_changed_pcblist
                0x0020fdc4       0x20 CMakeFiles/code.elf.dir/Middlewares/Third_Party/LwIP/src/core/tcp.c.obj
 .text.tcp_kill_state
                0x0020fde4       0x64 CMakeFiles/code.elf.dir/Middlewares/Third_Party/LwIP/src/core/tcp.c.obj
 .text.tcp_alloc
                0x0020fe48       0xc0 CMakeFiles/code.elf.dir/Middlewares/Third_Party/LwIP/src/core/tcp.c.obj
                0x0020fe48                tcp_alloc
 .text.tcp_new_ip_type
                0x0020ff08        0xa CMakeFiles/code.elf.dir/Middlewares/Third_Party/LwIP/src/core/tcp.c.obj
                0x0020ff08                tcp_new_ip_type
 *fill*         0x0020ff12        0x2 
 .text.tcp_next_iss
                0x0020ff14       0x18 CMakeFiles/code.elf.dir/Middlewares/Third_Party/LwIP/src/core/tcp.c.obj
                0x0020ff14                tcp_next_iss
 .text.tcp_eff_send_mss_impl
                0x0020ff2c       0x1e CMakeFiles/code.elf.dir/Middlewares/Third_Party/LwIP/src/core/tcp.c.obj
                0x0020ff2c                tcp_eff_send_mss_impl
 *fill*         0x0020ff4a        0x2 
 .text.tcp_netif_ip_addr_changed
                0x0020ff4c       0x54 CMakeFiles/code.elf.dir/Middlewares/Third_Party/LwIP/src/core/tcp.c.obj
                0x0020ff4c                tcp_netif_ip_addr_changed
 .text.tcp_getoptbyte
                0x0020ffa0       0x4c CMakeFiles/code.elf.dir/Middlewares/Third_Party/LwIP/src/core/tcp_in.c.obj
 .text.tcp_parseopt
                0x0020ffec       0x84 CMakeFiles/code.elf.dir/Middlewares/Third_Party/LwIP/src/core/tcp_in.c.obj
 .text.tcp_input_delayed_close
                0x00210070       0x44 CMakeFiles/code.elf.dir/Middlewares/Third_Party/LwIP/src/core/tcp_in.c.obj
 .text.tcp_timewait_input
                0x002100b4       0x90 CMakeFiles/code.elf.dir/Middlewares/Third_Party/LwIP/src/core/tcp_in.c.obj
 .text.tcp_listen_input
                0x00210144      0x118 CMakeFiles/code.elf.dir/Middlewares/Third_Party/LwIP/src/core/tcp_in.c.obj
 .text.tcp_oos_insert_segment
                0x0021025c       0x88 CMakeFiles/code.elf.dir/Middlewares/Third_Party/LwIP/src/core/tcp_in.c.obj
 .text.tcp_receive
                0x002102e4      0xa1c CMakeFiles/code.elf.dir/Middlewares/Third_Party/LwIP/src/core/tcp_in.c.obj
 .text.tcp_process
                0x00210d00      0x528 CMakeFiles/code.elf.dir/Middlewares/Third_Party/LwIP/src/core/tcp_in.c.obj
 .text.tcp_input
                0x00211228      0x52c CMakeFiles/code.elf.dir/Middlewares/Third_Party/LwIP/src/core/tcp_in.c.obj
                0x00211228                tcp_input
 .text.tcp_trigger_input_pcb_close
                0x00211754       0x10 CMakeFiles/code.elf.dir/Middlewares/Third_Party/LwIP/src/core/tcp_in.c.obj
                0x00211754                tcp_trigger_input_pcb_close
 .text.tcp_write_checks
                0x00211764       0xa4 CMakeFiles/code.elf.dir/Middlewares/Third_Party/LwIP/src/core/tcp_out.c.obj
 .text.tcp_pbuf_prealloc
                0x00211808       0x80 CMakeFiles/code.elf.dir/Middlewares/Third_Party/LwIP/src/core/tcp_out.c.obj
 .text.tcp_create_segment
                0x00211888       0xbc CMakeFiles/code.elf.dir/Middlewares/Third_Party/LwIP/src/core/tcp_out.c.obj
 .text.tcp_output_alloc_header
                0x00211944       0x94 CMakeFiles/code.elf.dir/Middlewares/Third_Party/LwIP/src/core/tcp_out.c.obj
 .text.tcp_output_segment
                0x002119d8       0xbc CMakeFiles/code.elf.dir/Middlewares/Third_Party/LwIP/src/core/tcp_out.c.obj
 .text.tcp_write
                0x00211a94      0x514 CMakeFiles/code.elf.dir/Middlewares/Third_Party/LwIP/src/core/tcp_out.c.obj
                0x00211a94                tcp_write
 .text.tcp_enqueue_flags
                0x00211fa8      0x158 CMakeFiles/code.elf.dir/Middlewares/Third_Party/LwIP/src/core/tcp_out.c.obj
                0x00211fa8                tcp_enqueue_flags
 .text.tcp_send_fin
                0x00212100       0x46 CMakeFiles/code.elf.dir/Middlewares/Third_Party/LwIP/src/core/tcp_out.c.obj
                0x00212100                tcp_send_fin
 .text.tcp_send_empty_ack
                0x00212146       0x72 CMakeFiles/code.elf.dir/Middlewares/Third_Party/LwIP/src/core/tcp_out.c.obj
                0x00212146                tcp_send_empty_ack
 .text.tcp_output
                0x002121b8      0x280 CMakeFiles/code.elf.dir/Middlewares/Third_Party/LwIP/src/core/tcp_out.c.obj
                0x002121b8                tcp_output
 .text.tcp_rst  0x00212438       0xac CMakeFiles/code.elf.dir/Middlewares/Third_Party/LwIP/src/core/tcp_out.c.obj
                0x00212438                tcp_rst
 .text.tcp_rexmit_rto
                0x002124e4       0x36 CMakeFiles/code.elf.dir/Middlewares/Third_Party/LwIP/src/core/tcp_out.c.obj
                0x002124e4                tcp_rexmit_rto
 .text.tcp_rexmit
                0x0021251a       0x54 CMakeFiles/code.elf.dir/Middlewares/Third_Party/LwIP/src/core/tcp_out.c.obj
                0x0021251a                tcp_rexmit
 .text.tcp_rexmit_fast
                0x0021256e       0x56 CMakeFiles/code.elf.dir/Middlewares/Third_Party/LwIP/src/core/tcp_out.c.obj
                0x0021256e                tcp_rexmit_fast
 .text.tcp_keepalive
                0x002125c4       0x58 CMakeFiles/code.elf.dir/Middlewares/Third_Party/LwIP/src/core/tcp_out.c.obj
                0x002125c4                tcp_keepalive
 .text.tcp_zero_window_probe
                0x0021261c       0xd4 CMakeFiles/code.elf.dir/Middlewares/Third_Party/LwIP/src/core/tcp_out.c.obj
                0x0021261c                tcp_zero_window_probe
 .text.sys_timeouts_sleeptime
                0x002126f0       0x34 CMakeFiles/code.elf.dir/Middlewares/Third_Party/LwIP/src/core/timeouts.c.obj
 .text.sys_check_timeouts
                0x00212724       0x60 CMakeFiles/code.elf.dir/Middlewares/Third_Party/LwIP/src/core/timeouts.c.obj
 .text.sys_timeout
                0x00212784       0xb0 CMakeFiles/code.elf.dir/Middlewares/Third_Party/LwIP/src/core/timeouts.c.obj
                0x00212784                sys_timeout
 .text.tcp_timer_needed
                0x00212834       0x3c CMakeFiles/code.elf.dir/Middlewares/Third_Party/LwIP/src/core/timeouts.c.obj
                0x00212834                tcp_timer_needed
 .text.tcpip_tcp_timer
                0x00212870       0x38 CMakeFiles/code.elf.dir/Middlewares/Third_Party/LwIP/src/core/timeouts.c.obj
 .text.sys_timeouts_init
                0x002128a8       0x34 CMakeFiles/code.elf.dir/Middlewares/Third_Party/LwIP/src/core/timeouts.c.obj
                0x002128a8                sys_timeouts_init
 .text.cyclic_timer
                0x002128dc       0x18 CMakeFiles/code.elf.dir/Middlewares/Third_Party/LwIP/src/core/timeouts.c.obj
 .text.sys_timeouts_mbox_fetch
                0x002128f4       0x40 CMakeFiles/code.elf.dir/Middlewares/Third_Party/LwIP/src/core/timeouts.c.obj
                0x002128f4                sys_timeouts_mbox_fetch
 .text.udp_new_port
                0x00212934       0x4c CMakeFiles/code.elf.dir/Middlewares/Third_Party/LwIP/src/core/udp.c.obj
 .text.udp_input_local_match
                0x00212980       0x50 CMakeFiles/code.elf.dir/Middlewares/Third_Party/LwIP/src/core/udp.c.obj
 .text.udp_init
                0x002129d0        0x2 CMakeFiles/code.elf.dir/Middlewares/Third_Party/LwIP/src/core/udp.c.obj
                0x002129d0                udp_init
 *fill*         0x002129d2        0x2 
 .text.udp_input
                0x002129d4      0x134 CMakeFiles/code.elf.dir/Middlewares/Third_Party/LwIP/src/core/udp.c.obj
                0x002129d4                udp_input
 .text.udp_bind
                0x00212b08       0x8c CMakeFiles/code.elf.dir/Middlewares/Third_Party/LwIP/src/core/udp.c.obj
                0x00212b08                udp_bind
 .text.udp_recv
                0x00212b94        0x6 CMakeFiles/code.elf.dir/Middlewares/Third_Party/LwIP/src/core/udp.c.obj
                0x00212b94                udp_recv
 *fill*         0x00212b9a        0x2 
 .text.udp_remove
                0x00212b9c       0x38 CMakeFiles/code.elf.dir/Middlewares/Third_Party/LwIP/src/core/udp.c.obj
                0x00212b9c                udp_remove
 .text.udp_new  0x00212bd4       0x1c CMakeFiles/code.elf.dir/Middlewares/Third_Party/LwIP/src/core/udp.c.obj
                0x00212bd4                udp_new
 .text.udp_new_ip_type
                0x00212bf0        0x8 CMakeFiles/code.elf.dir/Middlewares/Third_Party/LwIP/src/core/udp.c.obj
                0x00212bf0                udp_new_ip_type
 .text.udp_netif_ip_addr_changed
                0x00212bf8       0x38 CMakeFiles/code.elf.dir/Middlewares/Third_Party/LwIP/src/core/udp.c.obj
                0x00212bf8                udp_netif_ip_addr_changed
 .text.ethernet_input
                0x00212c30       0xa8 CMakeFiles/code.elf.dir/Middlewares/Third_Party/LwIP/src/netif/ethernet.c.obj
                0x00212c30                ethernet_input
 .text.ethernet_output
                0x00212cd8       0x70 CMakeFiles/code.elf.dir/Middlewares/Third_Party/LwIP/src/netif/ethernet.c.obj
                0x00212cd8                ethernet_output
 .text.sys_mbox_new
                0x00212d48       0x24 CMakeFiles/code.elf.dir/Middlewares/Third_Party/LwIP/system/OS/sys_arch.c.obj
                0x00212d48                sys_mbox_new
 .text.sys_mbox_free
                0x00212d6c       0x12 CMakeFiles/code.elf.dir/Middlewares/Third_Party/LwIP/system/OS/sys_arch.c.obj
                0x00212d6c                sys_mbox_free
 .text.sys_mbox_post
                0x00212d7e       0x18 CMakeFiles/code.elf.dir/Middlewares/Third_Party/LwIP/system/OS/sys_arch.c.obj
                0x00212d7e                sys_mbox_post
 .text.sys_mbox_trypost
                0x00212d96       0x14 CMakeFiles/code.elf.dir/Middlewares/Third_Party/LwIP/system/OS/sys_arch.c.obj
                0x00212d96                sys_mbox_trypost
 .text.sys_arch_mbox_fetch
                0x00212daa       0x5a CMakeFiles/code.elf.dir/Middlewares/Third_Party/LwIP/system/OS/sys_arch.c.obj
                0x00212daa                sys_arch_mbox_fetch
 .text.sys_arch_mbox_tryfetch
                0x00212e04       0x26 CMakeFiles/code.elf.dir/Middlewares/Third_Party/LwIP/system/OS/sys_arch.c.obj
                0x00212e04                sys_arch_mbox_tryfetch
 .text.sys_mbox_valid
                0x00212e2a        0xc CMakeFiles/code.elf.dir/Middlewares/Third_Party/LwIP/system/OS/sys_arch.c.obj
                0x00212e2a                sys_mbox_valid
 .text.sys_mbox_set_invalid
                0x00212e36        0x6 CMakeFiles/code.elf.dir/Middlewares/Third_Party/LwIP/system/OS/sys_arch.c.obj
                0x00212e36                sys_mbox_set_invalid
 .text.sys_sem_new
                0x00212e3c       0x32 CMakeFiles/code.elf.dir/Middlewares/Third_Party/LwIP/system/OS/sys_arch.c.obj
                0x00212e3c                sys_sem_new
 .text.sys_arch_sem_wait
                0x00212e6e       0x3c CMakeFiles/code.elf.dir/Middlewares/Third_Party/LwIP/system/OS/sys_arch.c.obj
                0x00212e6e                sys_arch_sem_wait
 .text.sys_sem_signal
                0x00212eaa        0xa CMakeFiles/code.elf.dir/Middlewares/Third_Party/LwIP/system/OS/sys_arch.c.obj
                0x00212eaa                sys_sem_signal
 .text.sys_sem_free
                0x00212eb4        0xa CMakeFiles/code.elf.dir/Middlewares/Third_Party/LwIP/system/OS/sys_arch.c.obj
                0x00212eb4                sys_sem_free
 .text.sys_sem_valid
                0x00212ebe        0xc CMakeFiles/code.elf.dir/Middlewares/Third_Party/LwIP/system/OS/sys_arch.c.obj
                0x00212ebe                sys_sem_valid
 .text.sys_sem_set_invalid
                0x00212eca        0x6 CMakeFiles/code.elf.dir/Middlewares/Third_Party/LwIP/system/OS/sys_arch.c.obj
                0x00212eca                sys_sem_set_invalid
 .text.sys_init
                0x00212ed0       0x18 CMakeFiles/code.elf.dir/Middlewares/Third_Party/LwIP/system/OS/sys_arch.c.obj
                0x00212ed0                sys_init
 .text.sys_mutex_new
                0x00212ee8       0x22 CMakeFiles/code.elf.dir/Middlewares/Third_Party/LwIP/system/OS/sys_arch.c.obj
                0x00212ee8                sys_mutex_new
 .text.sys_mutex_lock