Archive member included to satisfy reference by file (symbol)

s:/gnutoo~1/72018-~1/bin/../lib/gcc/arm-none-eabi/7.3.1/thumb/v7e-m/fpv4-sp/hard\libgcc.a(_aeabi_uldivmod.o)
                              CMakeFiles/code.elf.dir/Drivers/STM32F7xx_HAL_Driver/Src/stm32f7xx_hal_rcc.c.obj (__aeabi_uldivmod)
s:/gnutoo~1/72018-~1/bin/../lib/gcc/arm-none-eabi/7.3.1/thumb/v7e-m/fpv4-sp/hard\libgcc.a(_udivmoddi4.o)
                              s:/gnutoo~1/72018-~1/bin/../lib/gcc/arm-none-eabi/7.3.1/thumb/v7e-m/fpv4-sp/hard\libgcc.a(_aeabi_uldivmod.o) (__udivmoddi4)
s:/gnutoo~1/72018-~1/bin/../lib/gcc/arm-none-eabi/7.3.1/thumb/v7e-m/fpv4-sp/hard\libgcc.a(_dvmd_tls.o)
                              s:/gnutoo~1/72018-~1/bin/../lib/gcc/arm-none-eabi/7.3.1/thumb/v7e-m/fpv4-sp/hard\libgcc.a(_aeabi_uldivmod.o) (__aeabi_ldiv0)
s:/gnutoo~1/72018-~1/bin/../lib/gcc/arm-none-eabi/7.3.1/../../../../arm-none-eabi/lib/thumb/v7e-m/fpv4-sp/hard\libg.a(lib_a-exit.o)
                              s:/gnutoo~1/72018-~1/bin/../lib/gcc/arm-none-eabi/7.3.1/../../../../arm-none-eabi/lib/thumb/v7e-m/fpv4-sp/hard/crt0.o (exit)
s:/gnutoo~1/72018-~1/bin/../lib/gcc/arm-none-eabi/7.3.1/../../../../arm-none-eabi/lib/thumb/v7e-m/fpv4-sp/hard\libg.a(lib_a-impure.o)
                              s:/gnutoo~1/72018-~1/bin/../lib/gcc/arm-none-eabi/7.3.1/../../../../arm-none-eabi/lib/thumb/v7e-m/fpv4-sp/hard\libg.a(lib_a-exit.o) (_global_impure_ptr)
s:/gnutoo~1/72018-~1/bin/../lib/gcc/arm-none-eabi/7.3.1/../../../../arm-none-eabi/lib/thumb/v7e-m/fpv4-sp/hard\libg.a(lib_a-init.o)
                              s:/gnutoo~1/72018-~1/bin/../lib/gcc/arm-none-eabi/7.3.1/../../../../arm-none-eabi/lib/thumb/v7e-m/fpv4-sp/hard/crt0.o (__libc_init_array)
s:/gnutoo~1/72018-~1/bin/../lib/gcc/arm-none-eabi/7.3.1/../../../../arm-none-eabi/lib/thumb/v7e-m/fpv4-sp/hard\libg.a(lib_a-memcmp.o)
                              CMakeFiles/code.elf.dir/Middlewares/Third_Party/LwIP/src/netif/ethernet.c.obj (memcmp)
s:/gnutoo~1/72018-~1/bin/../lib/gcc/arm-none-eabi/7.3.1/../../../../arm-none-eabi/lib/thumb/v7e-m/fpv4-sp/hard\libg.a(lib_a-memcpy.o)
                              CMakeFiles/code.elf.dir/Middlewares/Third_Party/FreeRTOS/Source/queue.c.obj (memcpy)
s:/gnutoo~1/72018-~1/bin/../lib/gcc/arm-none-eabi/7.3.1/../../../../arm-none-eabi/lib/thumb/v7e-m/fpv4-sp/hard\libg.a(lib_a-memset.o)
                              s:/gnutoo~1/72018-~1/bin/../lib/gcc/arm-none-eabi/7.3.1/../../../../arm-none-eabi/lib/thumb/v7e-m/fpv4-sp/hard/crt0.o (memset)
s:/gnutoo~1/72018-~1/bin/../lib/gcc/arm-none-eabi/7.3.1/../../../../arm-none-eabi/lib/thumb/v7e-m/fpv4-sp/hard\libg.a(lib_a-printf.o)
                              CMakeFiles/code.elf.dir/Middlewares/Third_Party/LwIP/src/api/api_lib.c.obj (printf)
s:/gnutoo~1/72018-~1/bin/../lib/gcc/arm-none-eabi/7.3.1/../../../../arm-none-eabi/lib/thumb/v7e-m/fpv4-sp/hard\libg.a(lib_a-strlen.o)
                              CMakeFiles/code.elf.dir/Middlewares/Third_Party/LwIP/src/apps/mqtt/mqtt.c.obj (strlen)
s:/gnutoo~1/72018-~1/bin/../lib/gcc/arm-none-eabi/7.3.1/../../../../arm-none-eabi/lib/thumb/v7e-m/fpv4-sp/hard\libg.a(lib_a-strncmp.o)
                              CMakeFiles/code.elf.dir/Middlewares/Third_Party/LwIP/src/core/def.c.obj (strncmp)
s:/gnutoo~1/72018-~1/bin/../lib/gcc/arm-none-eabi/7.3.1/../../../../arm-none-eabi/lib/thumb/v7e-m/fpv4-sp/hard\libg.a(lib_a-vfprintf.o)
                              s:/gnutoo~1/72018-~1/bin/../lib/gcc/arm-none-eabi/7.3.1/../../../../arm-none-eabi/lib/thumb/v7e-m/fpv4-sp/hard\libg.a(lib_a-printf.o) (_vfprintf_r)
s:/gnutoo~1/72018-~1/bin/../lib/gcc/arm-none-eabi/7.3.1/../../../../arm-none-eabi/lib/thumb/v7e-m/fpv4-sp/hard\libg.a(lib_a-wsetup.o)
                              s:/gnutoo~1/72018-~1/bin/../lib/gcc/arm-none-eabi/7.3.1/../../../../arm-none-eabi/lib/thumb/v7e-m/fpv4-sp/hard\libg.a(lib_a-vfprintf.o) (__swsetup_r)
s:/gnutoo~1/72018-~1/bin/../lib/gcc/arm-none-eabi/7.3.1/../../../../arm-none-eabi/lib/thumb/v7e-m/fpv4-sp/hard\libg.a(lib_a-__call_atexit.o)
                              s:/gnutoo~1/72018-~1/bin/../lib/gcc/arm-none-eabi/7.3.1/../../../../arm-none-eabi/lib/thumb/v7e-m/fpv4-sp/hard\libg.a(lib_a-exit.o) (__call_exitprocs)
s:/gnutoo~1/72018-~1/bin/../lib/gcc/arm-none-eabi/7.3.1/../../../../arm-none-eabi/lib/thumb/v7e-m/fpv4-sp/hard\libg.a(lib_a-atexit.o)
                              s:/gnutoo~1/72018-~1/bin/../lib/gcc/arm-none-eabi/7.3.1/../../../../arm-none-eabi/lib/thumb/v7e-m/fpv4-sp/hard\libg.a(lib_a-__call_atexit.o) (atexit)
s:/gnutoo~1/72018-~1/bin/../lib/gcc/arm-none-eabi/7.3.1/../../../../arm-none-eabi/lib/thumb/v7e-m/fpv4-sp/hard\libg.a(lib_a-dtoa.o)
                              s:/gnutoo~1/72018-~1/bin/../lib/gcc/arm-none-eabi/7.3.1/../../../../arm-none-eabi/lib/thumb/v7e-m/fpv4-sp/hard\libg.a(lib_a-vfprintf.o) (_dtoa_r)
s:/gnutoo~1/72018-~1/bin/../lib/gcc/arm-none-eabi/7.3.1/../../../../arm-none-eabi/lib/thumb/v7e-m/fpv4-sp/hard\libg.a(lib_a-fflush.o)
[...]
Memory Configuration

Name             Origin             Length             Attributes
RAM              0x20000000         0x00080000         xrw
FLASH            0x08000000         0x00200000         xr
*default*        0x00000000         0xffffffff

Linker script and memory map

LOAD s:/gnutoo~1/72018-~1/bin/../lib/gcc/arm-none-eabi/7.3.1/thumb/v7e-m/fpv4-sp/hard/crti.o
LOAD s:/gnutoo~1/72018-~1/bin/../lib/gcc/arm-none-eabi/7.3.1/thumb/v7e-m/fpv4-sp/hard/crtbegin.o
LOAD s:/gnutoo~1/72018-~1/bin/../lib/gcc/arm-none-eabi/7.3.1/../../../../arm-none-eabi/lib/thumb/v7e-m/fpv4-sp/hard/crt0.o
LOAD CMakeFiles/code.elf.dir/Drivers/STM32F7xx_HAL_Driver/Src/stm32f7xx_hal.c.obj
LOAD CMakeFiles/code.elf.dir/Drivers/STM32F7xx_HAL_Driver/Src/stm32f7xx_hal_cortex.c.obj
LOAD CMakeFiles/code.elf.dir/Drivers/STM32F7xx_HAL_Driver/Src/stm32f7xx_hal_dma.c.obj
LOAD CMakeFiles/code.elf.dir/Drivers/STM32F7xx_HAL_Driver/Src/stm32f7xx_hal_dma_ex.c.obj
LOAD CMakeFiles/code.elf.dir/Drivers/STM32F7xx_HAL_Driver/Src/stm32f7xx_hal_eth.c.obj
LOAD CMakeFiles/code.elf.dir/Drivers/STM32F7xx_HAL_Driver/Src/stm32f7xx_hal_flash.c.obj
LOAD CMakeFiles/code.elf.dir/Drivers/STM32F7xx_HAL_Driver/Src/stm32f7xx_hal_flash_ex.c.obj
LOAD CMakeFiles/code.elf.dir/Drivers/STM32F7xx_HAL_Driver/Src/stm32f7xx_hal_gpio.c.obj
LOAD CMakeFiles/code.elf.dir/Drivers/STM32F7xx_HAL_Driver/Src/stm32f7xx_hal_i2c.c.obj
LOAD CMakeFiles/code.elf.dir/Drivers/STM32F7xx_HAL_Driver/Src/stm32f7xx_hal_i2c_ex.c.obj
LOAD CMakeFiles/code.elf.dir/Drivers/STM32F7xx_HAL_Driver/Src/stm32f7xx_hal_pwr.c.obj
LOAD CMakeFiles/code.elf.dir/Drivers/STM32F7xx_HAL_Driver/Src/stm32f7xx_hal_pwr_ex.c.obj
LOAD CMakeFiles/code.elf.dir/Drivers/STM32F7xx_HAL_Driver/Src/stm32f7xx_hal_rcc.c.obj
LOAD CMakeFiles/code.elf.dir/Drivers/STM32F7xx_HAL_Driver/Src/stm32f7xx_hal_rcc_ex.c.obj
LOAD CMakeFiles/code.elf.dir/Drivers/STM32F7xx_HAL_Driver/Src/stm32f7xx_hal_tim.c.obj
LOAD CMakeFiles/code.elf.dir/Drivers/STM32F7xx_HAL_Driver/Src/stm32f7xx_hal_tim_ex.c.obj
LOAD CMakeFiles/code.elf.dir/Middlewares/Third_Party/FreeRTOS/Source/CMSIS_RTOS/cmsis_os.c.obj
LOAD CMakeFiles/code.elf.dir/Middlewares/Third_Party/FreeRTOS/Source/croutine.c.obj
LOAD CMakeFiles/code.elf.dir/Middlewares/Third_Party/FreeRTOS/Source/event_groups.c.obj
LOAD CMakeFiles/code.elf.dir/Middlewares/Third_Party/FreeRTOS/Source/list.c.obj
LOAD CMakeFiles/code.elf.dir/Middlewares/Third_Party/FreeRTOS/Source/portable/GCC/ARM_CM7/r0p1/port.c.obj
LOAD CMakeFiles/code.elf.dir/Middlewares/Third_Party/FreeRTOS/Source/portable/MemMang/heap_4.c.obj
LOAD CMakeFiles/code.elf.dir/Middlewares/Third_Party/FreeRTOS/Source/queue.c.obj
LOAD CMakeFiles/code.elf.dir/Middlewares/Third_Party/FreeRTOS/Source/tasks.c.obj
LOAD CMakeFiles/code.elf.dir/Middlewares/Third_Party/FreeRTOS/Source/timers.c.obj
LOAD CMakeFiles/code.elf.dir/Middlewares/Third_Party/LwIP/src/api/api_lib.c.obj
LOAD CMakeFiles/code.elf.dir/Middlewares/Third_Party/LwIP/src/api/api_msg.c.obj
LOAD CMakeFiles/code.elf.dir/Middlewares/Third_Party/LwIP/src/api/err.c.obj
LOAD CMakeFiles/code.elf.dir/Middlewares/Third_Party/LwIP/src/api/netbuf.c.obj
LOAD CMakeFiles/code.elf.dir/Middlewares/Third_Party/LwIP/src/api/netdb.c.obj
LOAD CMakeFiles/code.elf.dir/Middlewares/Third_Party/LwIP/src/api/netifapi.c.obj
LOAD CMakeFiles/code.elf.dir/Middlewares/Third_Party/LwIP/src/api/sockets.c.obj
LOAD CMakeFiles/code.elf.dir/Middlewares/Third_Party/LwIP/src/api/tcpip.c.obj
LOAD CMakeFiles/code.elf.dir/Middlewares/Third_Party/LwIP/src/apps/mqtt/mqtt.c.obj
LOAD CMakeFiles/code.elf.dir/Middlewares/Third_Party/LwIP/src/core/def.c.obj
LOAD CMakeFiles/code.elf.dir/Middlewares/Third_Party/LwIP/src/core/dns.c.obj
LOAD CMakeFiles/code.elf.dir/Middlewares/Third_Party/LwIP/src/core/inet_chksum.c.obj
LOAD CMakeFiles/code.elf.dir/Middlewares/Third_Party/LwIP/src/core/init.c.obj
LOAD CMakeFiles/code.elf.dir/Middlewares/Third_Party/LwIP/src/core/ip.c.obj
LOAD CMakeFiles/code.elf.dir/Middlewares/Third_Party/LwIP/src/core/ipv4/autoip.c.obj
LOAD CMakeFiles/code.elf.dir/Middlewares/Third_Party/LwIP/src/core/ipv4/dhcp.c.obj
LOAD CMakeFiles/code.elf.dir/Middlewares/Third_Party/LwIP/src/core/ipv4/etharp.c.obj
LOAD CMakeFiles/code.elf.dir/Middlewares/Third_Party/LwIP/src/core/ipv4/icmp.c.obj
LOAD CMakeFiles/code.elf.dir/Middlewares/Third_Party/LwIP/src/core/ipv4/igmp.c.obj
LOAD CMakeFiles/code.elf.dir/Middlewares/Third_Party/LwIP/src/core/ipv4/ip4.c.obj
LOAD CMakeFiles/code.elf.dir/Middlewares/Third_Party/LwIP/src/core/ipv4/ip4_addr.c.obj
LOAD CMakeFiles/code.elf.dir/Middlewares/Third_Party/LwIP/src/core/ipv4/ip4_frag.c.obj
LOAD CMakeFiles/code.elf.dir/Middlewares/Third_Party/LwIP/src/core/ipv6/dhcp6.c.obj
LOAD CMakeFiles/code.elf.dir/Middlewares/Third_Party/LwIP/src/core/ipv6/ethip6.c.obj
LOAD CMakeFiles/code.elf.dir/Middlewares/Third_Party/LwIP/src/core/ipv6/icmp6.c.obj
LOAD CMakeFiles/code.elf.dir/Middlewares/Third_Party/LwIP/src/core/ipv6/inet6.c.obj
LOAD CMakeFiles/code.elf.dir/Middlewares/Third_Party/LwIP/src/core/ipv6/ip6.c.obj
LOAD CMakeFiles/code.elf.dir/Middlewares/Third_Party/LwIP/src/core/ipv6/ip6_addr.c.obj
LOAD CMakeFiles/code.elf.dir/Middlewares/Third_Party/LwIP/src/core/ipv6/ip6_frag.c.obj
LOAD CMakeFiles/code.elf.dir/Middlewares/Third_Party/LwIP/src/core/ipv6/mld6.c.obj
LOAD CMakeFiles/code.elf.dir/Middlewares/Third_Party/LwIP/src/core/ipv6/nd6.c.obj
LOAD CMakeFiles/code.elf.dir/Middlewares/Third_Party/LwIP/src/core/mem.c.obj
LOAD CMakeFiles/code.elf.dir/Middlewares/Third_Party/LwIP/src/core/memp.c.obj
LOAD CMakeFiles/code.elf.dir/Middlewares/Third_Party/LwIP/src/core/netif.c.obj
LOAD CMakeFiles/code.elf.dir/Middlewares/Third_Party/LwIP/src/core/pbuf.c.obj
LOAD CMakeFiles/code.elf.dir/Middlewares/Third_Party/LwIP/src/core/raw.c.obj
LOAD CMakeFiles/code.elf.dir/Middlewares/Third_Party/LwIP/src/core/stats.c.obj
LOAD CMakeFiles/code.elf.dir/Middlewares/Third_Party/LwIP/src/core/sys.c.obj
LOAD CMakeFiles/code.elf.dir/Middlewares/Third_Party/LwIP/src/core/tcp.c.obj
LOAD CMakeFiles/code.elf.dir/Middlewares/Third_Party/LwIP/src/core/tcp_in.c.obj
LOAD CMakeFiles/code.elf.dir/Middlewares/Third_Party/LwIP/src/core/tcp_out.c.obj
LOAD CMakeFiles/code.elf.dir/Middlewares/Third_Party/LwIP/src/core/timeouts.c.obj
LOAD CMakeFiles/code.elf.dir/Middlewares/Third_Party/LwIP/src/core/udp.c.obj
LOAD CMakeFiles/code.elf.dir/Middlewares/Third_Party/LwIP/src/netif/ethernet.c.obj
LOAD CMakeFiles/code.elf.dir/Middlewares/Third_Party/LwIP/src/netif/lowpan6.c.obj
LOAD CMakeFiles/code.elf.dir/Middlewares/Third_Party/LwIP/src/netif/ppp/auth.c.obj
LOAD CMakeFiles/code.elf.dir/Middlewares/Third_Party/LwIP/src/netif/ppp/ccp.c.obj
LOAD CMakeFiles/code.elf.dir/Middlewares/Third_Party/LwIP/src/netif/ppp/chap-md5.c.obj
LOAD CMakeFiles/code.elf.dir/Middlewares/Third_Party/LwIP/src/netif/ppp/chap-new.c.obj
LOAD CMakeFiles/code.elf.dir/Middlewares/Third_Party/LwIP/src/netif/ppp/chap_ms.c.obj
LOAD CMakeFiles/code.elf.dir/Middlewares/Third_Party/LwIP/src/netif/ppp/demand.c.obj
LOAD CMakeFiles/code.elf.dir/Middlewares/Third_Party/LwIP/src/netif/ppp/eap.c.obj
LOAD CMakeFiles/code.elf.dir/Middlewares/Third_Party/LwIP/src/netif/ppp/ecp.c.obj
LOAD CMakeFiles/code.elf.dir/Middlewares/Third_Party/LwIP/src/netif/ppp/eui64.c.obj
LOAD CMakeFiles/code.elf.dir/Middlewares/Third_Party/LwIP/src/netif/ppp/fsm.c.obj
LOAD CMakeFiles/code.elf.dir/Middlewares/Third_Party/LwIP/src/netif/ppp/ipcp.c.obj
LOAD CMakeFiles/code.elf.dir/Middlewares/Third_Party/LwIP/src/netif/ppp/ipv6cp.c.obj
LOAD CMakeFiles/code.elf.dir/Middlewares/Third_Party/LwIP/src/netif/ppp/lcp.c.obj
LOAD CMakeFiles/code.elf.dir/Middlewares/Third_Party/LwIP/src/netif/ppp/magic.c.obj
LOAD CMakeFiles/code.elf.dir/Middlewares/Third_Party/LwIP/src/netif/ppp/mppe.c.obj
LOAD CMakeFiles/code.elf.dir/Middlewares/Third_Party/LwIP/src/netif/ppp/multilink.c.obj
LOAD CMakeFiles/code.elf.dir/Middlewares/Third_Party/LwIP/src/netif/ppp/ppp.c.obj
LOAD CMakeFiles/code.elf.dir/Middlewares/Third_Party/LwIP/src/netif/ppp/pppapi.c.obj
LOAD CMakeFiles/code.elf.dir/Middlewares/Third_Party/LwIP/src/netif/ppp/pppcrypt.c.obj
LOAD CMakeFiles/code.elf.dir/Middlewares/Third_Party/LwIP/src/netif/ppp/pppoe.c.obj
LOAD CMakeFiles/code.elf.dir/Middlewares/Third_Party/LwIP/src/netif/ppp/pppol2tp.c.obj
LOAD CMakeFiles/code.elf.dir/Middlewares/Third_Party/LwIP/src/netif/ppp/pppos.c.obj
LOAD CMakeFiles/code.elf.dir/Middlewares/Third_Party/LwIP/src/netif/ppp/upap.c.obj
LOAD CMakeFiles/code.elf.dir/Middlewares/Third_Party/LwIP/src/netif/ppp/utils.c.obj
LOAD CMakeFiles/code.elf.dir/Middlewares/Third_Party/LwIP/src/netif/ppp/vj.c.obj
LOAD CMakeFiles/code.elf.dir/Middlewares/Third_Party/LwIP/src/netif/slipif.c.obj
LOAD CMakeFiles/code.elf.dir/Middlewares/Third_Party/LwIP/system/OS/sys_arch.c.obj
LOAD CMakeFiles/code.elf.dir/Src/ethernetif.c.obj
LOAD CMakeFiles/code.elf.dir/Src/freertos.c.obj
LOAD CMakeFiles/code.elf.dir/Src/lwip.c.obj
LOAD CMakeFiles/code.elf.dir/Src/main.c.obj
LOAD CMakeFiles/code.elf.dir/Src/stm32f7xx_hal_msp.c.obj
LOAD CMakeFiles/code.elf.dir/Src/stm32f7xx_hal_timebase_TIM.c.obj
LOAD CMakeFiles/code.elf.dir/Src/stm32f7xx_it.c.obj
LOAD CMakeFiles/code.elf.dir/Src/syscalls.c.obj
LOAD CMakeFiles/code.elf.dir/Src/system_stm32f7xx.c.obj
LOAD CMakeFiles/code.elf.dir/startup/startup_stm32f767xx.s.obj
START GROUP
LOAD s:/gnutoo~1/72018-~1/bin/../lib/gcc/arm-none-eabi/7.3.1/thumb/v7e-m/fpv4-sp/hard\libgcc.a
LOAD s:/gnutoo~1/72018-~1/bin/../lib/gcc/arm-none-eabi/7.3.1/../../../../arm-none-eabi/lib/thumb/v7e-m/fpv4-sp/hard\libg.a
LOAD s:/gnutoo~1/72018-~1/bin/../lib/gcc/arm-none-eabi/7.3.1/../../../../arm-none-eabi/lib/thumb/v7e-m/fpv4-sp/hard\libc.a
END GROUP
LOAD s:/gnutoo~1/72018-~1/bin/../lib/gcc/arm-none-eabi/7.3.1/thumb/v7e-m/fpv4-sp/hard/crtend.o
LOAD s:/gnutoo~1/72018-~1/bin/../lib/gcc/arm-none-eabi/7.3.1/thumb/v7e-m/fpv4-sp/hard/crtn.o
                0x20080000                _estack = 0x20080000
                0x00000200                _Min_Heap_Size = 0x200
                0x00000400                _Min_Stack_Size = 0x400

.isr_vector     0x08000000      0x1f8
                0x08000000                . = ALIGN (0x4)
 *(.isr_vector)
 .isr_vector    0x08000000      0x1f8 CMakeFiles/code.elf.dir/startup/startup_stm32f767xx.s.obj
                0x08000000                g_pfnVectors
                0x080001f8                . = ALIGN (0x4)

.text           0x08000200     0xf4fc
                0x08000200                . = ALIGN (0x4)
 *(.text)
 .text          0x08000200       0x40 s:/gnutoo~1/72018-~1/bin/../lib/gcc/arm-none-eabi/7.3.1/thumb/v7e-m/fpv4-sp/hard/crtbegin.o
 .text          0x08000240       0x30 s:/gnutoo~1/72018-~1/bin/../lib/gcc/arm-none-eabi/7.3.1/thumb/v7e-m/fpv4-sp/hard\libgcc.a(_aeabi_uldivmod.o)
                0x08000240                __aeabi_uldivmod
 .text          0x08000270      0x2cc s:/gnutoo~1/72018-~1/bin/../lib/gcc/arm-none-eabi/7.3.1/thumb/v7e-m/fpv4-sp/hard\libgcc.a(_udivmoddi4.o)
                0x08000270                __udivmoddi4
 .text          0x0800053c        0x4 s:/gnutoo~1/72018-~1/bin/../lib/gcc/arm-none-eabi/7.3.1/thumb/v7e-m/fpv4-sp/hard\libgcc.a(_dvmd_tls.o)
                0x0800053c                __aeabi_idiv0
                0x0800053c                __aeabi_ldiv0
 .text          0x08000540      0x134 s:/gnutoo~1/72018-~1/bin/../lib/gcc/arm-none-eabi/7.3.1/../../../../arm-none-eabi/lib/thumb/v7e-m/fpv4-sp/hard\libg.a(lib_a-memcpy.o)
                0x08000540                memcpy
 *fill*         0x08000674        0xc 
 .text          0x08000680       0xdc s:/gnutoo~1/72018-~1/bin/../lib/gcc/arm-none-eabi/7.3.1/../../../../arm-none-eabi/lib/thumb/v7e-m/fpv4-sp/hard\libg.a(lib_a-strlen.o)
                0x08000680                strlen
 *fill*         0x0800075c        0x4 
 .text          0x08000760       0xa0 s:/gnutoo~1/72018-~1/bin/../lib/gcc/arm-none-eabi/7.3.1/../../../../arm-none-eabi/lib/thumb/v7e-m/fpv4-sp/hard\libg.a(lib_a-memchr.o)
                0x08000760                memchr
 .text          0x08000800      0x378 s:/gnutoo~1/72018-~1/bin/../lib/gcc/arm-none-eabi/7.3.1/thumb/v7e-m/fpv4-sp/hard\libgcc.a(_arm_addsubdf3.o)
                0x08000800                __aeabi_drsub
                0x08000808                __aeabi_dsub
                0x08000808                __subdf3
                0x0800080c                __aeabi_dadd
                0x0800080c                __adddf3
                0x08000a84                __floatunsidf
                0x08000a84                __aeabi_ui2d
                0x08000aa4                __floatsidf
                0x08000aa4                __aeabi_i2d
                0x08000ac8                __aeabi_f2d
                0x08000ac8                __extendsfdf2
                0x08000b0c                __floatundidf
                0x08000b0c                __aeabi_ul2d
                0x08000b1c                __floatdidf
                0x08000b1c                __aeabi_l2d
 .text          0x08000b78      0x424 s:/gnutoo~1/72018-~1/bin/../lib/gcc/arm-none-eabi/7.3.1/thumb/v7e-m/fpv4-sp/hard\libgcc.a(_arm_muldivdf3.o)
                0x08000b78                __aeabi_dmul
                0x08000b78                __muldf3
                0x08000dcc                __divdf3
                0x08000dcc                __aeabi_ddiv
 .text          0x08000f9c      0x110 s:/gnutoo~1/72018-~1/bin/../lib/gcc/arm-none-eabi/7.3.1/thumb/v7e-m/fpv4-sp/hard\libgcc.a(_arm_cmpdf2.o)
                0x08000f9c                __gtdf2
                0x08000f9c                __gedf2
                0x08000fa4                __ltdf2
                0x08000fa4                __ledf2
                0x08000fac                __nedf2
                0x08000fac                __eqdf2
                0x08000fac                __cmpdf2
                0x08001028                __aeabi_cdrcmple
                0x08001038                __aeabi_cdcmpeq
                0x08001038                __aeabi_cdcmple
                0x08001048                __aeabi_dcmpeq
                0x0800105c                __aeabi_dcmplt
                0x08001070                __aeabi_dcmple
                0x08001084                __aeabi_dcmpge
                0x08001098                __aeabi_dcmpgt
 .text          0x080010ac       0x2c s:/gnutoo~1/72018-~1/bin/../lib/gcc/arm-none-eabi/7.3.1/thumb/v7e-m/fpv4-sp/hard\libgcc.a(_arm_unorddf2.o)
                0x080010ac                __unorddf2
                0x080010ac                __aeabi_dcmpun
 .text          0x080010d8       0x50 s:/gnutoo~1/72018-~1/bin/../lib/gcc/arm-none-eabi/7.3.1/thumb/v7e-m/fpv4-sp/hard\libgcc.a(_arm_fixdfsi.o)
                0x080010d8                __aeabi_d2iz
                0x080010d8                __fixdfsi
 *(.text*)
 .text.HAL_Init
                0x08001128       0x16 CMakeFiles/code.elf.dir/Drivers/STM32F7xx_HAL_Driver/Src/stm32f7xx_hal.c.obj
                0x08001128                HAL_Init
 *fill*         0x0800113e        0x2 
 .text.HAL_IncTick
                0x08001140       0x18 CMakeFiles/code.elf.dir/Drivers/STM32F7xx_HAL_Driver/Src/stm32f7xx_hal.c.obj
                0x08001140                HAL_IncTick
 .text.HAL_GetTick
                0x08001158        0xc CMakeFiles/code.elf.dir/Drivers/STM32F7xx_HAL_Driver/Src/stm32f7xx_hal.c.obj
                0x08001158                HAL_GetTick
 .text.HAL_Delay
                0x08001164       0x28 CMakeFiles/code.elf.dir/Drivers/STM32F7xx_HAL_Driver/Src/stm32f7xx_hal.c.obj
                0x08001164                HAL_Delay
 .text.HAL_NVIC_SetPriorityGrouping
                0x0800118c       0x24 CMakeFiles/code.elf.dir/Drivers/STM32F7xx_HAL_Driver/Src/stm32f7xx_hal_cortex.c.obj
                0x0800118c                HAL_NVIC_SetPriorityGrouping
 .text.HAL_NVIC_SetPriority
                0x080011b0       0x64 CMakeFiles/code.elf.dir/Drivers/STM32F7xx_HAL_Driver/Src/stm32f7xx_hal_cortex.c.obj
                0x080011b0                HAL_NVIC_SetPriority
 .text.HAL_NVIC_EnableIRQ
                0x08001214       0x18 CMakeFiles/code.elf.dir/Drivers/STM32F7xx_HAL_Driver/Src/stm32f7xx_hal_cortex.c.obj
                0x08001214                HAL_NVIC_EnableIRQ
 .text.HAL_SYSTICK_Config
                0x0800122c       0x2c CMakeFiles/code.elf.dir/Drivers/STM32F7xx_HAL_Driver/Src/stm32f7xx_hal_cortex.c.obj
                0x0800122c                HAL_SYSTICK_Config
 .text.HAL_SYSTICK_CLKSourceConfig
                0x08001258       0x20 CMakeFiles/code.elf.dir/Drivers/STM32F7xx_HAL_Driver/Src/stm32f7xx_hal_cortex.c.obj
                0x08001258                HAL_SYSTICK_CLKSourceConfig
 .text.ETH_MACAddressConfig
                0x08001278       0x30 CMakeFiles/code.elf.dir/Drivers/STM32F7xx_HAL_Driver/Src/stm32f7xx_hal_eth.c.obj
 .text.ETH_DMATransmissionEnable
                0x080012a8       0x10 CMakeFiles/code.elf.dir/Drivers/STM32F7xx_HAL_Driver/Src/stm32f7xx_hal_eth.c.obj
 .text.ETH_DMAReceptionEnable
                0x080012b8       0x10 CMakeFiles/code.elf.dir/Drivers/STM32F7xx_HAL_Driver/Src/stm32f7xx_hal_eth.c.obj
 .text.ETH_MACDMAConfig
                0x080012c8      0x118 CMakeFiles/code.elf.dir/Drivers/STM32F7xx_HAL_Driver/Src/stm32f7xx_hal_eth.c.obj
 .text.ETH_MACTransmissionEnable
                0x080013e0       0x2a CMakeFiles/code.elf.dir/Drivers/STM32F7xx_HAL_Driver/Src/stm32f7xx_hal_eth.c.obj
 .text.ETH_MACReceptionEnable
                0x0800140a       0x2a CMakeFiles/code.elf.dir/Drivers/STM32F7xx_HAL_Driver/Src/stm32f7xx_hal_eth.c.obj
 .text.ETH_FlushTransmitFIFO
                0x08001434       0x2e CMakeFiles/code.elf.dir/Drivers/STM32F7xx_HAL_Driver/Src/stm32f7xx_hal_eth.c.obj
 .text.HAL_ETH_DMATxDescListInit
                0x08001462       0x72 CMakeFiles/code.elf.dir/Drivers/STM32F7xx_HAL_Driver/Src/stm32f7xx_hal_eth.c.obj
                0x08001462                HAL_ETH_DMATxDescListInit
 .text.HAL_ETH_DMARxDescListInit
                0x080014d4       0x6c CMakeFiles/code.elf.dir/Drivers/STM32F7xx_HAL_Driver/Src/stm32f7xx_hal_eth.c.obj
                0x080014d4                HAL_ETH_DMARxDescListInit
 .text.HAL_ETH_TransmitFrame
                0x08001540      0x120 CMakeFiles/code.elf.dir/Drivers/STM32F7xx_HAL_Driver/Src/stm32f7xx_hal_eth.c.obj
                0x08001540                HAL_ETH_TransmitFrame
 .text.HAL_ETH_GetReceivedFrame_IT
                0x08001660       0x98 CMakeFiles/code.elf.dir/Drivers/STM32F7xx_HAL_Driver/Src/stm32f7xx_hal_eth.c.obj
                0x08001660                HAL_ETH_GetReceivedFrame_IT
 .text.HAL_ETH_TxCpltCallback
                0x080016f8        0x2 CMakeFiles/code.elf.dir/Drivers/STM32F7xx_HAL_Driver/Src/stm32f7xx_hal_eth.c.obj
                0x080016f8                HAL_ETH_TxCpltCallback
 .text.HAL_ETH_ErrorCallback
                0x080016fa        0x2 CMakeFiles/code.elf.dir/Drivers/STM32F7xx_HAL_Driver/Src/stm32f7xx_hal_eth.c.obj
                0x080016fa                HAL_ETH_ErrorCallback
 .text.HAL_ETH_IRQHandler
                0x080016fc       0x8c CMakeFiles/code.elf.dir/Drivers/STM32F7xx_HAL_Driver/Src/stm32f7xx_hal_eth.c.obj
                0x080016fc                HAL_ETH_IRQHandler
 .text.HAL_ETH_ReadPHYRegister
                0x08001788       0x78 CMakeFiles/code.elf.dir/Drivers/STM32F7xx_HAL_Driver/Src/stm32f7xx_hal_eth.c.obj
                0x08001788                HAL_ETH_ReadPHYRegister
 .text.HAL_ETH_WritePHYRegister
                0x08001800       0x74 CMakeFiles/code.elf.dir/Drivers/STM32F7xx_HAL_Driver/Src/stm32f7xx_hal_eth.c.obj
                0x08001800                HAL_ETH_WritePHYRegister
 .text.HAL_ETH_Init
                0x08001874      0x254 CMakeFiles/code.elf.dir/Drivers/STM32F7xx_HAL_Driver/Src/stm32f7xx_hal_eth.c.obj
                0x08001874                HAL_ETH_Init
 .text.HAL_ETH_Start
                0x08001ac8       0x44 CMakeFiles/code.elf.dir/Drivers/STM32F7xx_HAL_Driver/Src/stm32f7xx_hal_eth.c.obj
                0x08001ac8                HAL_ETH_Start
 .text.HAL_GPIO_Init
                0x08001b0c      0x1e0 CMakeFiles/code.elf.dir/Drivers/STM32F7xx_HAL_Driver/Src/stm32f7xx_hal_gpio.c.obj
                0x08001b0c                HAL_GPIO_Init
 .text.HAL_GPIO_WritePin
                0x08001cec        0xc CMakeFiles/code.elf.dir/Drivers/STM32F7xx_HAL_Driver/Src/stm32f7xx_hal_gpio.c.obj
                0x08001cec                HAL_GPIO_WritePin
 .text.HAL_PWREx_EnableOverDrive
                0x08001cf8       0x7c CMakeFiles/code.elf.dir/Drivers/STM32F7xx_HAL_Driver/Src/stm32f7xx_hal_pwr_ex.c.obj
                0x08001cf8                HAL_PWREx_EnableOverDrive
 .text.HAL_RCC_OscConfig
                0x08001d74      0x3d4 CMakeFiles/code.elf.dir/Drivers/STM32F7xx_HAL_Driver/Src/stm32f7xx_hal_rcc.c.obj
                0x08001d74                HAL_RCC_OscConfig
 .text.HAL_RCC_GetSysClockFreq
                0x08002148       0xcc CMakeFiles/code.elf.dir/Drivers/STM32F7xx_HAL_Driver/Src/stm32f7xx_hal_rcc.c.obj
                0x08002148                HAL_RCC_GetSysClockFreq
 .text.HAL_RCC_ClockConfig
                0x08002214      0x164 CMakeFiles/code.elf.dir/Drivers/STM32F7xx_HAL_Driver/Src/stm32f7xx_hal_rcc.c.obj
                0x08002214                HAL_RCC_ClockConfig
 .text.HAL_RCC_GetHCLKFreq
                0x08002378        0xc CMakeFiles/code.elf.dir/Drivers/STM32F7xx_HAL_Driver/Src/stm32f7xx_hal_rcc.c.obj
                0x08002378                HAL_RCC_GetHCLKFreq
 .text.HAL_RCC_GetPCLK2Freq
                0x08002384       0x20 CMakeFiles/code.elf.dir/Drivers/STM32F7xx_HAL_Driver/Src/stm32f7xx_hal_rcc.c.obj
                0x08002384                HAL_RCC_GetPCLK2Freq
 .text.HAL_RCC_GetClockConfig
                0x080023a4       0x3c CMakeFiles/code.elf.dir/Drivers/STM32F7xx_HAL_Driver/Src/stm32f7xx_hal_rcc.c.obj
                0x080023a4                HAL_RCC_GetClockConfig
 .text.HAL_TIM_Base_MspInit
                0x080023e0        0x2 CMakeFiles/code.elf.dir/Drivers/STM32F7xx_HAL_Driver/Src/stm32f7xx_hal_tim.c.obj
                0x080023e0                HAL_TIM_Base_MspInit
 .text.HAL_TIM_Base_Start_IT
                0x080023e2       0x18 CMakeFiles/code.elf.dir/Drivers/STM32F7xx_HAL_Driver/Src/stm32f7xx_hal_tim.c.obj
                0x080023e2                HAL_TIM_Base_Start_IT
 .text.HAL_TIM_OC_DelayElapsedCallback
                0x080023fa        0x2 CMakeFiles/code.elf.dir/Drivers/STM32F7xx_HAL_Driver/Src/stm32f7xx_hal_tim.c.obj
                0x080023fa                HAL_TIM_OC_DelayElapsedCallback
 .text.HAL_TIM_IC_CaptureCallback
                0x080023fc        0x2 CMakeFiles/code.elf.dir/Drivers/STM32F7xx_HAL_Driver/Src/stm32f7xx_hal_tim.c.obj
                0x080023fc                HAL_TIM_IC_CaptureCallback
 .text.HAL_TIM_PWM_PulseFinishedCallback
                0x080023fe        0x2 CMakeFiles/code.elf.dir/Drivers/STM32F7xx_HAL_Driver/Src/stm32f7xx_hal_tim.c.obj
                0x080023fe                HAL_TIM_PWM_PulseFinishedCallback
 .text.HAL_TIM_TriggerCallback
                0x08002400        0x2 CMakeFiles/code.elf.dir/Drivers/STM32F7xx_HAL_Driver/Src/stm32f7xx_hal_tim.c.obj
                0x08002400                HAL_TIM_TriggerCallback
 .text.HAL_TIM_IRQHandler
                0x08002402      0x19a CMakeFiles/code.elf.dir/Drivers/STM32F7xx_HAL_Driver/Src/stm32f7xx_hal_tim.c.obj
                0x08002402                HAL_TIM_IRQHandler
 .text.TIM_Base_SetConfig
                0x0800259c      0x10c CMakeFiles/code.elf.dir/Drivers/STM32F7xx_HAL_Driver/Src/stm32f7xx_hal_tim.c.obj
                0x0800259c                TIM_Base_SetConfig
 .text.HAL_TIM_Base_Init
                0x080026a8       0x32 CMakeFiles/code.elf.dir/Drivers/STM32F7xx_HAL_Driver/Src/stm32f7xx_hal_tim.c.obj
                0x080026a8                HAL_TIM_Base_Init
 .text.HAL_TIMEx_CommutationCallback
                0x080026da        0x2 CMakeFiles/code.elf.dir/Drivers/STM32F7xx_HAL_Driver/Src/stm32f7xx_hal_tim_ex.c.obj
                0x080026da                HAL_TIMEx_CommutationCallback
 .text.HAL_TIMEx_BreakCallback
                0x080026dc        0x2 CMakeFiles/code.elf.dir/Drivers/STM32F7xx_HAL_Driver/Src/stm32f7xx_hal_tim_ex.c.obj
                0x080026dc                HAL_TIMEx_BreakCallback
 .text.makeFreeRtosPriority
                0x080026de        0xc CMakeFiles/code.elf.dir/Middlewares/Third_Party/FreeRTOS/Source/CMSIS_RTOS/cmsis_os.c.obj
 .text.inHandlerMode
                0x080026ea        0xc CMakeFiles/code.elf.dir/Middlewares/Third_Party/FreeRTOS/Source/CMSIS_RTOS/cmsis_os.c.obj
 .text.osKernelStart
                0x080026f6        0xa CMakeFiles/code.elf.dir/Middlewares/Third_Party/FreeRTOS/Source/CMSIS_RTOS/cmsis_os.c.obj
                0x080026f6                osKernelStart
 .text.osKernelSysTick
                0x08002700       0x14 CMakeFiles/code.elf.dir/Middlewares/Third_Party/FreeRTOS/Source/CMSIS_RTOS/cmsis_os.c.obj
                0x08002700                osKernelSysTick
 .text.osThreadCreate
                0x08002714       0x34 CMakeFiles/code.elf.dir/Middlewares/Third_Party/FreeRTOS/Source/CMSIS_RTOS/cmsis_os.c.obj
                0x08002714                osThreadCreate
 .text.osDelay  0x08002748       0x12 CMakeFiles/code.elf.dir/Middlewares/Third_Party/FreeRTOS/Source/CMSIS_RTOS/cmsis_os.c.obj
                0x08002748                osDelay
 .text.osMutexCreate
                0x0800275a        0xa CMakeFiles/code.elf.dir/Middlewares/Third_Party/FreeRTOS/Source/CMSIS_RTOS/cmsis_os.c.obj
                0x0800275a                osMutexCreate
 .text.osMutexWait
                0x08002764       0x74 CMakeFiles/code.elf.dir/Middlewares/Third_Party/FreeRTOS/Source/CMSIS_RTOS/cmsis_os.c.obj
                0x08002764                osMutexWait
 .text.osMutexRelease
                0x080027d8       0x5c CMakeFiles/code.elf.dir/Middlewares/Third_Party/FreeRTOS/Source/CMSIS_RTOS/cmsis_os.c.obj
                0x080027d8                osMutexRelease
 .text.osSemaphoreCreate
                0x08002834       0x26 CMakeFiles/code.elf.dir/Middlewares/Third_Party/FreeRTOS/Source/CMSIS_RTOS/cmsis_os.c.obj
                0x08002834                osSemaphoreCreate
 *fill*         0x0800285a        0x2 
 .text.osSemaphoreWait
                0x0800285c       0x74 CMakeFiles/code.elf.dir/Middlewares/Third_Party/FreeRTOS/Source/CMSIS_RTOS/cmsis_os.c.obj
                0x0800285c                osSemaphoreWait
 .text.osSemaphoreRelease
                0x080028d0       0x5c CMakeFiles/code.elf.dir/Middlewares/Third_Party/FreeRTOS/Source/CMSIS_RTOS/cmsis_os.c.obj
                0x080028d0                osSemaphoreRelease
 .text.osMessageCreate
                0x0800292c        0xe CMakeFiles/code.elf.dir/Middlewares/Third_Party/FreeRTOS/Source/CMSIS_RTOS/cmsis_os.c.obj
                0x0800292c                osMessageCreate
 *fill*         0x0800293a        0x2 
 .text.osMessagePut
                0x0800293c       0x68 CMakeFiles/code.elf.dir/Middlewares/Third_Party/FreeRTOS/Source/CMSIS_RTOS/cmsis_os.c.obj
                0x0800293c                osMessagePut
 .text.osMessageGet
                0x080029a4       0xa0 CMakeFiles/code.elf.dir/Middlewares/Third_Party/FreeRTOS/Source/CMSIS_RTOS/cmsis_os.c.obj
                0x080029a4                osMessageGet
 .text.osSystickHandler
                0x08002a44       0x10 CMakeFiles/code.elf.dir/Middlewares/Third_Party/FreeRTOS/Source/CMSIS_RTOS/cmsis_os.c.obj
                0x08002a44                osSystickHandler
 .text.vListInitialise
                0x08002a54       0x16 CMakeFiles/code.elf.dir/Middlewares/Third_Party/FreeRTOS/Source/list.c.obj
                0x08002a54                vListInitialise
 .text.vListInitialiseItem
                0x08002a6a        0x6 CMakeFiles/code.elf.dir/Middlewares/Third_Party/FreeRTOS/Source/list.c.obj
                0x08002a6a                vListInitialiseItem
 .text.vListInsertEnd
                0x08002a70       0x18 CMakeFiles/code.elf.dir/Middlewares/Third_Party/FreeRTOS/Source/list.c.obj
                0x08002a70                vListInsertEnd
 .text.vListInsert
                0x08002a88       0x34 CMakeFiles/code.elf.dir/Middlewares/Third_Party/FreeRTOS/Source/list.c.obj
                0x08002a88                vListInsert
 .text.uxListRemove
                0x08002abc       0x26 CMakeFiles/code.elf.dir/Middlewares/Third_Party/FreeRTOS/Source/list.c.obj
                0x08002abc                uxListRemove
 *fill*         0x08002ae2        0x2 
 .text.prvTaskExitError
                0x08002ae4       0x3c CMakeFiles/code.elf.dir/Middlewares/Third_Party/FreeRTOS/Source/portable/GCC/ARM_CM7/r0p1/port.c.obj
 .text.prvPortStartFirstTask
                0x08002b20       0x20 CMakeFiles/code.elf.dir/Middlewares/Third_Party/FreeRTOS/Source/portable/GCC/ARM_CM7/r0p1/port.c.obj
 .text.vPortEnableVFP
                0x08002b40       0x14 CMakeFiles/code.elf.dir/Middlewares/Third_Party/FreeRTOS/Source/portable/GCC/ARM_CM7/r0p1/port.c.obj
 .text.pxPortInitialiseStack
                0x08002b54       0x2c CMakeFiles/code.elf.dir/Middlewares/Third_Party/FreeRTOS/Source/portable/GCC/ARM_CM7/r0p1/port.c.obj
                0x08002b54                pxPortInitialiseStack
 .text.SVC_Handler
                0x08002b80       0x24 CMakeFiles/code.elf.dir/Middlewares/Third_Party/FreeRTOS/Source/portable/GCC/ARM_CM7/r0p1/port.c.obj
                0x08002b80                SVC_Handler
 .text.vPortEnterCritical
                0x08002ba4       0x4c CMakeFiles/code.elf.dir/Middlewares/Third_Party/FreeRTOS/Source/portable/GCC/ARM_CM7/r0p1/port.c.obj
                0x08002ba4                vPortEnterCritical
 .text.vPortExitCritical
                0x08002bf0       0x30 CMakeFiles/code.elf.dir/Middlewares/Third_Party/FreeRTOS/Source/portable/GCC/ARM_CM7/r0p1/port.c.obj
                0x08002bf0                vPortExitCritical
 .text.PendSV_Handler
                0x08002c20       0x64 CMakeFiles/code.elf.dir/Middlewares/Third_Party/FreeRTOS/Source/portable/GCC/ARM_CM7/r0p1/port.c.obj
                0x08002c20                PendSV_Handler
 .text.xPortSysTickHandler
                0x08002c84       0x30 CMakeFiles/code.elf.dir/Middlewares/Third_Party/FreeRTOS/Source/portable/GCC/ARM_CM7/r0p1/port.c.obj
                0x08002c84                xPortSysTickHandler
 .text.vPortSetupTimerInterrupt
                0x08002cb4       0x2c CMakeFiles/code.elf.dir/Middlewares/Third_Party/FreeRTOS/Source/portable/GCC/ARM_CM7/r0p1/port.c.obj
                0x08002cb4                vPortSetupTimerInterrupt
 .text.xPortStartScheduler
                0x08002ce0       0xa8 CMakeFiles/code.elf.dir/Middlewares/Third_Party/FreeRTOS/Source/portable/GCC/ARM_CM7/r0p1/port.c.obj
                0x08002ce0                xPortStartScheduler
 .text.vPortValidateInterruptPriority
                0x08002d88       0x64 CMakeFiles/code.elf.dir/Middlewares/Third_Party/FreeRTOS/Source/portable/GCC/ARM_CM7/r0p1/port.c.obj
                0x08002d88                vPortValidateInterruptPriority
 .text.prvHeapInit
                0x08002dec       0x64 CMakeFiles/code.elf.dir/Middlewares/Third_Party/FreeRTOS/Source/portable/MemMang/heap_4.c.obj
 .text.prvInsertBlockIntoFreeList
                0x08002e50       0x58 CMakeFiles/code.elf.dir/Middlewares/Third_Party/FreeRTOS/Source/portable/MemMang/heap_4.c.obj
 .text.pvPortMalloc
                0x08002ea8      0x114 CMakeFiles/code.elf.dir/Middlewares/Third_Party/FreeRTOS/Source/portable/MemMang/heap_4.c.obj
                0x08002ea8                pvPortMalloc
 .text.vPortFree
                0x08002fbc       0x78 CMakeFiles/code.elf.dir/Middlewares/Third_Party/FreeRTOS/Source/portable/MemMang/heap_4.c.obj
                0x08002fbc                vPortFree
 .text.prvIsQueueFull
                0x08003034       0x1e CMakeFiles/code.elf.dir/Middlewares/Third_Party/FreeRTOS/Source/queue.c.obj
 .text.prvIsQueueEmpty
                0x08003052       0x1a CMakeFiles/code.elf.dir/Middlewares/Third_Party/FreeRTOS/Source/queue.c.obj
 .text.prvCopyDataToQueue
                0x0800306c       0x76 CMakeFiles/code.elf.dir/Middlewares/Third_Party/FreeRTOS/Source/queue.c.obj
 .text.prvCopyDataFromQueue
                0x080030e2       0x24 CMakeFiles/code.elf.dir/Middlewares/Third_Party/FreeRTOS/Source/queue.c.obj
 .text.prvUnlockQueue
                0x08003106       0x6e CMakeFiles/code.elf.dir/Middlewares/Third_Party/FreeRTOS/Source/queue.c.obj
 .text.xQueueGenericReset
                0x08003174       0x88 CMakeFiles/code.elf.dir/Middlewares/Third_Party/FreeRTOS/Source/queue.c.obj
                0x08003174                xQueueGenericReset
 .text.prvInitialiseNewQueue
                0x080031fc       0x1c CMakeFiles/code.elf.dir/Middlewares/Third_Party/FreeRTOS/Source/queue.c.obj
 .text.xQueueGenericCreate
                0x08003218       0x4c CMakeFiles/code.elf.dir/Middlewares/Third_Party/FreeRTOS/Source/queue.c.obj
                0x08003218                xQueueGenericCreate
 .text.xQueueGenericSend
                0x08003264      0x18c CMakeFiles/code.elf.dir/Middlewares/Third_Party/FreeRTOS/Source/queue.c.obj
                0x08003264                xQueueGenericSend
 .text.prvInitialiseMutex
                0x080033f0       0x18 CMakeFiles/code.elf.dir/Middlewares/Third_Party/FreeRTOS/Source/queue.c.obj
 .text.xQueueCreateMutex
                0x08003408       0x16 CMakeFiles/code.elf.dir/Middlewares/Third_Party/FreeRTOS/Source/queue.c.obj
                0x08003408                xQueueCreateMutex
 .text.xQueueGenericSendFromISR
                0x0800341e       0xdc CMakeFiles/code.elf.dir/Middlewares/Third_Party/FreeRTOS/Source/queue.c.obj
                0x0800341e                xQueueGenericSendFromISR
 .text.xQueueGiveFromISR
                0x080034fa       0xc2 CMakeFiles/code.elf.dir/Middlewares/Third_Party/FreeRTOS/Source/queue.c.obj
                0x080034fa                xQueueGiveFromISR
 .text.xQueueGenericReceive
                0x080035bc      0x1b0 CMakeFiles/code.elf.dir/Middlewares/Third_Party/FreeRTOS/Source/queue.c.obj
                0x080035bc                xQueueGenericReceive
 .text.xQueueReceiveFromISR
                0x0800376c       0xb6 CMakeFiles/code.elf.dir/Middlewares/Third_Party/FreeRTOS/Source/queue.c.obj
                0x0800376c                xQueueReceiveFromISR
 *fill*         0x08003822        0x2 
 .text.prvResetNextTaskUnblockTime
                0x08003824       0x2c CMakeFiles/code.elf.dir/Middlewares/Third_Party/FreeRTOS/Source/tasks.c.obj
 .text.prvDeleteTCB
                0x08003850       0x12 CMakeFiles/code.elf.dir/Middlewares/Third_Party/FreeRTOS/Source/tasks.c.obj
 .text.prvInitialiseNewTask
                0x08003862       0x80 CMakeFiles/code.elf.dir/Middlewares/Third_Party/FreeRTOS/Source/tasks.c.obj
 *fill*         0x080038e2        0x2 
 .text.prvInitialiseTaskLists
                0x080038e4       0x68 CMakeFiles/code.elf.dir/Middlewares/Third_Party/FreeRTOS/Source/tasks.c.obj
 .text.prvAddNewTaskToReadyList
                0x0800394c       0xa8 CMakeFiles/code.elf.dir/Middlewares/Third_Party/FreeRTOS/Source/tasks.c.obj
 .text.prvAddCurrentTaskToDelayedList
                0x080039f4       0xa0 CMakeFiles/code.elf.dir/Middlewares/Third_Party/FreeRTOS/Source/tasks.c.obj
 .text.xTaskCreate
                0x08003a94       0x62 CMakeFiles/code.elf.dir/Middlewares/Third_Party/FreeRTOS/Source/tasks.c.obj
                0x08003a94                xTaskCreate
 *fill*         0x08003af6        0x2 
 .text.vTaskStartScheduler
                0x08003af8       0x84 CMakeFiles/code.elf.dir/Middlewares/Third_Party/FreeRTOS/Source/tasks.c.obj
                0x08003af8                vTaskStartScheduler
 .text.vTaskSuspendAll
                0x08003b7c       0x10 CMakeFiles/code.elf.dir/Middlewares/Third_Party/FreeRTOS/Source/tasks.c.obj
                0x08003b7c                vTaskSuspendAll
 .text.xTaskGetTickCount
                0x08003b8c        0xc CMakeFiles/code.elf.dir/Middlewares/Third_Party/FreeRTOS/Source/tasks.c.obj
                0x08003b8c                xTaskGetTickCount
 .text.xTaskGetTickCountFromISR
                0x08003b98       0x10 CMakeFiles/code.elf.dir/Middlewares/Third_Party/FreeRTOS/Source/tasks.c.obj
                0x08003b98                xTaskGetTickCountFromISR
 .text.xTaskIncrementTick
                0x08003ba8      0x11c CMakeFiles/code.elf.dir/Middlewares/Third_Party/FreeRTOS/Source/tasks.c.obj
                0x08003ba8                xTaskIncrementTick
 .text.xTaskResumeAll
                0x08003cc4       0xf8 CMakeFiles/code.elf.dir/Middlewares/Third_Party/FreeRTOS/Source/tasks.c.obj
                0x08003cc4                xTaskResumeAll
 .text.vTaskDelay
                0x08003dbc       0x50 CMakeFiles/code.elf.dir/Middlewares/Third_Party/FreeRTOS/Source/tasks.c.obj
                0x08003dbc                vTaskDelay
 .text.prvCheckTasksWaitingTermination
                0x08003e0c       0x5c CMakeFiles/code.elf.dir/Middlewares/Third_Party/FreeRTOS/Source/tasks.c.obj
 .text.prvIdleTask
                0x08003e68       0x28 CMakeFiles/code.elf.dir/Middlewares/Third_Party/FreeRTOS/Source/tasks.c.obj
 .text.vTaskSwitchContext
                0x08003e90       0x9c CMakeFiles/code.elf.dir/Middlewares/Third_Party/FreeRTOS/Source/tasks.c.obj
                0x08003e90                vTaskSwitchContext
 .text.vTaskPlaceOnEventList
                0x08003f2c       0x34 CMakeFiles/code.elf.dir/Middlewares/Third_Party/FreeRTOS/Source/tasks.c.obj
                0x08003f2c                vTaskPlaceOnEventList
 .text.xTaskRemoveFromEventList
                0x08003f60       0x90 CMakeFiles/code.elf.dir/Middlewares/Third_Party/FreeRTOS/Source/tasks.c.obj
                0x08003f60                xTaskRemoveFromEventList
 .text.vTaskSetTimeOutState
                0x08003ff0       0x30 CMakeFiles/code.elf.dir/Middlewares/Third_Party/FreeRTOS/Source/tasks.c.obj
                0x08003ff0                vTaskSetTimeOutState
 .text.xTaskCheckForTimeOut
                0x08004020       0x88 CMakeFiles/code.elf.dir/Middlewares/Third_Party/FreeRTOS/Source/tasks.c.obj
                0x08004020                xTaskCheckForTimeOut
 .text.vTaskMissedYield
                0x080040a8        0xc CMakeFiles/code.elf.dir/Middlewares/Third_Party/FreeRTOS/Source/tasks.c.obj
                0x080040a8                vTaskMissedYield
 .text.xTaskGetSchedulerState
                0x080040b4       0x20 CMakeFiles/code.elf.dir/Middlewares/Third_Party/FreeRTOS/Source/tasks.c.obj
                0x080040b4                xTaskGetSchedulerState
 .text.vTaskPriorityInherit
                0x080040d4       0xa0 CMakeFiles/code.elf.dir/Middlewares/Third_Party/FreeRTOS/Source/tasks.c.obj
                0x080040d4                vTaskPriorityInherit
 .text.xTaskPriorityDisinherit
                0x08004174       0xb8 CMakeFiles/code.elf.dir/Middlewares/Third_Party/FreeRTOS/Source/tasks.c.obj
                0x08004174                xTaskPriorityDisinherit
 .text.pvTaskIncrementMutexHeldCount
                0x0800422c       0x1c CMakeFiles/code.elf.dir/Middlewares/Third_Party/FreeRTOS/Source/tasks.c.obj
                0x0800422c                pvTaskIncrementMutexHeldCount
 .text.tcpip_thread
                0x08004248       0xa4 CMakeFiles/code.elf.dir/Middlewares/Third_Party/LwIP/src/api/tcpip.c.obj
 .text.tcpip_inpkt
                0x080042ec       0x68 CMakeFiles/code.elf.dir/Middlewares/Third_Party/LwIP/src/api/tcpip.c.obj
                0x080042ec                tcpip_inpkt
 .text.tcpip_input
                0x08004354       0x24 CMakeFiles/code.elf.dir/Middlewares/Third_Party/LwIP/src/api/tcpip.c.obj
                0x08004354                tcpip_input
 .text.tcpip_callback_with_block
                0x08004378       0x74 CMakeFiles/code.elf.dir/Middlewares/Third_Party/LwIP/src/api/tcpip.c.obj
                0x08004378                tcpip_callback_with_block
 .text.tcpip_init
                0x080043ec       0x84 CMakeFiles/code.elf.dir/Middlewares/Third_Party/LwIP/src/api/tcpip.c.obj
                0x080043ec                tcpip_init
 .text.lwip_htons
                0x08004470        0x6 CMakeFiles/code.elf.dir/Middlewares/Third_Party/LwIP/src/core/def.c.obj
                0x08004470                lwip_htons
 .text.lwip_htonl
                0x08004476       0x18 CMakeFiles/code.elf.dir/Middlewares/Third_Party/LwIP/src/core/def.c.obj
                0x08004476                lwip_htonl
 .text.lwip_init
                0x0800448e       0x20 CMakeFiles/code.elf.dir/Middlewares/Third_Party/LwIP/src/core/init.c.obj
                0x0800448e                lwip_init
 *fill*         0x080044ae        0x2 
 .text.etharp_free_entry
                0x080044b0       0x34 CMakeFiles/code.elf.dir/Middlewares/Third_Party/LwIP/src/core/ipv4/etharp.c.obj
 .text.etharp_find_entry
                0x080044e4      0x1a4 CMakeFiles/code.elf.dir/Middlewares/Third_Party/LwIP/src/core/ipv4/etharp.c.obj
 .text.etharp_update_arp_entry
                0x08004688       0xc8 CMakeFiles/code.elf.dir/Middlewares/Third_Party/LwIP/src/core/ipv4/etharp.c.obj
 .text.etharp_raw
                0x08004750       0xe4 CMakeFiles/code.elf.dir/Middlewares/Third_Party/LwIP/src/core/ipv4/etharp.c.obj
 .text.etharp_request_dst
                0x08004834       0x28 CMakeFiles/code.elf.dir/Middlewares/Third_Party/LwIP/src/core/ipv4/etharp.c.obj
 .text.etharp_cleanup_netif
                0x0800485c       0x38 CMakeFiles/code.elf.dir/Middlewares/Third_Party/LwIP/src/core/ipv4/etharp.c.obj
                0x0800485c                etharp_cleanup_netif
 .text.etharp_input
                0x08004894       0xb8 CMakeFiles/code.elf.dir/Middlewares/Third_Party/LwIP/src/core/ipv4/etharp.c.obj
                0x08004894                etharp_input
 .text.etharp_request
                0x0800494c       0x10 CMakeFiles/code.elf.dir/Middlewares/Third_Party/LwIP/src/core/ipv4/etharp.c.obj
                0x0800494c                etharp_request
 .text.etharp_tmr
                0x0800495c       0x90 CMakeFiles/code.elf.dir/Middlewares/Third_Party/LwIP/src/core/ipv4/etharp.c.obj
                0x0800495c                etharp_tmr
 .text.etharp_output_to_arp_index
                0x080049ec       0xd4 CMakeFiles/code.elf.dir/Middlewares/Third_Party/LwIP/src/core/ipv4/etharp.c.obj
 .text.etharp_query
                0x08004ac0      0x1c0 CMakeFiles/code.elf.dir/Middlewares/Third_Party/LwIP/src/core/ipv4/etharp.c.obj
                0x08004ac0                etharp_query
 .text.etharp_output
                0x08004c80      0x158 CMakeFiles/code.elf.dir/Middlewares/Third_Party/LwIP/src/core/ipv4/etharp.c.obj
                0x08004c80                etharp_output
 .text.icmp_send_response
                0x08004dd8       0xac CMakeFiles/code.elf.dir/Middlewares/Third_Party/LwIP/src/core/ipv4/icmp.c.obj
 .text.icmp_input
                0x08004e84      0x13c CMakeFiles/code.elf.dir/Middlewares/Third_Party/LwIP/src/core/ipv4/icmp.c.obj
                0x08004e84                icmp_input
 .text.icmp_dest_unreach
                0x08004fc0        0xc CMakeFiles/code.elf.dir/Middlewares/Third_Party/LwIP/src/core/ipv4/icmp.c.obj
                0x08004fc0                icmp_dest_unreach
 .text.icmp_time_exceeded
                0x08004fcc        0xc CMakeFiles/code.elf.dir/Middlewares/Third_Party/LwIP/src/core/ipv4/icmp.c.obj
                0x08004fcc                icmp_time_exceeded
 .text.ip4_route
                0x08004fd8       0xa8 CMakeFiles/code.elf.dir/Middlewares/Third_Party/LwIP/src/core/ipv4/ip4.c.obj
                0x08004fd8                ip4_route
 .text.ip4_input
                0x08005080      0x1a8 CMakeFiles/code.elf.dir/Middlewares/Third_Party/LwIP/src/core/ipv4/ip4.c.obj
                0x08005080                ip4_input
 .text.ip4_output_if_src
                0x08005228       0xf8 CMakeFiles/code.elf.dir/Middlewares/Third_Party/LwIP/src/core/ipv4/ip4.c.obj
                0x08005228                ip4_output_if_src
 .text.ip4_output_if
                0x08005320       0x2a CMakeFiles/code.elf.dir/Middlewares/Third_Party/LwIP/src/core/ipv4/ip4.c.obj
                0x08005320                ip4_output_if
 .text.ip4_addr_isbroadcast_u32
                0x0800534a       0x40 CMakeFiles/code.elf.dir/Middlewares/Third_Party/LwIP/src/core/ipv4/ip4_addr.c.obj
                0x0800534a                ip4_addr_isbroadcast_u32
 *fill*         0x0800538a        0x2 
 .text.ip_reass_dequeue_datagram
                0x0800538c       0x48 CMakeFiles/code.elf.dir/Middlewares/Third_Party/LwIP/src/core/ipv4/ip4_frag.c.obj
 .text.ip_reass_free_complete_datagram
                0x080053d4       0xf8 CMakeFiles/code.elf.dir/Middlewares/Third_Party/LwIP/src/core/ipv4/ip4_frag.c.obj
 .text.ip_reass_remove_oldest_datagram
                0x080054cc       0x84 CMakeFiles/code.elf.dir/Middlewares/Third_Party/LwIP/src/core/ipv4/ip4_frag.c.obj
 .text.ip_frag_free_pbuf_custom_ref
                0x08005550       0x2c CMakeFiles/code.elf.dir/Middlewares/Third_Party/LwIP/src/core/ipv4/ip4_frag.c.obj
 .text.ipfrag_free_pbuf_custom
                0x0800557c       0x34 CMakeFiles/code.elf.dir/Middlewares/Third_Party/LwIP/src/core/ipv4/ip4_frag.c.obj
 .text.ip_reass_chain_frag_into_datagram_and_validate
                0x080055b0      0x190 CMakeFiles/code.elf.dir/Middlewares/Third_Party/LwIP/src/core/ipv4/ip4_frag.c.obj
 .text.ip_frag_alloc_pbuf_custom_ref
                0x08005740        0xa CMakeFiles/code.elf.dir/Middlewares/Third_Party/LwIP/src/core/ipv4/ip4_frag.c.obj
 *fill*         0x0800574a        0x2 
 .text.ip_reass_enqueue_new_datagram
                0x0800574c       0x64 CMakeFiles/code.elf.dir/Middlewares/Third_Party/LwIP/src/core/ipv4/ip4_frag.c.obj
 .text.ip_reass_tmr
                0x080057b0       0x2c CMakeFiles/code.elf.dir/Middlewares/Third_Party/LwIP/src/core/ipv4/ip4_frag.c.obj
                0x080057b0                ip_reass_tmr
 .text.ip4_reass
                0x080057dc      0x1a8 CMakeFiles/code.elf.dir/Middlewares/Third_Party/LwIP/src/core/ipv4/ip4_frag.c.obj
                0x080057dc                ip4_reass
 .text.ip4_frag
                0x08005984      0x1ec CMakeFiles/code.elf.dir/Middlewares/Third_Party/LwIP/src/core/ipv4/ip4_frag.c.obj
                0x08005984                ip4_frag
 .text.plug_holes
                0x08005b70       0xe0 CMakeFiles/code.elf.dir/Middlewares/Third_Party/LwIP/src/core/mem.c.obj
 .text.mem_init
                0x08005c50       0x68 CMakeFiles/code.elf.dir/Middlewares/Third_Party/LwIP/src/core/mem.c.obj
                0x08005c50                mem_init
 .text.mem_free
                0x08005cb8       0xbc CMakeFiles/code.elf.dir/Middlewares/Third_Party/LwIP/src/core/mem.c.obj
                0x08005cb8                mem_free
 .text.mem_trim
                0x08005d74      0x138 CMakeFiles/code.elf.dir/Middlewares/Third_Party/LwIP/src/core/mem.c.obj
                0x08005d74                mem_trim
 .text.mem_malloc
                0x08005eac      0x154 CMakeFiles/code.elf.dir/Middlewares/Third_Party/LwIP/src/core/mem.c.obj
                0x08005eac                mem_malloc
 .text.do_memp_malloc_pool
                0x08006000       0x48 CMakeFiles/code.elf.dir/Middlewares/Third_Party/LwIP/src/core/memp.c.obj
 .text.do_memp_free_pool
                0x08006048       0x3c CMakeFiles/code.elf.dir/Middlewares/Third_Party/LwIP/src/core/memp.c.obj
 .text.memp_init_pool
                0x08006084       0x28 CMakeFiles/code.elf.dir/Middlewares/Third_Party/LwIP/src/core/memp.c.obj
                0x08006084                memp_init_pool
 .text.memp_init
                0x080060ac       0x20 CMakeFiles/code.elf.dir/Middlewares/Third_Party/LwIP/src/core/memp.c.obj
                0x080060ac                memp_init
 .text.memp_malloc
                0x080060cc       0x34 CMakeFiles/code.elf.dir/Middlewares/Third_Party/LwIP/src/core/memp.c.obj
                0x080060cc                memp_malloc
 .text.memp_free
                0x08006100       0x34 CMakeFiles/code.elf.dir/Middlewares/Third_Party/LwIP/src/core/memp.c.obj
                0x08006100                memp_free
 .text.netif_issue_reports
                0x08006134       0x22 CMakeFiles/code.elf.dir/Middlewares/Third_Party/LwIP/src/core/netif.c.obj
 .text.netif_init
                0x08006156        0x2 CMakeFiles/code.elf.dir/Middlewares/Third_Party/LwIP/src/core/netif.c.obj
                0x08006156                netif_init
 .text.netif_set_ipaddr
                0x08006158       0x4c CMakeFiles/code.elf.dir/Middlewares/Third_Party/LwIP/src/core/netif.c.obj
                0x08006158                netif_set_ipaddr
 .text.netif_set_gw
                0x080061a4        0xc CMakeFiles/code.elf.dir/Middlewares/Third_Party/LwIP/src/core/netif.c.obj
                0x080061a4                netif_set_gw
 .text.netif_set_netmask
                0x080061b0        0xc CMakeFiles/code.elf.dir/Middlewares/Third_Party/LwIP/src/core/netif.c.obj
                0x080061b0                netif_set_netmask
 .text.netif_set_addr
                0x080061bc       0x42 CMakeFiles/code.elf.dir/Middlewares/Third_Party/LwIP/src/core/netif.c.obj
                0x080061bc                netif_set_addr
 *fill*         0x080061fe        0x2 
 .text.netif_add
                0x08006200       0x7c CMakeFiles/code.elf.dir/Middlewares/Third_Party/LwIP/src/core/netif.c.obj
                0x08006200                netif_add
 .text.netif_set_default
                0x0800627c        0xc CMakeFiles/code.elf.dir/Middlewares/Third_Party/LwIP/src/core/netif.c.obj
                0x0800627c                netif_set_default
 .text.netif_set_up
                0x08006288       0x24 CMakeFiles/code.elf.dir/Middlewares/Third_Party/LwIP/src/core/netif.c.obj
                0x08006288                netif_set_up
 .text.netif_set_down
                0x080062ac       0x22 CMakeFiles/code.elf.dir/Middlewares/Third_Party/LwIP/src/core/netif.c.obj
                0x080062ac                netif_set_down
 *fill*         0x080062ce        0x2 
 .text.pbuf_header_impl
                0x080062d0       0xdc CMakeFiles/code.elf.dir/Middlewares/Third_Party/LwIP/src/core/pbuf.c.obj
 .text.pbuf_pool_is_empty
                0x080063ac       0x40 CMakeFiles/code.elf.dir/Middlewares/Third_Party/LwIP/src/core/pbuf.c.obj
 .text.pbuf_free_ooseq
                0x080063ec       0x30 CMakeFiles/code.elf.dir/Middlewares/Third_Party/LwIP/src/core/pbuf.c.obj
 .text.pbuf_free_ooseq_callback
                0x0800641c        0x8 CMakeFiles/code.elf.dir/Middlewares/Third_Party/LwIP/src/core/pbuf.c.obj
 .text.pbuf_alloced_custom
                0x08006424       0x78 CMakeFiles/code.elf.dir/Middlewares/Third_Party/LwIP/src/core/pbuf.c.obj
                0x08006424                pbuf_alloced_custom
 .text.pbuf_header
                0x0800649c        0xa CMakeFiles/code.elf.dir/Middlewares/Third_Party/LwIP/src/core/pbuf.c.obj
                0x0800649c                pbuf_header
 .text.pbuf_header_force
                0x080064a6        0xa CMakeFiles/code.elf.dir/Middlewares/Third_Party/LwIP/src/core/pbuf.c.obj
                0x080064a6                pbuf_header_force
 .text.pbuf_free
                0x080064b0       0xd4 CMakeFiles/code.elf.dir/Middlewares/Third_Party/LwIP/src/core/pbuf.c.obj
                0x080064b0                pbuf_free
 .text.pbuf_alloc
                0x08006584      0x1d0 CMakeFiles/code.elf.dir/Middlewares/Third_Party/LwIP/src/core/pbuf.c.obj
                0x08006584                pbuf_alloc
 .text.pbuf_realloc
                0x08006754       0xf0 CMakeFiles/code.elf.dir/Middlewares/Third_Party/LwIP/src/core/pbuf.c.obj
                0x08006754                pbuf_realloc
 .text.pbuf_clen
                0x08006844       0x12 CMakeFiles/code.elf.dir/Middlewares/Third_Party/LwIP/src/core/pbuf.c.obj
                0x08006844                pbuf_clen
 *fill*         0x08006856        0x2 
 .text.pbuf_ref
                0x08006858       0x38 CMakeFiles/code.elf.dir/Middlewares/Third_Party/LwIP/src/core/pbuf.c.obj
                0x08006858                pbuf_ref
 .text.pbuf_cat
                0x08006890       0x80 CMakeFiles/code.elf.dir/Middlewares/Third_Party/LwIP/src/core/pbuf.c.obj
                0x08006890                pbuf_cat
 .text.pbuf_copy
                0x08006910      0x140 CMakeFiles/code.elf.dir/Middlewares/Third_Party/LwIP/src/core/pbuf.c.obj
                0x08006910                pbuf_copy
 .text.pbuf_copy_partial
                0x08006a50       0x94 CMakeFiles/code.elf.dir/Middlewares/Third_Party/LwIP/src/core/pbuf.c.obj
                0x08006a50                pbuf_copy_partial
 .text.tcp_remove_listener
                0x08006ae4       0x14 CMakeFiles/code.elf.dir/Middlewares/Third_Party/LwIP/src/core/tcp.c.obj
 .text.tcp_listen_closed
                0x08006af8       0x58 CMakeFiles/code.elf.dir/Middlewares/Third_Party/LwIP/src/core/tcp.c.obj
 .text.tcp_close_shutdown_fin
                0x08006b50       0x88 CMakeFiles/code.elf.dir/Middlewares/Third_Party/LwIP/src/core/tcp.c.obj
 .text.tcp_init
                0x08006bd8        0x2 CMakeFiles/code.elf.dir/Middlewares/Third_Party/LwIP/src/core/tcp.c.obj
                0x08006bd8                tcp_init
 *fill*         0x08006bda        0x2 
 .text.tcp_update_rcv_ann_wnd
                0x08006bdc       0x60 CMakeFiles/code.elf.dir/Middlewares/Third_Party/LwIP/src/core/tcp.c.obj
                0x08006bdc                tcp_update_rcv_ann_wnd
 .text.tcp_recved
                0x08006c3c       0x84 CMakeFiles/code.elf.dir/Middlewares/Third_Party/LwIP/src/core/tcp.c.obj
                0x08006c3c                tcp_recved
 .text.tcp_seg_free
                0x08006cc0       0x1a CMakeFiles/code.elf.dir/Middlewares/Third_Party/LwIP/src/core/tcp.c.obj
                0x08006cc0                tcp_seg_free
 .text.tcp_segs_free
                0x08006cda       0x14 CMakeFiles/code.elf.dir/Middlewares/Third_Party/LwIP/src/core/tcp.c.obj
                0x08006cda                tcp_segs_free
 .text.tcp_seg_copy
                0x08006cee       0x28 CMakeFiles/code.elf.dir/Middlewares/Third_Party/LwIP/src/core/tcp.c.obj
                0x08006cee                tcp_seg_copy
 .text.tcp_pcb_purge
                0x08006d16       0x4c CMakeFiles/code.elf.dir/Middlewares/Third_Party/LwIP/src/core/tcp.c.obj
                0x08006d16                tcp_pcb_purge
 *fill*         0x08006d62        0x2 
 .text.tcp_slowtmr
                0x08006d64      0x408 CMakeFiles/code.elf.dir/Middlewares/Third_Party/LwIP/src/core/tcp.c.obj
                0x08006d64                tcp_slowtmr
 .text.tcp_pcb_remove
                0x0800716c       0xa4 CMakeFiles/code.elf.dir/Middlewares/Third_Party/LwIP/src/core/tcp.c.obj
                0x0800716c                tcp_pcb_remove
 .text.tcp_close_shutdown
                0x08007210      0x154 CMakeFiles/code.elf.dir/Middlewares/Third_Party/LwIP/src/core/tcp.c.obj
 .text.tcp_close
                0x08007364       0x18 CMakeFiles/code.elf.dir/Middlewares/Third_Party/LwIP/src/core/tcp.c.obj
                0x08007364                tcp_close
 .text.tcp_recv_null
                0x0800737c       0x24 CMakeFiles/code.elf.dir/Middlewares/Third_Party/LwIP/src/core/tcp.c.obj
                0x0800737c                tcp_recv_null
 .text.tcp_process_refused_data
                0x080073a0       0x6a CMakeFiles/code.elf.dir/Middlewares/Third_Party/LwIP/src/core/tcp.c.obj
                0x080073a0                tcp_process_refused_data
 *fill*         0x0800740a        0x2 
 .text.tcp_fasttmr
                0x0800740c       0x80 CMakeFiles/code.elf.dir/Middlewares/Third_Party/LwIP/src/core/tcp.c.obj
                0x0800740c                tcp_fasttmr
 .text.tcp_tmr  0x0800748c       0x24 CMakeFiles/code.elf.dir/Middlewares/Third_Party/LwIP/src/core/tcp.c.obj
                0x0800748c                tcp_tmr
 .text.tcp_abandon
                0x080074b0       0xf8 CMakeFiles/code.elf.dir/Middlewares/Third_Party/LwIP/src/core/tcp.c.obj
                0x080074b0                tcp_abandon
 .text.tcp_abort
                0x080075a8        0xa CMakeFiles/code.elf.dir/Middlewares/Third_Party/LwIP/src/core/tcp.c.obj
                0x080075a8                tcp_abort
 *fill*         0x080075b2        0x2 
 .text.tcp_kill_timewait
                0x080075b4       0x34 CMakeFiles/code.elf.dir/Middlewares/Third_Party/LwIP/src/core/tcp.c.obj
 .text.tcp_kill_prio
                0x080075e8       0x44 CMakeFiles/code.elf.dir/Middlewares/Third_Party/LwIP/src/core/tcp.c.obj
 .text.tcp_netif_ip_addr_changed_pcblist
                0x0800762c       0x20 CMakeFiles/code.elf.dir/Middlewares/Third_Party/LwIP/src/core/tcp.c.obj
 .text.tcp_kill_state
                0x0800764c       0x64 CMakeFiles/code.elf.dir/Middlewares/Third_Party/LwIP/src/core/tcp.c.obj
 .text.tcp_alloc
                0x080076b0       0xc0 CMakeFiles/code.elf.dir/Middlewares/Third_Party/LwIP/src/core/tcp.c.obj
                0x080076b0                tcp_alloc
 .text.tcp_next_iss
                0x08007770       0x18 CMakeFiles/code.elf.dir/Middlewares/Third_Party/LwIP/src/core/tcp.c.obj
                0x08007770                tcp_next_iss
 .text.tcp_eff_send_mss_impl
                0x08007788       0x1e CMakeFiles/code.elf.dir/Middlewares/Third_Party/LwIP/src/core/tcp.c.obj
                0x08007788                tcp_eff_send_mss_impl
 *fill*         0x080077a6        0x2 
 .text.tcp_netif_ip_addr_changed
                0x080077a8       0x54 CMakeFiles/code.elf.dir/Middlewares/Third_Party/LwIP/src/core/tcp.c.obj
                0x080077a8                tcp_netif_ip_addr_changed
 .text.tcp_getoptbyte
                0x080077fc       0x4c CMakeFiles/code.elf.dir/Middlewares/Third_Party/LwIP/src/core/tcp_in.c.obj
 .text.tcp_parseopt
                0x08007848       0x84 CMakeFiles/code.elf.dir/Middlewares/Third_Party/LwIP/src/core/tcp_in.c.obj
 .text.tcp_input_delayed_close
                0x080078cc       0x44 CMakeFiles/code.elf.dir/Middlewares/Third_Party/LwIP/src/core/tcp_in.c.obj
 .text.tcp_timewait_input
                0x08007910       0x90 CMakeFiles/code.elf.dir/Middlewares/Third_Party/LwIP/src/core/tcp_in.c.obj
 .text.tcp_listen_input
                0x080079a0      0x118 CMakeFiles/code.elf.dir/Middlewares/Third_Party/LwIP/src/core/tcp_in.c.obj
 .text.tcp_oos_insert_segment
                0x08007ab8       0x88 CMakeFiles/code.elf.dir/Middlewares/Third_Party/LwIP/src/core/tcp_in.c.obj
 .text.tcp_receive
                0x08007b40      0xa1c CMakeFiles/code.elf.dir/Middlewares/Third_Party/LwIP/src/core/tcp_in.c.obj
 .text.tcp_process
                0x0800855c      0x528 CMakeFiles/code.elf.dir/Middlewares/Third_Party/LwIP/src/core/tcp_in.c.obj
 .text.tcp_input
                0x08008a84      0x52c CMakeFiles/code.elf.dir/Middlewares/Third_Party/LwIP/src/core/tcp_in.c.obj
                0x08008a84                tcp_input
 .text.tcp_trigger_input_pcb_close
                0x08008fb0       0x10 CMakeFiles/code.elf.dir/Middlewares/Third_Party/LwIP/src/core/tcp_in.c.obj
                0x08008fb0                tcp_trigger_input_pcb_close
 .text.tcp_create_segment
                0x08008fc0       0xbc CMakeFiles/code.elf.dir/Middlewares/Third_Party/LwIP/src/core/tcp_out.c.obj
 .text.tcp_output_alloc_header
                0x0800907c       0x94 CMakeFiles/code.elf.dir/Middlewares/Third_Party/LwIP/src/core/tcp_out.c.obj
 .text.tcp_output_segment
                0x08009110       0xbc CMakeFiles/code.elf.dir/Middlewares/Third_Party/LwIP/src/core/tcp_out.c.obj
 .text.tcp_enqueue_flags
                0x080091cc      0x158 CMakeFiles/code.elf.dir/Middlewares/Third_Party/LwIP/src/core/tcp_out.c.obj
                0x080091cc                tcp_enqueue_flags
 .text.tcp_send_fin
                0x08009324       0x46 CMakeFiles/code.elf.dir/Middlewares/Third_Party/LwIP/src/core/tcp_out.c.obj
                0x08009324                tcp_send_fin
 .text.tcp_send_empty_ack
                0x0800936a       0x72 CMakeFiles/code.elf.dir/Middlewares/Third_Party/LwIP/src/core/tcp_out.c.obj
                0x0800936a                tcp_send_empty_ack
 .text.tcp_output
                0x080093dc      0x280 CMakeFiles/code.elf.dir/Middlewares/Third_Party/LwIP/src/core/tcp_out.c.obj
                0x080093dc                tcp_output
 .text.tcp_rst  0x0800965c       0xac CMakeFiles/code.elf.dir/Middlewares/Third_Party/LwIP/src/core/tcp_out.c.obj
                0x0800965c                tcp_rst
 .text.tcp_rexmit_rto
                0x08009708       0x36 CMakeFiles/code.elf.dir/Middlewares/Third_Party/LwIP/src/core/tcp_out.c.obj
                0x08009708                tcp_rexmit_rto
 .text.tcp_rexmit
                0x0800973e       0x54 CMakeFiles/code.elf.dir/Middlewares/Third_Party/LwIP/src/core/tcp_out.c.obj
                0x0800973e                tcp_rexmit
 .text.tcp_rexmit_fast
                0x08009792       0x56 CMakeFiles/code.elf.dir/Middlewares/Third_Party/LwIP/src/core/tcp_out.c.obj
                0x08009792                tcp_rexmit_fast
 .text.tcp_keepalive
                0x080097e8       0x58 CMakeFiles/code.elf.dir/Middlewares/Third_Party/LwIP/src/core/tcp_out.c.obj
                0x080097e8                tcp_keepalive
 .text.tcp_zero_window_probe
                0x08009840       0xd4 CMakeFiles/code.elf.dir/Middlewares/Third_Party/LwIP/src/core/tcp_out.c.obj
                0x08009840                tcp_zero_window_probe
 .text.sys_timeouts_sleeptime
                0x08009914       0x34 CMakeFiles/code.elf.dir/Middlewares/Third_Party/LwIP/src/core/timeouts.c.obj
 .text.sys_check_timeouts
                0x08009948       0x60 CMakeFiles/code.elf.dir/Middlewares/Third_Party/LwIP/src/core/timeouts.c.obj
 .text.sys_timeout
                0x080099a8       0xb0 CMakeFiles/code.elf.dir/Middlewares/Third_Party/LwIP/src/core/timeouts.c.obj
                0x080099a8                sys_timeout
 .text.tcp_timer_needed
                0x08009a58       0x3c CMakeFiles/code.elf.dir/Middlewares/Third_Party/LwIP/src/core/timeouts.c.obj
                0x08009a58                tcp_timer_needed
 .text.tcpip_tcp_timer
                0x08009a94       0x38 CMakeFiles/code.elf.dir/Middlewares/Third_Party/LwIP/src/core/timeouts.c.obj
 .text.sys_timeouts_init
                0x08009acc       0x34 CMakeFiles/code.elf.dir/Middlewares/Third_Party/LwIP/src/core/timeouts.c.obj
                0x08009acc                sys_timeouts_init
 .text.cyclic_timer
                0x08009b00       0x18 CMakeFiles/code.elf.dir/Middlewares/Third_Party/LwIP/src/core/timeouts.c.obj
 .text.sys_timeouts_mbox_fetch
                0x08009b18       0x40 CMakeFiles/code.elf.dir/Middlewares/Third_Party/LwIP/src/core/timeouts.c.obj
                0x08009b18                sys_timeouts_mbox_fetch
 .text.udp_input_local_match
                0x08009b58       0x50 CMakeFiles/code.elf.dir/Middlewares/Third_Party/LwIP/src/core/udp.c.obj
 .text.udp_init
                0x08009ba8        0x2 CMakeFiles/code.elf.dir/Middlewares/Third_Party/LwIP/src/core/udp.c.obj
                0x08009ba8                udp_init
 *fill*         0x08009baa        0x2 
 .text.udp_input
                0x08009bac      0x134 CMakeFiles/code.elf.dir/Middlewares/Third_Party/LwIP/src/core/udp.c.obj
                0x08009bac                udp_input
 .text.udp_netif_ip_addr_changed
                0x08009ce0       0x38 CMakeFiles/code.elf.dir/Middlewares/Third_Party/LwIP/src/core/udp.c.obj
                0x08009ce0                udp_netif_ip_addr_changed
 .text.ethernet_input
                0x08009d18       0xa8 CMakeFiles/code.elf.dir/Middlewares/Third_Party/LwIP/src/netif/ethernet.c.obj
                0x08009d18                ethernet_input
 .text.ethernet_output
                0x08009dc0       0x70 CMakeFiles/code.elf.dir/Middlewares/Third_Party/LwIP/src/netif/ethernet.c.obj
                0x08009dc0                ethernet_output
 .text.sys_mbox_new
                0x08009e30       0x24 CMakeFiles/code.elf.dir/Middlewares/Third_Party/LwIP/system/OS/sys_arch.c.obj
                0x08009e30                sys_mbox_new
 .text.sys_mbox_post
                0x08009e54       0x18 CMakeFiles/code.elf.dir/Middlewares/Third_Party/LwIP/system/OS/sys_arch.c.obj
                0x08009e54                sys_mbox_post
 .text.sys_mbox_trypost
                0x08009e6c       0x14 CMakeFiles/code.elf.dir/Middlewares/Third_Party/LwIP/system/OS/sys_arch.c.obj
                0x08009e6c                sys_mbox_trypost
 .text.sys_arch_mbox_fetch
                0x08009e80       0x5a CMakeFiles/code.elf.dir/Middlewares/Third_Party/LwIP/system/OS/sys_arch.c.obj
                0x08009e80                sys_arch_mbox_fetch
 .text.sys_mbox_valid
                0x08009eda        0xc CMakeFiles/code.elf.dir/Middlewares/Third_Party/LwIP/system/OS/sys_arch.c.obj
                0x08009eda                sys_mbox_valid
 *fill*         0x08009ee6        0x2 
 .text.sys_init
                0x08009ee8       0x18 CMakeFiles/code.elf.dir/Middlewares/Third_Party/LwIP/system/OS/sys_arch.c.obj
                0x08009ee8                sys_init
 .text.sys_mutex_new
                0x08009f00       0x22 CMakeFiles/code.elf.dir/Middlewares/Third_Party/LwIP/system/OS/sys_arch.c.obj
                0x08009f00                sys_mutex_new
 .text.sys_mutex_lock
                0x08009f22        0xe CMakeFiles/code.elf.dir/Middlewares/Third_Party/LwIP/system/OS/sys_arch.c.obj
                0x08009f22                sys_mutex_lock
 .text.sys_mutex_unlock
                0x08009f30        0xa CMakeFiles/code.elf.dir/Middlewares/Third_Party/LwIP/system/OS/sys_arch.c.obj
                0x08009f30                sys_mutex_unlock
 .text.sys_thread_new
                0x08009f3a       0x24 CMakeFiles/code.elf.dir/Middlewares/Third_Party/LwIP/system/OS/sys_arch.c.obj
                0x08009f3a                sys_thread_new
 *fill*         0x08009f5e        0x2 
 .text.sys_arch_protect
                0x08009f60       0x18 CMakeFiles/code.elf.dir/Middlewares/Third_Party/LwIP/system/OS/sys_arch.c.obj
                0x08009f60                sys_arch_protect
 .text.sys_arch_unprotect
                0x08009f78       0x10 CMakeFiles/code.elf.dir/Middlewares/Third_Party/LwIP/system/OS/sys_arch.c.obj
                0x08009f78                sys_arch_unprotect
 .text.low_level_input
                0x08009f88       0xd8 CMakeFiles/code.elf.dir/Src/ethernetif.c.obj
 .text.ethernetif_input
                0x0800a060       0x3c CMakeFiles/code.elf.dir/Src/ethernetif.c.obj
                0x0800a060                ethernetif_input
 .text.low_level_output
                0x0800a09c       0xbc CMakeFiles/code.elf.dir/Src/ethernetif.c.obj
 .text.low_level_init
                0x0800a158      0x120 CMakeFiles/code.elf.dir/Src/ethernetif.c.obj
 .text.HAL_ETH_MspInit
                0x0800a278       0xcc CMakeFiles/code.elf.dir/Src/ethernetif.c.obj
                0x0800a278                HAL_ETH_MspInit
 .text.HAL_ETH_RxCpltCallback
                0x0800a344       0x10 CMakeFiles/code.elf.dir/Src/ethernetif.c.obj
                0x0800a344                HAL_ETH_RxCpltCallback
 .text.ethernetif_init
                0x0800a354       0x48 CMakeFiles/code.elf.dir/Src/ethernetif.c.obj
                0x0800a354                ethernetif_init
 .text.sys_now  0x0800a39c        0x8 CMakeFiles/code.elf.dir/Src/ethernetif.c.obj
                0x0800a39c                sys_now
 .text.MX_LWIP_Init
                0x0800a3a4      0x118 CMakeFiles/code.elf.dir/Src/lwip.c.obj
                0x0800a3a4                MX_LWIP_Init
 .text.MX_GPIO_Init
                0x0800a4bc      0x14c CMakeFiles/code.elf.dir/Src/main.c.obj
 .text.StartDefaultTask
                0x0800a608        0xe CMakeFiles/code.elf.dir/Src/main.c.obj
                0x0800a608                StartDefaultTask
 *fill*         0x0800a616        0x2 
 .text.HAL_TIM_PeriodElapsedCallback
                0x0800a618       0x18 CMakeFiles/code.elf.dir/Src/main.c.obj
                0x0800a618                HAL_TIM_PeriodElapsedCallback
 .text._Error_Handler
                0x0800a630        0x2 CMakeFiles/code.elf.dir/Src/main.c.obj
                0x0800a630                _Error_Handler
 *fill*         0x0800a632        0x2 
 .text.SystemClock_Config
                0x0800a634       0xcc CMakeFiles/code.elf.dir/Src/main.c.obj
                0x0800a634                SystemClock_Config
 .text.main     0x0800a700       0x38 CMakeFiles/code.elf.dir/Src/main.c.obj
                0x0800a700                main
 .text.HAL_MspInit
                0x0800a738       0x90 CMakeFiles/code.elf.dir/Src/stm32f7xx_hal_msp.c.obj
                0x0800a738                HAL_MspInit
 .text.HAL_InitTick
                0x0800a7c8       0x7c CMakeFiles/code.elf.dir/Src/stm32f7xx_hal_timebase_TIM.c.obj
                0x0800a7c8                HAL_InitTick
 .text.NMI_Handler
                0x0800a844        0x2 CMakeFiles/code.elf.dir/Src/stm32f7xx_it.c.obj
                0x0800a844                NMI_Handler
 .text.HardFault_Handler
                0x0800a846        0x2 CMakeFiles/code.elf.dir/Src/stm32f7xx_it.c.obj
                0x0800a846                HardFault_Handler
 .text.MemManage_Handler
                0x0800a848        0x2 CMakeFiles/code.elf.dir/Src/stm32f7xx_it.c.obj
                0x0800a848                MemManage_Handler
 .text.BusFault_Handler
                0x0800a84a        0x2 CMakeFiles/code.elf.dir/Src/stm32f7xx_it.c.obj
                0x0800a84a                BusFault_Handler
 .text.UsageFault_Handler
                0x0800a84c        0x2 CMakeFiles/code.elf.dir/Src/stm32f7xx_it.c.obj
                0x0800a84c                UsageFault_Handler
 .text.DebugMon_Handler
                0x0800a84e        0x2 CMakeFiles/code.elf.dir/Src/stm32f7xx_it.c.obj
                0x0800a84e                DebugMon_Handler
 .text.SysTick_Handler
                0x0800a850        0x8 CMakeFiles/code.elf.dir/Src/stm32f7xx_it.c.obj
                0x0800a850                SysTick_Handler
 .text.TIM1_UP_TIM10_IRQHandler
                0x0800a858       0x10 CMakeFiles/code.elf.dir/Src/stm32f7xx_it.c.obj
                0x0800a858                TIM1_UP_TIM10_IRQHandler
 .text.ETH_IRQHandler
                0x0800a868       0x10 CMakeFiles/code.elf.dir/Src/stm32f7xx_it.c.obj
                0x0800a868                ETH_IRQHandler
 .text._sbrk    0x0800a878       0x48 CMakeFiles/code.elf.dir/Src/syscalls.c.obj
                0x0800a878                _sbrk
 .text._write   0x0800a8c0       0x1c CMakeFiles/code.elf.dir/Src/syscalls.c.obj
                0x0800a8c0                _write
 .text._close   0x0800a8dc        0x6 CMakeFiles/code.elf.dir/Src/syscalls.c.obj
                0x0800a8dc                _close
 .text._fstat   0x0800a8e2        0xa CMakeFiles/code.elf.dir/Src/syscalls.c.obj
                0x0800a8e2                _fstat
 .text._isatty  0x0800a8ec        0x4 CMakeFiles/code.elf.dir/Src/syscalls.c.obj
                0x0800a8ec                _isatty
 .text._lseek   0x0800a8f0        0x4 CMakeFiles/code.elf.dir/Src/syscalls.c.obj
                0x0800a8f0                _lseek
 .text._read    0x0800a8f4       0x1c CMakeFiles/code.elf.dir/Src/syscalls.c.obj
                0x0800a8f4                _read
 .text.SystemInit
                0x0800a910       0x50 CMakeFiles/code.elf.dir/Src/system_stm32f7xx.c.obj
                0x0800a910                SystemInit
 .text.Reset_Handler
                0x0800a960       0x50 CMakeFiles/code.elf.dir/startup/startup_stm32f767xx.s.obj
                0x0800a960                Reset_Handler
 .text.Default_Handler
                0x0800a9b0        0x2 CMakeFiles/code.elf.dir/startup/startup_stm32f767xx.s.obj
                0x0800a9b0                RTC_Alarm_IRQHandler
                0x0800a9b0                EXTI2_IRQHandler
                0x0800a9b0                TIM8_CC_IRQHandler
                0x0800a9b0                UART8_IRQHandler
                0x0800a9b0                SPI4_IRQHandler
                0x0800a9b0                TIM1_CC_IRQHandler
                0x0800a9b0                DMA2_Stream5_IRQHandler
                0x0800a9b0                JPEG_IRQHandler
                0x0800a9b0                DMA1_Stream5_IRQHandler
                0x0800a9b0                CAN3_RX1_IRQHandler
                0x0800a9b0                PVD_IRQHandler
                0x0800a9b0                TAMP_STAMP_IRQHandler
                0x0800a9b0                CAN2_RX1_IRQHandler
                0x0800a9b0                EXTI3_IRQHandler
                0x0800a9b0                TIM8_TRG_COM_TIM14_IRQHandler
                0x0800a9b0                DFSDM1_FLT1_IRQHandler
                0x0800a9b0                TIM8_UP_TIM13_IRQHandler
                0x0800a9b0                I2C3_ER_IRQHandler
                0x0800a9b0                DFSDM1_FLT2_IRQHandler
                0x0800a9b0                EXTI0_IRQHandler
                0x0800a9b0                I2C2_EV_IRQHandler
                0x0800a9b0                DMA1_Stream2_IRQHandler
                0x0800a9b0                CAN1_RX0_IRQHandler
                0x0800a9b0                FPU_IRQHandler
                0x0800a9b0                OTG_HS_WKUP_IRQHandler
                0x0800a9b0                CAN3_SCE_IRQHandler
                0x0800a9b0                LTDC_ER_IRQHandler
                0x0800a9b0                CAN2_SCE_IRQHandler
                0x0800a9b0                DMA2_Stream2_IRQHandler
                0x0800a9b0                SPI1_IRQHandler
                0x0800a9b0                TIM6_DAC_IRQHandler
                0x0800a9b0                TIM1_BRK_TIM9_IRQHandler
                0x0800a9b0                DCMI_IRQHandler
                0x0800a9b0                CAN2_RX0_IRQHandler
                0x0800a9b0                DMA2_Stream3_IRQHandler
                0x0800a9b0                SAI2_IRQHandler
                0x0800a9b0                DFSDM1_FLT3_IRQHandler
                0x0800a9b0                USART6_IRQHandler
                0x0800a9b0                CAN3_RX0_IRQHandler
                0x0800a9b0                USART3_IRQHandler
                0x0800a9b0                CAN1_RX1_IRQHandler
                0x0800a9b0                UART5_IRQHandler
                0x0800a9b0                DMA2_Stream0_IRQHandler
                0x0800a9b0                TIM4_IRQHandler
                0x0800a9b0                QUADSPI_IRQHandler
                0x0800a9b0                I2C1_EV_IRQHandler
                0x0800a9b0                DMA1_Stream6_IRQHandler
                0x0800a9b0                DMA1_Stream1_IRQHandler
                0x0800a9b0                UART4_IRQHandler
                0x0800a9b0                TIM3_IRQHandler
                0x0800a9b0                RCC_IRQHandler
                0x0800a9b0                TIM8_BRK_TIM12_IRQHandler
                0x0800a9b0                Default_Handler
                0x0800a9b0                CEC_IRQHandler
                0x0800a9b0                EXTI15_10_IRQHandler
                0x0800a9b0                ADC_IRQHandler
                0x0800a9b0                DMA1_Stream7_IRQHandler
                0x0800a9b0                SPI5_IRQHandler
                0x0800a9b0                TIM7_IRQHandler
                0x0800a9b0                SDMMC1_IRQHandler
                0x0800a9b0                CAN2_TX_IRQHandler
                0x0800a9b0                TIM5_IRQHandler
                0x0800a9b0                DMA2_Stream7_IRQHandler
                0x0800a9b0                I2C3_EV_IRQHandler
                0x0800a9b0                EXTI9_5_IRQHandler
                0x0800a9b0                RTC_WKUP_IRQHandler
                0x0800a9b0                LTDC_IRQHandler
                0x0800a9b0                ETH_WKUP_IRQHandler
                0x0800a9b0                SPDIF_RX_IRQHandler
                0x0800a9b0                SPI2_IRQHandler
                0x0800a9b0                OTG_HS_EP1_IN_IRQHandler
                0x0800a9b0                DMA1_Stream0_IRQHandler
                0x0800a9b0                CAN1_TX_IRQHandler
                0x0800a9b0                EXTI4_IRQHandler
                0x0800a9b0                RNG_IRQHandler
                0x0800a9b0                OTG_HS_EP1_OUT_IRQHandler
                0x0800a9b0                WWDG_IRQHandler
                0x0800a9b0                SPI6_IRQHandler
                0x0800a9b0                MDIOS_IRQHandler
                0x0800a9b0                I2C4_EV_IRQHandler
                0x0800a9b0                CAN3_TX_IRQHandler
                0x0800a9b0                TIM2_IRQHandler
                0x0800a9b0                OTG_FS_WKUP_IRQHandler
                0x0800a9b0                TIM1_TRG_COM_TIM11_IRQHandler
                0x0800a9b0                OTG_HS_IRQHandler
                0x0800a9b0                DMA2D_IRQHandler
                0x0800a9b0                EXTI1_IRQHandler
                0x0800a9b0                SDMMC2_IRQHandler
                0x0800a9b0                UART7_IRQHandler
                0x0800a9b0                USART2_IRQHandler
                0x0800a9b0                DFSDM1_FLT0_IRQHandler
                0x0800a9b0                I2C2_ER_IRQHandler
                0x0800a9b0                DMA2_Stream1_IRQHandler
                0x0800a9b0                CAN1_SCE_IRQHandler
                0x0800a9b0                FLASH_IRQHandler
                0x0800a9b0                DMA2_Stream4_IRQHandler
                0x0800a9b0                USART1_IRQHandler
                0x0800a9b0                OTG_FS_IRQHandler
                0x0800a9b0                SPI3_IRQHandler
                0x0800a9b0                DMA1_Stream4_IRQHandler
                0x0800a9b0                I2C1_ER_IRQHandler
                0x0800a9b0                FMC_IRQHandler
                0x0800a9b0                LPTIM1_IRQHandler
                0x0800a9b0                I2C4_ER_IRQHandler
                0x0800a9b0                DMA2_Stream6_IRQHandler
                0x0800a9b0                SAI1_IRQHandler
                0x0800a9b0                DMA1_Stream3_IRQHandler
 *fill*         0x0800a9b2        0x2 
 .text.__libc_init_array
                0x0800a9b4       0x48 s:/gnutoo~1/72018-~1/bin/../lib/gcc/arm-none-eabi/7.3.1/../../../../arm-none-eabi/lib/thumb/v7e-m/fpv4-sp/hard\libg.a(lib_a-init.o)
                0x0800a9b4                __libc_init_array
 .text.memcmp   0x0800a9fc       0x64 s:/gnutoo~1/72018-~1/bin/../lib/gcc/arm-none-eabi/7.3.1/../../../../arm-none-eabi/lib/thumb/v7e-m/fpv4-sp/hard\libg.a(lib_a-memcmp.o)
                0x0800a9fc                memcmp
 .text.memset   0x0800aa60       0x94 s:/gnutoo~1/72018-~1/bin/../lib/gcc/arm-none-eabi/7.3.1/../../../../arm-none-eabi/lib/thumb/v7e-m/fpv4-sp/hard\libg.a(lib_a-memset.o)
                0x0800aa60                memset
 .text.printf   0x0800aaf4       0x28 s:/gnutoo~1/72018-~1/bin/../lib/gcc/arm-none-eabi/7.3.1/../../../../arm-none-eabi/lib/thumb/v7e-m/fpv4-sp/hard\libg.a(lib_a-printf.o)
                0x0800aaf4                printf
 *fill*         0x0800ab1c        0x4 
 .text._vfprintf_r
                0x0800ab20     0x1a7c s:/gnutoo~1/72018-~1/bin/../lib/gcc/arm-none-eabi/7.3.1/../../../../arm-none-eabi/lib/thumb/v7e-m/fpv4-sp/hard\libg.a(lib_a-vfprintf.o)
                0x0800ab20                _vfprintf_r
 .text.__sbprintf
                0x0800c59c       0x84 s:/gnutoo~1/72018-~1/bin/../lib/gcc/arm-none-eabi/7.3.1/../../../../arm-none-eabi/lib/thumb/v7e-m/fpv4-sp/hard\libg.a(lib_a-vfprintf.o)
 .text.__swsetup_r
                0x0800c620       0xcc s:/gnutoo~1/72018-~1/bin/../lib/gcc/arm-none-eabi/7.3.1/../../../../arm-none-eabi/lib/thumb/v7e-m/fpv4-sp/hard\libg.a(lib_a-wsetup.o)
                0x0800c620                __swsetup_r
 .text.startup.register_fini
                0x0800c6ec       0x14 s:/gnutoo~1/72018-~1/bin/../lib/gcc/arm-none-eabi/7.3.1/../../../../arm-none-eabi/lib/thumb/v7e-m/fpv4-sp/hard\libg.a(lib_a-__call_atexit.o)
 .text.atexit   0x0800c700        0xc s:/gnutoo~1/72018-~1/bin/../lib/gcc/arm-none-eabi/7.3.1/../../../../arm-none-eabi/lib/thumb/v7e-m/fpv4-sp/hard\libg.a(lib_a-atexit.o)
                0x0800c700                atexit
 .text.quorem   0x0800c70c      0x124 s:/gnutoo~1/72018-~1/bin/../lib/gcc/arm-none-eabi/7.3.1/../../../../arm-none-eabi/lib/thumb/v7e-m/fpv4-sp/hard\libg.a(lib_a-dtoa.o)
 .text._dtoa_r  0x0800c830      0xe20 s:/gnutoo~1/72018-~1/bin/../lib/gcc/arm-none-eabi/7.3.1/../../../../arm-none-eabi/lib/thumb/v7e-m/fpv4-sp/hard\libg.a(lib_a-dtoa.o)
                0x0800c830                _dtoa_r
 .text.__sflush_r
                0x0800d650      0x154 s:/gnutoo~1/72018-~1/bin/../lib/gcc/arm-none-eabi/7.3.1/../../../../arm-none-eabi/lib/thumb/v7e-m/fpv4-sp/hard\libg.a(lib_a-fflush.o)
                0x0800d650                __sflush_r
 .text._fflush_r
                0x0800d7a4       0x5c s:/gnutoo~1/72018-~1/bin/../lib/gcc/arm-none-eabi/7.3.1/../../../../arm-none-eabi/lib/thumb/v7e-m/fpv4-sp/hard\libg.a(lib_a-fflush.o)
                0x0800d7a4                _fflush_r
 .text.std      0x0800d800       0x50 s:/gnutoo~1/72018-~1/bin/../lib/gcc/arm-none-eabi/7.3.1/../../../../arm-none-eabi/lib/thumb/v7e-m/fpv4-sp/hard\libg.a(lib_a-findfp.o)
 .text._cleanup_r
                0x0800d850        0xc s:/gnutoo~1/72018-~1/bin/../lib/gcc/arm-none-eabi/7.3.1/../../../../arm-none-eabi/lib/thumb/v7e-m/fpv4-sp/hard\libg.a(lib_a-findfp.o)
                0x0800d850                _cleanup_r
 .text.__sinit  0x0800d85c       0x58 s:/gnutoo~1/72018-~1/bin/../lib/gcc/arm-none-eabi/7.3.1/../../../../arm-none-eabi/lib/thumb/v7e-m/fpv4-sp/hard\libg.a(lib_a-findfp.o)
                0x0800d85c                __sinit
 .text.__sfp_lock_acquire
                0x0800d8b4        0xc s:/gnutoo~1/72018-~1/bin/../lib/gcc/arm-none-eabi/7.3.1/../../../../arm-none-eabi/lib/thumb/v7e-m/fpv4-sp/hard\libg.a(lib_a-findfp.o)
                0x0800d8b4                __sfp_lock_acquire
 .text.__sfp_lock_release
                0x0800d8c0        0xc s:/gnutoo~1/72018-~1/bin/../lib/gcc/arm-none-eabi/7.3.1/../../../../arm-none-eabi/lib/thumb/v7e-m/fpv4-sp/hard\libg.a(lib_a-findfp.o)
                0x0800d8c0                __sfp_lock_release
 .text.__libc_fini_array
                0x0800d8cc       0x34 s:/gnutoo~1/72018-~1/bin/../lib/gcc/arm-none-eabi/7.3.1/../../../../arm-none-eabi/lib/thumb/v7e-m/fpv4-sp/hard\libg.a(lib_a-fini.o)
                0x0800d8cc                __libc_fini_array
 .text._malloc_trim_r
                0x0800d900       0xa0 s:/gnutoo~1/72018-~1/bin/../lib/gcc/arm-none-eabi/7.3.1/../../../../arm-none-eabi/lib/thumb/v7e-m/fpv4-sp/hard\libg.a(lib_a-freer.o)
                0x0800d900                _malloc_trim_r
 .text._free_r  0x0800d9a0      0x1e8 s:/gnutoo~1/72018-~1/bin/../lib/gcc/arm-none-eabi/7.3.1/../../../../arm-none-eabi/lib/thumb/v7e-m/fpv4-sp/hard\libg.a(lib_a-freer.o)
                0x0800d9a0                _free_r
 .text._fwalk_reent
                0x0800db88       0x54 s:/gnutoo~1/72018-~1/bin/../lib/gcc/arm-none-eabi/7.3.1/../../../../arm-none-eabi/lib/thumb/v7e-m/fpv4-sp/hard\libg.a(lib_a-fwalk.o)
                0x0800db88                _fwalk_reent
 .text._localeconv_r
                0x0800dbdc       0x1c s:/gnutoo~1/72018-~1/bin/../lib/gcc/arm-none-eabi/7.3.1/../../../../arm-none-eabi/lib/thumb/v7e-m/fpv4-sp/hard\libg.a(lib_a-localeconv.o)
                0x0800dbdc                _localeconv_r
 .text.__retarget_lock_init_recursive
                0x0800dbf8        0x4 s:/gnutoo~1/72018-~1/bin/../lib/gcc/arm-none-eabi/7.3.1/../../../../arm-none-eabi/lib/thumb/v7e-m/fpv4-sp/hard\libg.a(lib_a-lock.o)
                0x0800dbf8                __retarget_lock_init_recursive
 .text.__retarget_lock_close_recursive
                0x0800dbfc        0x4 s:/gnutoo~1/72018-~1/bin/../lib/gcc/arm-none-eabi/7.3.1/../../../../arm-none-eabi/lib/thumb/v7e-m/fpv4-sp/hard\libg.a(lib_a-lock.o)
                0x0800dbfc                __retarget_lock_close_recursive
 .text.__retarget_lock_acquire_recursive
                0x0800dc00        0x4 s:/gnutoo~1/72018-~1/bin/../lib/gcc/arm-none-eabi/7.3.1/../../../../arm-none-eabi/lib/thumb/v7e-m/fpv4-sp/hard\libg.a(lib_a-lock.o)
                0x0800dc00                __retarget_lock_acquire_recursive
 .text.__retarget_lock_release_recursive
                0x0800dc04        0x4 s:/gnutoo~1/72018-~1/bin/../lib/gcc/arm-none-eabi/7.3.1/../../../../arm-none-eabi/lib/thumb/v7e-m/fpv4-sp/hard\libg.a(lib_a-lock.o)
                0x0800dc04                __retarget_lock_release_recursive
 .text.__swhatbuf_r
                0x0800dc08       0x5c s:/gnutoo~1/72018-~1/bin/../lib/gcc/arm-none-eabi/7.3.1/../../../../arm-none-eabi/lib/thumb/v7e-m/fpv4-sp/hard\libg.a(lib_a-makebuf.o)
                0x0800dc08                __swhatbuf_r
 .text.__smakebuf_r
                0x0800dc64       0x94 s:/gnutoo~1/72018-~1/bin/../lib/gcc/arm-none-eabi/7.3.1/../../../../arm-none-eabi/lib/thumb/v7e-m/fpv4-sp/hard\libg.a(lib_a-makebuf.o)
                0x0800dc64                __smakebuf_r
 .text._malloc_r
                0x0800dcf8      0x548 s:/gnutoo~1/72018-~1/bin/../lib/gcc/arm-none-eabi/7.3.1/../../../../arm-none-eabi/lib/thumb/v7e-m/fpv4-sp/hard\libg.a(lib_a-mallocr.o)
                0x0800dcf8                _malloc_r
 .text.__malloc_lock
                0x0800e240        0xc s:/gnutoo~1/72018-~1/bin/../lib/gcc/arm-none-eabi/7.3.1/../../../../arm-none-eabi/lib/thumb/v7e-m/fpv4-sp/hard\libg.a(lib_a-mlock.o)
                0x0800e240                __malloc_lock
 .text.__malloc_unlock
                0x0800e24c        0xc s:/gnutoo~1/72018-~1/bin/../lib/gcc/arm-none-eabi/7.3.1/../../../../arm-none-eabi/lib/thumb/v7e-m/fpv4-sp/hard\libg.a(lib_a-mlock.o)
                0x0800e24c                __malloc_unlock
 .text._Balloc  0x0800e258       0x4c s:/gnutoo~1/72018-~1/bin/../lib/gcc/arm-none-eabi/7.3.1/../../../../arm-none-eabi/lib/thumb/v7e-m/fpv4-sp/hard\libg.a(lib_a-mprec.o)
                0x0800e258                _Balloc
 .text._Bfree   0x0800e2a4       0x14 s:/gnutoo~1/72018-~1/bin/../lib/gcc/arm-none-eabi/7.3.1/../../../../arm-none-eabi/lib/thumb/v7e-m/fpv4-sp/hard\libg.a(lib_a-mprec.o)
                0x0800e2a4                _Bfree
 .text.__multadd
                0x0800e2b8       0x80 s:/gnutoo~1/72018-~1/bin/../lib/gcc/arm-none-eabi/7.3.1/../../../../arm-none-eabi/lib/thumb/v7e-m/fpv4-sp/hard\libg.a(lib_a-mprec.o)
                0x0800e2b8                __multadd
 .text.__hi0bits
                0x0800e338       0x40 s:/gnutoo~1/72018-~1/bin/../lib/gcc/arm-none-eabi/7.3.1/../../../../arm-none-eabi/lib/thumb/v7e-m/fpv4-sp/hard\libg.a(lib_a-mprec.o)
                0x0800e338                __hi0bits
 .text.__lo0bits
                0x0800e378       0x60 s:/gnutoo~1/72018-~1/bin/../lib/gcc/arm-none-eabi/7.3.1/../../../../arm-none-eabi/lib/thumb/v7e-m/fpv4-sp/hard\libg.a(lib_a-mprec.o)
                0x0800e378                __lo0bits
 .text.__i2b    0x0800e3d8       0x14 s:/gnutoo~1/72018-~1/bin/../lib/gcc/arm-none-eabi/7.3.1/../../../../arm-none-eabi/lib/thumb/v7e-m/fpv4-sp/hard\libg.a(lib_a-mprec.o)
                0x0800e3d8                __i2b
 .text.__multiply
                0x0800e3ec      0x14c s:/gnutoo~1/72018-~1/bin/../lib/gcc/arm-none-eabi/7.3.1/../../../../arm-none-eabi/lib/thumb/v7e-m/fpv4-sp/hard\libg.a(lib_a-mprec.o)
                0x0800e3ec                __multiply
 .text.__pow5mult
                0x0800e538       0xa0 s:/gnutoo~1/72018-~1/bin/../lib/gcc/arm-none-eabi/7.3.1/../../../../arm-none-eabi/lib/thumb/v7e-m/fpv4-sp/hard\libg.a(lib_a-mprec.o)
                0x0800e538                __pow5mult
 .text.__lshift
                0x0800e5d8       0xac s:/gnutoo~1/72018-~1/bin/../lib/gcc/arm-none-eabi/7.3.1/../../../../arm-none-eabi/lib/thumb/v7e-m/fpv4-sp/hard\libg.a(lib_a-mprec.o)
                0x0800e5d8                __lshift
 .text.__mcmp   0x0800e684       0x38 s:/gnutoo~1/72018-~1/bin/../lib/gcc/arm-none-eabi/7.3.1/../../../../arm-none-eabi/lib/thumb/v7e-m/fpv4-sp/hard\libg.a(lib_a-mprec.o)
                0x0800e684                __mcmp
 .text.__mdiff  0x0800e6bc       0xec s:/gnutoo~1/72018-~1/bin/../lib/gcc/arm-none-eabi/7.3.1/../../../../arm-none-eabi/lib/thumb/v7e-m/fpv4-sp/hard\libg.a(lib_a-mprec.o)
                0x0800e6bc                __mdiff
 .text.__d2b    0x0800e7a8       0xc4 s:/gnutoo~1/72018-~1/bin/../lib/gcc/arm-none-eabi/7.3.1/../../../../arm-none-eabi/lib/thumb/v7e-m/fpv4-sp/hard\libg.a(lib_a-mprec.o)
                0x0800e7a8                __d2b
 .text.frexp    0x0800e86c       0x68 s:/gnutoo~1/72018-~1/bin/../lib/gcc/arm-none-eabi/7.3.1/../../../../arm-none-eabi/lib/thumb/v7e-m/fpv4-sp/hard\libg.a(lib_a-s_frexp.o)
                0x0800e86c                frexp
 .text._sbrk_r  0x0800e8d4       0x24 s:/gnutoo~1/72018-~1/bin/../lib/gcc/arm-none-eabi/7.3.1/../../../../arm-none-eabi/lib/thumb/v7e-m/fpv4-sp/hard\libg.a(lib_a-sbrkr.o)
                0x0800e8d4                _sbrk_r
 .text.__sread  0x0800e8f8       0x24 s:/gnutoo~1/72018-~1/bin/../lib/gcc/arm-none-eabi/7.3.1/../../../../arm-none-eabi/lib/thumb/v7e-m/fpv4-sp/hard\libg.a(lib_a-stdio.o)
                0x0800e8f8                __sread
 .text.__swrite
                0x0800e91c       0x3c s:/gnutoo~1/72018-~1/bin/../lib/gcc/arm-none-eabi/7.3.1/../../../../arm-none-eabi/lib/thumb/v7e-m/fpv4-sp/hard\libg.a(lib_a-stdio.o)
                0x0800e91c                __swrite
 .text.__sseek  0x0800e958       0x20 s:/gnutoo~1/72018-~1/bin/../lib/gcc/arm-none-eabi/7.3.1/../../../../arm-none-eabi/lib/thumb/v7e-m/fpv4-sp/hard\libg.a(lib_a-stdio.o)
                0x0800e958                __sseek
 .text.__sclose
                0x0800e978        0x8 s:/gnutoo~1/72018-~1/bin/../lib/gcc/arm-none-eabi/7.3.1/../../../../arm-none-eabi/lib/thumb/v7e-m/fpv4-sp/hard\libg.a(lib_a-stdio.o)
                0x0800e978                __sclose
 .text.strncpy  0x0800e980       0x64 s:/gnutoo~1/72018-~1/bin/../lib/gcc/arm-none-eabi/7.3.1/../../../../arm-none-eabi/lib/thumb/v7e-m/fpv4-sp/hard\libg.a(lib_a-strncpy.o)
                0x0800e980                strncpy
 .text.__sprint_r.part.0
                0x0800e9e4       0x78 s:/gnutoo~1/72018-~1/bin/../lib/gcc/arm-none-eabi/7.3.1/../../../../arm-none-eabi/lib/thumb/v7e-m/fpv4-sp/hard\libg.a(lib_a-vfiprintf.o)
 .text.__sprint_r
                0x0800ea5c       0x14 s:/gnutoo~1/72018-~1/bin/../lib/gcc/arm-none-eabi/7.3.1/../../../../arm-none-eabi/lib/thumb/v7e-m/fpv4-sp/hard\libg.a(lib_a-vfiprintf.o)
                0x0800ea5c                __sprint_r
 .text._write_r
                0x0800ea70       0x2c s:/gnutoo~1/72018-~1/bin/../lib/gcc/arm-none-eabi/7.3.1/../../../../arm-none-eabi/lib/thumb/v7e-m/fpv4-sp/hard\libg.a(lib_a-writer.o)
                0x0800ea70                _write_r
 .text.__register_exitproc
                0x0800ea9c       0xc0 s:/gnutoo~1/72018-~1/bin/../lib/gcc/arm-none-eabi/7.3.1/../../../../arm-none-eabi/lib/thumb/v7e-m/fpv4-sp/hard\libg.a(lib_a-__atexit.o)
                0x0800ea9c                __register_exitproc
 .text._calloc_r
                0x0800eb5c       0x68 s:/gnutoo~1/72018-~1/bin/../lib/gcc/arm-none-eabi/7.3.1/../../../../arm-none-eabi/lib/thumb/v7e-m/fpv4-sp/hard\libg.a(lib_a-callocr.o)
                0x0800eb5c                _calloc_r
 .text._close_r
                0x0800ebc4       0x24 s:/gnutoo~1/72018-~1/bin/../lib/gcc/arm-none-eabi/7.3.1/../../../../arm-none-eabi/lib/thumb/v7e-m/fpv4-sp/hard\libg.a(lib_a-closer.o)
                0x0800ebc4                _close_r
 .text._fclose_r
                0x0800ebe8       0xd0 s:/gnutoo~1/72018-~1/bin/../lib/gcc/arm-none-eabi/7.3.1/../../../../arm-none-eabi/lib/thumb/v7e-m/fpv4-sp/hard\libg.a(lib_a-fclose.o)
                0x0800ebe8                _fclose_r
 .text.__fputwc
                0x0800ecb8       0xa0 s:/gnutoo~1/72018-~1/bin/../lib/gcc/arm-none-eabi/7.3.1/../../../../arm-none-eabi/lib/thumb/v7e-m/fpv4-sp/hard\libg.a(lib_a-fputwc.o)
                0x0800ecb8                __fputwc
 .text._fputwc_r
                0x0800ed58       0x64 s:/gnutoo~1/72018-~1/bin/../lib/gcc/arm-none-eabi/7.3.1/../../../../arm-none-eabi/lib/thumb/v7e-m/fpv4-sp/hard\libg.a(lib_a-fputwc.o)
                0x0800ed58                _fputwc_r
 .text._fstat_r
                0x0800edbc       0x28 s:/gnutoo~1/72018-~1/bin/../lib/gcc/arm-none-eabi/7.3.1/../../../../arm-none-eabi/lib/thumb/v7e-m/fpv4-sp/hard\libg.a(lib_a-fstatr.o)
                0x0800edbc                _fstat_r
 .text.__sfvwrite_r
                0x0800ede4      0x2fc s:/gnutoo~1/72018-~1/bin/../lib/gcc/arm-none-eabi/7.3.1/../../../../arm-none-eabi/lib/thumb/v7e-m/fpv4-sp/hard\libg.a(lib_a-fvwrite.o)
                0x0800ede4                __sfvwrite_r
 .text._isatty_r
                0x0800f0e0       0x24 s:/gnutoo~1/72018-~1/bin/../lib/gcc/arm-none-eabi/7.3.1/../../../../arm-none-eabi/lib/thumb/v7e-m/fpv4-sp/hard\libg.a(lib_a-isattyr.o)
                0x0800f0e0                _isatty_r
 .text.__locale_mb_cur_max
                0x0800f104       0x1c s:/gnutoo~1/72018-~1/bin/../lib/gcc/arm-none-eabi/7.3.1/../../../../arm-none-eabi/lib/thumb/v7e-m/fpv4-sp/hard\libg.a(lib_a-locale.o)
                0x0800f104                __locale_mb_cur_max
 .text._lseek_r
                0x0800f120       0x2c s:/gnutoo~1/72018-~1/bin/../lib/gcc/arm-none-eabi/7.3.1/../../../../arm-none-eabi/lib/thumb/v7e-m/fpv4-sp/hard\libg.a(lib_a-lseekr.o)
                0x0800f120                _lseek_r
 .text.__ascii_mbtowc
                0x0800f14c       0x2c s:/gnutoo~1/72018-~1/bin/../lib/gcc/arm-none-eabi/7.3.1/../../../../arm-none-eabi/lib/thumb/v7e-m/fpv4-sp/hard\libg.a(lib_a-mbtowc_r.o)
                0x0800f14c                __ascii_mbtowc
 .text.memmove  0x0800f178       0xc8 s:/gnutoo~1/72018-~1/bin/../lib/gcc/arm-none-eabi/7.3.1/../../../../arm-none-eabi/lib/thumb/v7e-m/fpv4-sp/hard\libg.a(lib_a-memmove.o)
                0x0800f178                memmove
 .text._read_r  0x0800f240       0x2c s:/gnutoo~1/72018-~1/bin/../lib/gcc/arm-none-eabi/7.3.1/../../../../arm-none-eabi/lib/thumb/v7e-m/fpv4-sp/hard\libg.a(lib_a-readr.o)
                0x0800f240                _read_r
 .text._realloc_r